2026-09-12 16:18:44,427 - INFO - ==================================================
2026-09-12 16:18:44,427 - INFO - Starting LAX Solver Training for [XJTU] - [3C]
2026-09-12 16:18:44,427 - INFO - Device: cuda | Epochs: 2000 | LR: 0.040000 | Mono Weight: 0.02560 | Center: PhI
2026-09-12 16:18:44,427 - INFO - ==================================================
2026-09-12 16:18:44,605 - INFO - Data Splits: Train=10, Val=2, Test=3
2026-09-12 16:18:44,793 - INFO - Epoch [   1/2000] LR: 0.004360 | Train Loss: 0.350855 (MSE: 0.35086, Mono: 0.00000) | Val MSE: 0.214271 (RMSE: 0.4629) [BEST]
2026-09-12 16:18:44,910 - INFO - Epoch [   2/2000] LR: 0.004720 | Train Loss: 0.103124 (MSE: 0.10312, Mono: 0.00000) | Val MSE: 0.005085 (RMSE: 0.0713) [BEST]
2026-09-12 16:18:45,142 - INFO - Epoch [   4/2000] LR: 0.005440 | Train Loss: 0.003930 (MSE: 0.00393, Mono: 0.00000) | Val MSE: 0.003619 (RMSE: 0.0602) [BEST]
2026-09-12 16:18:45,262 - INFO - Epoch [   5/2000] LR: 0.005800 | Train Loss: 0.002734 (MSE: 0.00273, Mono: 0.00000) | Val MSE: 0.000950 (RMSE: 0.0308) [BEST]
2026-09-12 16:18:45,395 - INFO - Epoch [   6/2000] LR: 0.006160 | Train Loss: 0.000700 (MSE: 0.00070, Mono: 0.00000) | Val MSE: 0.000404 (RMSE: 0.0201) [BEST]
2026-09-12 16:18:45,521 - INFO - Epoch [   7/2000] LR: 0.006520 | Train Loss: 0.000341 (MSE: 0.00034, Mono: 0.00000) | Val MSE: 0.000120 (RMSE: 0.0109) [BEST]
2026-09-12 16:18:45,736 - INFO - Epoch [   9/2000] LR: 0.007240 | Train Loss: 0.000233 (MSE: 0.00023, Mono: 0.00000) | Val MSE: 0.000103 (RMSE: 0.0102) [BEST]
2026-09-12 16:18:45,959 - INFO - Epoch [  10/2000] LR: 0.007600 | Train Loss: 0.000234 (MSE: 0.00023, Mono: 0.00000) | Val MSE: 0.000100 (RMSE: 0.0100) [BEST]
2026-09-12 16:18:46,080 - INFO - Epoch [  11/2000] LR: 0.007960 | Train Loss: 0.000176 (MSE: 0.00018, Mono: 0.00000) | Val MSE: 0.000069 (RMSE: 0.0083) [BEST]
2026-09-12 16:18:46,672 - INFO - Epoch [  16/2000] LR: 0.009760 | Train Loss: 0.000216 (MSE: 0.00022, Mono: 0.00000) | Val MSE: 0.000068 (RMSE: 0.0082) [BEST]
2026-09-12 16:18:47,148 - INFO - Epoch [  20/2000] LR: 0.011200 | Train Loss: 0.000211 (MSE: 0.00021, Mono: 0.00000) | Val MSE: 0.000086 (RMSE: 0.0093) 
2026-09-12 16:18:48,083 - INFO - Epoch [  28/2000] LR: 0.014080 | Train Loss: 0.000169 (MSE: 0.00017, Mono: 0.00000) | Val MSE: 0.000043 (RMSE: 0.0065) [BEST]
2026-09-12 16:18:48,393 - INFO - Epoch [  30/2000] LR: 0.014800 | Train Loss: 0.000157 (MSE: 0.00016, Mono: 0.00000) | Val MSE: 0.000187 (RMSE: 0.0137) 
2026-09-12 16:18:50,335 - INFO - Epoch [  40/2000] LR: 0.018400 | Train Loss: 0.000336 (MSE: 0.00034, Mono: 0.00000) | Val MSE: 0.000317 (RMSE: 0.0178) 
2026-09-12 16:18:51,753 - INFO - Epoch [  50/2000] LR: 0.022000 | Train Loss: 0.000183 (MSE: 0.00018, Mono: 0.00000) | Val MSE: 0.000500 (RMSE: 0.0224) 
2026-09-12 16:18:52,997 - INFO - Epoch [  60/2000] LR: 0.025600 | Train Loss: 0.000299 (MSE: 0.00030, Mono: 0.00000) | Val MSE: 0.000077 (RMSE: 0.0088) 
2026-09-12 16:18:54,018 - INFO - Epoch [  70/2000] LR: 0.029200 | Train Loss: 0.000338 (MSE: 0.00034, Mono: 0.00000) | Val MSE: 0.000136 (RMSE: 0.0117) 
2026-09-12 16:18:54,711 - INFO - [*] Early stopping triggered at epoch 78. Best epoch was 28 with Val MSE: 0.000043
2026-09-12 16:18:54,711 - INFO - Training completed in 10.10s. Loading best checkpoint from epoch 28 for final test evaluation...
2026-09-12 16:18:54,745 - INFO - ==================================================
2026-09-12 16:18:54,745 - INFO - Test Results for [XJTU] - [3C] (Best Epoch 28):
2026-09-12 16:18:54,745 - INFO -   Test RMSE: 0.012888
2026-09-12 16:18:54,745 - INFO -   Test MAE:  0.011758
2026-09-12 16:18:54,745 - INFO -   Test MAPE: 1.237693
2026-09-12 16:18:54,746 - INFO -   Test MSE:  0.000166
2026-09-12 16:18:54,746 - INFO - ==================================================
