2026-09-12 16:38:00,222 - INFO - ==================================================
2026-09-12 16:38:00,222 - INFO - Starting FusionMLP Training for [TJU] - [Dataset_3_NCM_NCA_battery]
2026-09-12 16:38:00,222 - INFO - Device: cuda | Epochs: 2000 | LR: 0.006457 | Mono Weight: 0.0180 | Knee Feature: True
2026-09-12 16:38:00,222 - INFO - ==================================================
2026-09-12 16:38:00,315 - INFO - Data Splits: Train=6, Val=1, Test=2
2026-09-12 16:38:00,393 - INFO - Epoch [   1/2000] LR: 0.006457 | Train Loss: 0.329671 (Data: 0.32967, Mono: 0.00004) | Val MSE: 0.006848 (RMSE: 0.0828) [BEST]
2026-09-12 16:38:00,715 - INFO - Epoch [   7/2000] LR: 0.006457 | Train Loss: 0.043059 (Data: 0.04306, Mono: 0.00005) | Val MSE: 0.004658 (RMSE: 0.0683) [BEST]
2026-09-12 16:38:00,824 - INFO - Epoch [   9/2000] LR: 0.006457 | Train Loss: 0.036651 (Data: 0.03665, Mono: 0.00004) | Val MSE: 0.003465 (RMSE: 0.0589) [BEST]
2026-09-12 16:38:00,878 - INFO - Epoch [  10/2000] LR: 0.006457 | Train Loss: 0.033291 (Data: 0.03329, Mono: 0.00004) | Val MSE: 0.003009 (RMSE: 0.0549) [BEST]
2026-09-12 16:38:01,031 - INFO - Epoch [  13/2000] LR: 0.006457 | Train Loss: 0.026717 (Data: 0.02672, Mono: 0.00004) | Val MSE: 0.002763 (RMSE: 0.0526) [BEST]
2026-09-12 16:38:01,084 - INFO - Epoch [  14/2000] LR: 0.006457 | Train Loss: 0.025237 (Data: 0.02524, Mono: 0.00004) | Val MSE: 0.002597 (RMSE: 0.0510) [BEST]
2026-09-12 16:38:01,252 - INFO - Epoch [  17/2000] LR: 0.006457 | Train Loss: 0.021745 (Data: 0.02174, Mono: 0.00004) | Val MSE: 0.002222 (RMSE: 0.0471) [BEST]
2026-09-12 16:38:01,305 - INFO - Epoch [  18/2000] LR: 0.006457 | Train Loss: 0.019967 (Data: 0.01997, Mono: 0.00003) | Val MSE: 0.002214 (RMSE: 0.0471) [BEST]
2026-09-12 16:38:01,409 - INFO - Epoch [  20/2000] LR: 0.006457 | Train Loss: 0.018107 (Data: 0.01811, Mono: 0.00003) | Val MSE: 0.002290 (RMSE: 0.0479) 
2026-09-12 16:38:01,462 - INFO - Epoch [  21/2000] LR: 0.006457 | Train Loss: 0.016780 (Data: 0.01678, Mono: 0.00003) | Val MSE: 0.002161 (RMSE: 0.0465) [BEST]
2026-09-12 16:38:01,568 - INFO - Epoch [  23/2000] LR: 0.006457 | Train Loss: 0.015386 (Data: 0.01539, Mono: 0.00003) | Val MSE: 0.002094 (RMSE: 0.0458) [BEST]
2026-09-12 16:38:01,623 - INFO - Epoch [  24/2000] LR: 0.006457 | Train Loss: 0.014279 (Data: 0.01428, Mono: 0.00003) | Val MSE: 0.002089 (RMSE: 0.0457) [BEST]
2026-09-12 16:38:01,727 - INFO - Epoch [  26/2000] LR: 0.006457 | Train Loss: 0.013170 (Data: 0.01317, Mono: 0.00003) | Val MSE: 0.001936 (RMSE: 0.0440) [BEST]
2026-09-12 16:38:01,886 - INFO - Epoch [  29/2000] LR: 0.006457 | Train Loss: 0.011604 (Data: 0.01160, Mono: 0.00003) | Val MSE: 0.001933 (RMSE: 0.0440) [BEST]
2026-09-12 16:38:01,938 - INFO - Epoch [  30/2000] LR: 0.006457 | Train Loss: 0.011235 (Data: 0.01123, Mono: 0.00002) | Val MSE: 0.001978 (RMSE: 0.0445) 
2026-09-12 16:38:02,444 - INFO - Epoch [  40/2000] LR: 0.006457 | Train Loss: 0.008470 (Data: 0.00847, Mono: 0.00002) | Val MSE: 0.002005 (RMSE: 0.0448) 
2026-09-12 16:38:02,994 - INFO - Epoch [  50/2000] LR: 0.006457 | Train Loss: 0.006605 (Data: 0.00660, Mono: 0.00002) | Val MSE: 0.002039 (RMSE: 0.0452) 
2026-09-12 16:38:03,524 - INFO - Epoch [  60/2000] LR: 0.006456 | Train Loss: 0.005460 (Data: 0.00546, Mono: 0.00001) | Val MSE: 0.001891 (RMSE: 0.0435) [BEST]
2026-09-12 16:38:03,748 - INFO - Epoch [  64/2000] LR: 0.006456 | Train Loss: 0.005037 (Data: 0.00504, Mono: 0.00001) | Val MSE: 0.001837 (RMSE: 0.0429) [BEST]
2026-09-12 16:38:03,811 - INFO - Epoch [  65/2000] LR: 0.006456 | Train Loss: 0.005129 (Data: 0.00513, Mono: 0.00001) | Val MSE: 0.001830 (RMSE: 0.0428) [BEST]
2026-09-12 16:38:03,869 - INFO - Epoch [  66/2000] LR: 0.006455 | Train Loss: 0.004962 (Data: 0.00496, Mono: 0.00001) | Val MSE: 0.001823 (RMSE: 0.0427) [BEST]
2026-09-12 16:38:03,927 - INFO - Epoch [  67/2000] LR: 0.006455 | Train Loss: 0.004910 (Data: 0.00491, Mono: 0.00001) | Val MSE: 0.001798 (RMSE: 0.0424) [BEST]
2026-09-12 16:38:03,983 - INFO - Epoch [  68/2000] LR: 0.006455 | Train Loss: 0.004797 (Data: 0.00480, Mono: 0.00001) | Val MSE: 0.001777 (RMSE: 0.0422) [BEST]
2026-09-12 16:38:04,036 - INFO - Epoch [  69/2000] LR: 0.006455 | Train Loss: 0.004774 (Data: 0.00477, Mono: 0.00001) | Val MSE: 0.001715 (RMSE: 0.0414) [BEST]
2026-09-12 16:38:04,090 - INFO - Epoch [  70/2000] LR: 0.006455 | Train Loss: 0.004599 (Data: 0.00460, Mono: 0.00001) | Val MSE: 0.001721 (RMSE: 0.0415) 
2026-09-12 16:38:04,195 - INFO - Epoch [  72/2000] LR: 0.006454 | Train Loss: 0.004576 (Data: 0.00458, Mono: 0.00001) | Val MSE: 0.001710 (RMSE: 0.0414) [BEST]
2026-09-12 16:38:04,249 - INFO - Epoch [  73/2000] LR: 0.006454 | Train Loss: 0.004290 (Data: 0.00429, Mono: 0.00001) | Val MSE: 0.001681 (RMSE: 0.0410) [BEST]
2026-09-12 16:38:04,301 - INFO - Epoch [  74/2000] LR: 0.006454 | Train Loss: 0.004454 (Data: 0.00445, Mono: 0.00001) | Val MSE: 0.001652 (RMSE: 0.0406) [BEST]
2026-09-12 16:38:04,358 - INFO - Epoch [  75/2000] LR: 0.006454 | Train Loss: 0.004162 (Data: 0.00416, Mono: 0.00001) | Val MSE: 0.001630 (RMSE: 0.0404) [BEST]
2026-09-12 16:38:04,462 - INFO - Epoch [  77/2000] LR: 0.006453 | Train Loss: 0.004088 (Data: 0.00409, Mono: 0.00001) | Val MSE: 0.001597 (RMSE: 0.0400) [BEST]
2026-09-12 16:38:04,518 - INFO - Epoch [  78/2000] LR: 0.006453 | Train Loss: 0.004021 (Data: 0.00402, Mono: 0.00001) | Val MSE: 0.001567 (RMSE: 0.0396) [BEST]
2026-09-12 16:38:04,571 - INFO - Epoch [  79/2000] LR: 0.006453 | Train Loss: 0.004092 (Data: 0.00409, Mono: 0.00001) | Val MSE: 0.001529 (RMSE: 0.0391) [BEST]
2026-09-12 16:38:04,628 - INFO - Epoch [  80/2000] LR: 0.006453 | Train Loss: 0.003974 (Data: 0.00397, Mono: 0.00001) | Val MSE: 0.001476 (RMSE: 0.0384) [BEST]
2026-09-12 16:38:04,843 - INFO - Epoch [  84/2000] LR: 0.006452 | Train Loss: 0.003657 (Data: 0.00366, Mono: 0.00001) | Val MSE: 0.001367 (RMSE: 0.0370) [BEST]
2026-09-12 16:38:04,897 - INFO - Epoch [  85/2000] LR: 0.006451 | Train Loss: 0.003566 (Data: 0.00357, Mono: 0.00001) | Val MSE: 0.001329 (RMSE: 0.0365) [BEST]
2026-09-12 16:38:04,954 - INFO - Epoch [  86/2000] LR: 0.006451 | Train Loss: 0.003584 (Data: 0.00358, Mono: 0.00001) | Val MSE: 0.001295 (RMSE: 0.0360) [BEST]
2026-09-12 16:38:05,063 - INFO - Epoch [  88/2000] LR: 0.006450 | Train Loss: 0.003420 (Data: 0.00342, Mono: 0.00001) | Val MSE: 0.001241 (RMSE: 0.0352) [BEST]
2026-09-12 16:38:05,118 - INFO - Epoch [  89/2000] LR: 0.006450 | Train Loss: 0.003177 (Data: 0.00318, Mono: 0.00001) | Val MSE: 0.001201 (RMSE: 0.0347) [BEST]
2026-09-12 16:38:05,173 - INFO - Epoch [  90/2000] LR: 0.006450 | Train Loss: 0.003194 (Data: 0.00319, Mono: 0.00001) | Val MSE: 0.001143 (RMSE: 0.0338) [BEST]
2026-09-12 16:38:05,228 - INFO - Epoch [  91/2000] LR: 0.006450 | Train Loss: 0.003186 (Data: 0.00319, Mono: 0.00001) | Val MSE: 0.001132 (RMSE: 0.0336) [BEST]
2026-09-12 16:38:05,281 - INFO - Epoch [  92/2000] LR: 0.006449 | Train Loss: 0.003168 (Data: 0.00317, Mono: 0.00001) | Val MSE: 0.001093 (RMSE: 0.0331) [BEST]
2026-09-12 16:38:05,337 - INFO - Epoch [  93/2000] LR: 0.006449 | Train Loss: 0.003030 (Data: 0.00303, Mono: 0.00001) | Val MSE: 0.001043 (RMSE: 0.0323) [BEST]
2026-09-12 16:38:05,445 - INFO - Epoch [  95/2000] LR: 0.006448 | Train Loss: 0.002913 (Data: 0.00291, Mono: 0.00001) | Val MSE: 0.000996 (RMSE: 0.0316) [BEST]
2026-09-12 16:38:05,516 - INFO - Epoch [  96/2000] LR: 0.006448 | Train Loss: 0.002858 (Data: 0.00286, Mono: 0.00001) | Val MSE: 0.000967 (RMSE: 0.0311) [BEST]
2026-09-12 16:38:05,571 - INFO - Epoch [  97/2000] LR: 0.006447 | Train Loss: 0.002813 (Data: 0.00281, Mono: 0.00001) | Val MSE: 0.000903 (RMSE: 0.0300) [BEST]
2026-09-12 16:38:05,679 - INFO - Epoch [  99/2000] LR: 0.006446 | Train Loss: 0.002632 (Data: 0.00263, Mono: 0.00001) | Val MSE: 0.000819 (RMSE: 0.0286) [BEST]
2026-09-12 16:38:05,733 - INFO - Epoch [ 100/2000] LR: 0.006446 | Train Loss: 0.002453 (Data: 0.00245, Mono: 0.00001) | Val MSE: 0.000895 (RMSE: 0.0299) 
2026-09-12 16:38:05,794 - INFO - Epoch [ 101/2000] LR: 0.006446 | Train Loss: 0.002416 (Data: 0.00242, Mono: 0.00001) | Val MSE: 0.000747 (RMSE: 0.0273) [BEST]
2026-09-12 16:38:05,853 - INFO - Epoch [ 102/2000] LR: 0.006445 | Train Loss: 0.002408 (Data: 0.00241, Mono: 0.00001) | Val MSE: 0.000713 (RMSE: 0.0267) [BEST]
2026-09-12 16:38:05,961 - INFO - Epoch [ 104/2000] LR: 0.006444 | Train Loss: 0.002250 (Data: 0.00225, Mono: 0.00001) | Val MSE: 0.000619 (RMSE: 0.0249) [BEST]
2026-09-12 16:38:06,069 - INFO - Epoch [ 106/2000] LR: 0.006443 | Train Loss: 0.002099 (Data: 0.00210, Mono: 0.00001) | Val MSE: 0.000585 (RMSE: 0.0242) [BEST]
2026-09-12 16:38:06,120 - INFO - Epoch [ 107/2000] LR: 0.006443 | Train Loss: 0.002004 (Data: 0.00200, Mono: 0.00001) | Val MSE: 0.000539 (RMSE: 0.0232) [BEST]
2026-09-12 16:38:06,226 - INFO - Epoch [ 109/2000] LR: 0.006442 | Train Loss: 0.002106 (Data: 0.00211, Mono: 0.00001) | Val MSE: 0.000522 (RMSE: 0.0228) [BEST]
2026-09-12 16:38:06,283 - INFO - Epoch [ 110/2000] LR: 0.006441 | Train Loss: 0.001970 (Data: 0.00197, Mono: 0.00001) | Val MSE: 0.000492 (RMSE: 0.0222) [BEST]
2026-09-12 16:38:06,337 - INFO - Epoch [ 111/2000] LR: 0.006441 | Train Loss: 0.001769 (Data: 0.00177, Mono: 0.00001) | Val MSE: 0.000443 (RMSE: 0.0211) [BEST]
2026-09-12 16:38:06,391 - INFO - Epoch [ 112/2000] LR: 0.006440 | Train Loss: 0.001776 (Data: 0.00178, Mono: 0.00001) | Val MSE: 0.000441 (RMSE: 0.0210) [BEST]
2026-09-12 16:38:06,449 - INFO - Epoch [ 113/2000] LR: 0.006440 | Train Loss: 0.001598 (Data: 0.00160, Mono: 0.00001) | Val MSE: 0.000340 (RMSE: 0.0184) [BEST]
2026-09-12 16:38:06,605 - INFO - Epoch [ 116/2000] LR: 0.006438 | Train Loss: 0.001526 (Data: 0.00153, Mono: 0.00001) | Val MSE: 0.000306 (RMSE: 0.0175) [BEST]
2026-09-12 16:38:06,723 - INFO - Epoch [ 118/2000] LR: 0.006437 | Train Loss: 0.001619 (Data: 0.00162, Mono: 0.00001) | Val MSE: 0.000260 (RMSE: 0.0161) [BEST]
2026-09-12 16:38:06,778 - INFO - Epoch [ 119/2000] LR: 0.006437 | Train Loss: 0.001439 (Data: 0.00144, Mono: 0.00001) | Val MSE: 0.000221 (RMSE: 0.0149) [BEST]
2026-09-12 16:38:06,832 - INFO - Epoch [ 120/2000] LR: 0.006436 | Train Loss: 0.001509 (Data: 0.00151, Mono: 0.00001) | Val MSE: 0.000291 (RMSE: 0.0170) 
2026-09-12 16:38:06,937 - INFO - Epoch [ 122/2000] LR: 0.006435 | Train Loss: 0.001643 (Data: 0.00164, Mono: 0.00001) | Val MSE: 0.000204 (RMSE: 0.0143) [BEST]
2026-09-12 16:38:07,096 - INFO - Epoch [ 125/2000] LR: 0.006433 | Train Loss: 0.001347 (Data: 0.00135, Mono: 0.00001) | Val MSE: 0.000174 (RMSE: 0.0132) [BEST]
2026-09-12 16:38:07,201 - INFO - Epoch [ 127/2000] LR: 0.006432 | Train Loss: 0.001284 (Data: 0.00128, Mono: 0.00001) | Val MSE: 0.000150 (RMSE: 0.0123) [BEST]
2026-09-12 16:38:07,360 - INFO - Epoch [ 130/2000] LR: 0.006430 | Train Loss: 0.001255 (Data: 0.00125, Mono: 0.00001) | Val MSE: 0.000149 (RMSE: 0.0122) [BEST]
2026-09-12 16:38:07,468 - INFO - Epoch [ 132/2000] LR: 0.006428 | Train Loss: 0.001205 (Data: 0.00120, Mono: 0.00001) | Val MSE: 0.000145 (RMSE: 0.0121) [BEST]
2026-09-12 16:38:07,628 - INFO - Epoch [ 135/2000] LR: 0.006426 | Train Loss: 0.001183 (Data: 0.00118, Mono: 0.00001) | Val MSE: 0.000120 (RMSE: 0.0110) [BEST]
2026-09-12 16:38:07,841 - INFO - Epoch [ 139/2000] LR: 0.006423 | Train Loss: 0.001025 (Data: 0.00103, Mono: 0.00001) | Val MSE: 0.000110 (RMSE: 0.0105) [BEST]
2026-09-12 16:38:07,893 - INFO - Epoch [ 140/2000] LR: 0.006423 | Train Loss: 0.001016 (Data: 0.00102, Mono: 0.00001) | Val MSE: 0.000190 (RMSE: 0.0138) 
2026-09-12 16:38:07,947 - INFO - Epoch [ 141/2000] LR: 0.006422 | Train Loss: 0.001014 (Data: 0.00101, Mono: 0.00001) | Val MSE: 0.000108 (RMSE: 0.0104) [BEST]
2026-09-12 16:38:08,056 - INFO - Epoch [ 143/2000] LR: 0.006420 | Train Loss: 0.000993 (Data: 0.00099, Mono: 0.00001) | Val MSE: 0.000106 (RMSE: 0.0103) [BEST]
2026-09-12 16:38:08,163 - INFO - Epoch [ 145/2000] LR: 0.006419 | Train Loss: 0.001005 (Data: 0.00101, Mono: 0.00001) | Val MSE: 0.000104 (RMSE: 0.0102) [BEST]
2026-09-12 16:38:08,288 - INFO - Epoch [ 147/2000] LR: 0.006417 | Train Loss: 0.000930 (Data: 0.00093, Mono: 0.00001) | Val MSE: 0.000090 (RMSE: 0.0095) [BEST]
2026-09-12 16:38:08,395 - INFO - Epoch [ 149/2000] LR: 0.006416 | Train Loss: 0.000893 (Data: 0.00089, Mono: 0.00001) | Val MSE: 0.000084 (RMSE: 0.0091) [BEST]
2026-09-12 16:38:08,448 - INFO - Epoch [ 150/2000] LR: 0.006415 | Train Loss: 0.000900 (Data: 0.00090, Mono: 0.00001) | Val MSE: 0.000157 (RMSE: 0.0125) 
2026-09-12 16:38:08,969 - INFO - Epoch [ 160/2000] LR: 0.006406 | Train Loss: 0.000808 (Data: 0.00081, Mono: 0.00001) | Val MSE: 0.000133 (RMSE: 0.0115) 
2026-09-12 16:38:09,448 - INFO - Epoch [ 169/2000] LR: 0.006398 | Train Loss: 0.000726 (Data: 0.00073, Mono: 0.00001) | Val MSE: 0.000077 (RMSE: 0.0088) [BEST]
2026-09-12 16:38:09,501 - INFO - Epoch [ 170/2000] LR: 0.006397 | Train Loss: 0.000746 (Data: 0.00075, Mono: 0.00001) | Val MSE: 0.000083 (RMSE: 0.0091) 
2026-09-12 16:38:09,657 - INFO - Epoch [ 173/2000] LR: 0.006394 | Train Loss: 0.000934 (Data: 0.00093, Mono: 0.00001) | Val MSE: 0.000075 (RMSE: 0.0086) [BEST]
2026-09-12 16:38:10,019 - INFO - Epoch [ 180/2000] LR: 0.006386 | Train Loss: 0.000776 (Data: 0.00078, Mono: 0.00001) | Val MSE: 0.000169 (RMSE: 0.0130) 
2026-09-12 16:38:10,540 - INFO - Epoch [ 190/2000] LR: 0.006375 | Train Loss: 0.000627 (Data: 0.00063, Mono: 0.00001) | Val MSE: 0.000123 (RMSE: 0.0111) 
2026-09-12 16:38:10,860 - INFO - Epoch [ 196/2000] LR: 0.006368 | Train Loss: 0.000637 (Data: 0.00064, Mono: 0.00001) | Val MSE: 0.000069 (RMSE: 0.0083) [BEST]
2026-09-12 16:38:11,066 - INFO - Epoch [ 200/2000] LR: 0.006363 | Train Loss: 0.000771 (Data: 0.00077, Mono: 0.00000) | Val MSE: 0.000480 (RMSE: 0.0219) 
2026-09-12 16:38:11,478 - INFO - Epoch [ 208/2000] LR: 0.006353 | Train Loss: 0.000679 (Data: 0.00068, Mono: 0.00000) | Val MSE: 0.000069 (RMSE: 0.0083) [BEST]
2026-09-12 16:38:11,534 - INFO - Epoch [ 209/2000] LR: 0.006352 | Train Loss: 0.000673 (Data: 0.00067, Mono: 0.00000) | Val MSE: 0.000068 (RMSE: 0.0083) [BEST]
2026-09-12 16:38:11,586 - INFO - Epoch [ 210/2000] LR: 0.006350 | Train Loss: 0.000743 (Data: 0.00074, Mono: 0.00000) | Val MSE: 0.000157 (RMSE: 0.0125) 
2026-09-12 16:38:11,798 - INFO - Epoch [ 214/2000] LR: 0.006345 | Train Loss: 0.000584 (Data: 0.00058, Mono: 0.00000) | Val MSE: 0.000061 (RMSE: 0.0078) [BEST]
2026-09-12 16:38:12,109 - INFO - Epoch [ 220/2000] LR: 0.006337 | Train Loss: 0.000577 (Data: 0.00058, Mono: 0.00000) | Val MSE: 0.000180 (RMSE: 0.0134) 
2026-09-12 16:38:12,315 - INFO - Epoch [ 224/2000] LR: 0.006331 | Train Loss: 0.000609 (Data: 0.00061, Mono: 0.00000) | Val MSE: 0.000060 (RMSE: 0.0078) [BEST]
2026-09-12 16:38:12,472 - INFO - Epoch [ 227/2000] LR: 0.006327 | Train Loss: 0.000650 (Data: 0.00065, Mono: 0.00000) | Val MSE: 0.000059 (RMSE: 0.0077) [BEST]
2026-09-12 16:38:12,628 - INFO - Epoch [ 230/2000] LR: 0.006322 | Train Loss: 0.000578 (Data: 0.00058, Mono: 0.00000) | Val MSE: 0.000299 (RMSE: 0.0173) 
2026-09-12 16:38:13,143 - INFO - Epoch [ 240/2000] LR: 0.006307 | Train Loss: 0.000848 (Data: 0.00085, Mono: 0.00000) | Val MSE: 0.000270 (RMSE: 0.0164) 
2026-09-12 16:38:13,677 - INFO - Epoch [ 250/2000] LR: 0.006291 | Train Loss: 0.000545 (Data: 0.00054, Mono: 0.00000) | Val MSE: 0.000311 (RMSE: 0.0176) 
2026-09-12 16:38:13,920 - INFO - Epoch [ 254/2000] LR: 0.006284 | Train Loss: 0.000527 (Data: 0.00053, Mono: 0.00000) | Val MSE: 0.000053 (RMSE: 0.0073) [BEST]
2026-09-12 16:38:14,234 - INFO - Epoch [ 260/2000] LR: 0.006274 | Train Loss: 0.000536 (Data: 0.00054, Mono: 0.00000) | Val MSE: 0.000300 (RMSE: 0.0173) 
2026-09-12 16:38:14,288 - INFO - Epoch [ 261/2000] LR: 0.006272 | Train Loss: 0.000530 (Data: 0.00053, Mono: 0.00000) | Val MSE: 0.000049 (RMSE: 0.0070) [BEST]
2026-09-12 16:38:14,599 - INFO - Epoch [ 267/2000] LR: 0.006262 | Train Loss: 0.000494 (Data: 0.00049, Mono: 0.00000) | Val MSE: 0.000048 (RMSE: 0.0069) [BEST]
2026-09-12 16:38:14,755 - INFO - Epoch [ 270/2000] LR: 0.006257 | Train Loss: 0.000504 (Data: 0.00050, Mono: 0.00000) | Val MSE: 0.000046 (RMSE: 0.0068) [BEST]
2026-09-12 16:38:15,275 - INFO - Epoch [ 280/2000] LR: 0.006238 | Train Loss: 0.000519 (Data: 0.00052, Mono: 0.00000) | Val MSE: 0.000064 (RMSE: 0.0080) 
2026-09-12 16:38:15,798 - INFO - Epoch [ 290/2000] LR: 0.006219 | Train Loss: 0.000523 (Data: 0.00052, Mono: 0.00000) | Val MSE: 0.000072 (RMSE: 0.0085) 
2026-09-12 16:38:15,959 - INFO - Epoch [ 293/2000] LR: 0.006213 | Train Loss: 0.000521 (Data: 0.00052, Mono: 0.00000) | Val MSE: 0.000045 (RMSE: 0.0067) [BEST]
2026-09-12 16:38:16,323 - INFO - Epoch [ 300/2000] LR: 0.006199 | Train Loss: 0.000607 (Data: 0.00061, Mono: 0.00000) | Val MSE: 0.000300 (RMSE: 0.0173) 
2026-09-12 16:38:16,839 - INFO - Epoch [ 310/2000] LR: 0.006178 | Train Loss: 0.000526 (Data: 0.00053, Mono: 0.00000) | Val MSE: 0.000308 (RMSE: 0.0176) 
2026-09-12 16:38:17,352 - INFO - Epoch [ 320/2000] LR: 0.006157 | Train Loss: 0.000609 (Data: 0.00061, Mono: 0.00000) | Val MSE: 0.000216 (RMSE: 0.0147) 
2026-09-12 16:38:17,668 - INFO - Epoch [ 326/2000] LR: 0.006144 | Train Loss: 0.000476 (Data: 0.00048, Mono: 0.00000) | Val MSE: 0.000045 (RMSE: 0.0067) [BEST]
2026-09-12 16:38:17,877 - INFO - Epoch [ 330/2000] LR: 0.006135 | Train Loss: 0.000523 (Data: 0.00052, Mono: 0.00000) | Val MSE: 0.000076 (RMSE: 0.0087) 
2026-09-12 16:38:18,041 - INFO - Epoch [ 333/2000] LR: 0.006128 | Train Loss: 0.000553 (Data: 0.00055, Mono: 0.00000) | Val MSE: 0.000043 (RMSE: 0.0065) [BEST]
2026-09-12 16:38:18,434 - INFO - Epoch [ 340/2000] LR: 0.006112 | Train Loss: 0.000536 (Data: 0.00054, Mono: 0.00000) | Val MSE: 0.000071 (RMSE: 0.0084) 
2026-09-12 16:38:18,993 - INFO - Epoch [ 350/2000] LR: 0.006088 | Train Loss: 0.000535 (Data: 0.00053, Mono: 0.00000) | Val MSE: 0.000062 (RMSE: 0.0079) 
2026-09-12 16:38:19,549 - INFO - Epoch [ 360/2000] LR: 0.006063 | Train Loss: 0.000661 (Data: 0.00066, Mono: 0.00000) | Val MSE: 0.000061 (RMSE: 0.0078) 
2026-09-12 16:38:20,111 - INFO - Epoch [ 370/2000] LR: 0.006038 | Train Loss: 0.000446 (Data: 0.00045, Mono: 0.00000) | Val MSE: 0.000062 (RMSE: 0.0079) 
2026-09-12 16:38:20,657 - INFO - Epoch [ 380/2000] LR: 0.006012 | Train Loss: 0.000650 (Data: 0.00065, Mono: 0.00000) | Val MSE: 0.000168 (RMSE: 0.0130) 
2026-09-12 16:38:21,215 - INFO - Epoch [ 390/2000] LR: 0.005986 | Train Loss: 0.000592 (Data: 0.00059, Mono: 0.00000) | Val MSE: 0.000581 (RMSE: 0.0241) 
2026-09-12 16:38:21,653 - INFO - Epoch [ 398/2000] LR: 0.005964 | Train Loss: 0.000456 (Data: 0.00046, Mono: 0.00000) | Val MSE: 0.000040 (RMSE: 0.0063) [BEST]
2026-09-12 16:38:21,765 - INFO - Epoch [ 400/2000] LR: 0.005958 | Train Loss: 0.000446 (Data: 0.00045, Mono: 0.00000) | Val MSE: 0.000140 (RMSE: 0.0118) 
2026-09-12 16:38:22,307 - INFO - Epoch [ 410/2000] LR: 0.005930 | Train Loss: 0.000477 (Data: 0.00048, Mono: 0.00000) | Val MSE: 0.000041 (RMSE: 0.0064) 
2026-09-12 16:38:22,847 - INFO - Epoch [ 420/2000] LR: 0.005902 | Train Loss: 0.000665 (Data: 0.00067, Mono: 0.00000) | Val MSE: 0.000206 (RMSE: 0.0143) 
2026-09-12 16:38:23,381 - INFO - Epoch [ 430/2000] LR: 0.005872 | Train Loss: 0.000454 (Data: 0.00045, Mono: 0.00000) | Val MSE: 0.000065 (RMSE: 0.0080) 
2026-09-12 16:38:23,658 - INFO - Epoch [ 435/2000] LR: 0.005857 | Train Loss: 0.000460 (Data: 0.00046, Mono: 0.00000) | Val MSE: 0.000037 (RMSE: 0.0061) [BEST]
2026-09-12 16:38:23,770 - INFO - Epoch [ 437/2000] LR: 0.005851 | Train Loss: 0.000434 (Data: 0.00043, Mono: 0.00000) | Val MSE: 0.000037 (RMSE: 0.0061) [BEST]
2026-09-12 16:38:23,828 - INFO - Epoch [ 438/2000] LR: 0.005848 | Train Loss: 0.000509 (Data: 0.00051, Mono: 0.00000) | Val MSE: 0.000036 (RMSE: 0.0060) [BEST]
2026-09-12 16:38:23,948 - INFO - Epoch [ 440/2000] LR: 0.005842 | Train Loss: 0.000473 (Data: 0.00047, Mono: 0.00000) | Val MSE: 0.000238 (RMSE: 0.0154) 
2026-09-12 16:38:24,517 - INFO - Epoch [ 450/2000] LR: 0.005811 | Train Loss: 0.000452 (Data: 0.00045, Mono: 0.00000) | Val MSE: 0.000127 (RMSE: 0.0113) 
2026-09-12 16:38:25,048 - INFO - Epoch [ 460/2000] LR: 0.005780 | Train Loss: 0.000393 (Data: 0.00039, Mono: 0.00000) | Val MSE: 0.000199 (RMSE: 0.0141) 
2026-09-12 16:38:25,571 - INFO - Epoch [ 470/2000] LR: 0.005748 | Train Loss: 0.000464 (Data: 0.00046, Mono: 0.00000) | Val MSE: 0.000143 (RMSE: 0.0120) 
2026-09-12 16:38:25,625 - INFO - Epoch [ 471/2000] LR: 0.005744 | Train Loss: 0.000406 (Data: 0.00041, Mono: 0.00000) | Val MSE: 0.000035 (RMSE: 0.0059) [BEST]
2026-09-12 16:38:25,786 - INFO - Epoch [ 474/2000] LR: 0.005735 | Train Loss: 0.000463 (Data: 0.00046, Mono: 0.00000) | Val MSE: 0.000034 (RMSE: 0.0058) [BEST]
2026-09-12 16:38:26,103 - INFO - Epoch [ 480/2000] LR: 0.005715 | Train Loss: 0.000810 (Data: 0.00081, Mono: 0.00000) | Val MSE: 0.000065 (RMSE: 0.0081) 
2026-09-12 16:38:26,622 - INFO - Epoch [ 490/2000] LR: 0.005681 | Train Loss: 0.000440 (Data: 0.00044, Mono: 0.00000) | Val MSE: 0.000063 (RMSE: 0.0079) 
2026-09-12 16:38:27,163 - INFO - Epoch [ 500/2000] LR: 0.005647 | Train Loss: 0.000538 (Data: 0.00054, Mono: 0.00000) | Val MSE: 0.000045 (RMSE: 0.0067) 
2026-09-12 16:38:27,698 - INFO - Epoch [ 510/2000] LR: 0.005613 | Train Loss: 0.000410 (Data: 0.00041, Mono: 0.00000) | Val MSE: 0.000187 (RMSE: 0.0137) 
2026-09-12 16:38:28,230 - INFO - Epoch [ 520/2000] LR: 0.005577 | Train Loss: 0.000527 (Data: 0.00053, Mono: 0.00000) | Val MSE: 0.000082 (RMSE: 0.0090) 
2026-09-12 16:38:28,717 - INFO - Epoch [ 529/2000] LR: 0.005545 | Train Loss: 0.000460 (Data: 0.00046, Mono: 0.00000) | Val MSE: 0.000034 (RMSE: 0.0058) [BEST]
2026-09-12 16:38:28,773 - INFO - Epoch [ 530/2000] LR: 0.005541 | Train Loss: 0.000526 (Data: 0.00053, Mono: 0.00000) | Val MSE: 0.000082 (RMSE: 0.0091) 
2026-09-12 16:38:29,343 - INFO - Epoch [ 540/2000] LR: 0.005505 | Train Loss: 0.000541 (Data: 0.00054, Mono: 0.00000) | Val MSE: 0.000095 (RMSE: 0.0098) 
2026-09-12 16:38:29,903 - INFO - Epoch [ 550/2000] LR: 0.005468 | Train Loss: 0.000555 (Data: 0.00055, Mono: 0.00000) | Val MSE: 0.000309 (RMSE: 0.0176) 
2026-09-12 16:38:30,454 - INFO - Epoch [ 560/2000] LR: 0.005430 | Train Loss: 0.000474 (Data: 0.00047, Mono: 0.00000) | Val MSE: 0.000078 (RMSE: 0.0088) 
2026-09-12 16:38:30,564 - INFO - Epoch [ 562/2000] LR: 0.005423 | Train Loss: 0.000442 (Data: 0.00044, Mono: 0.00000) | Val MSE: 0.000034 (RMSE: 0.0058) [BEST]
2026-09-12 16:38:30,992 - INFO - Epoch [ 570/2000] LR: 0.005392 | Train Loss: 0.000432 (Data: 0.00043, Mono: 0.00000) | Val MSE: 0.000406 (RMSE: 0.0202) 
2026-09-12 16:38:31,271 - INFO - Epoch [ 575/2000] LR: 0.005373 | Train Loss: 0.000421 (Data: 0.00042, Mono: 0.00000) | Val MSE: 0.000034 (RMSE: 0.0058) [BEST]
2026-09-12 16:38:31,572 - INFO - Epoch [ 580/2000] LR: 0.005353 | Train Loss: 0.000441 (Data: 0.00044, Mono: 0.00000) | Val MSE: 0.000060 (RMSE: 0.0077) 
2026-09-12 16:38:32,178 - INFO - Epoch [ 590/2000] LR: 0.005314 | Train Loss: 0.000426 (Data: 0.00043, Mono: 0.00000) | Val MSE: 0.000121 (RMSE: 0.0110) 
2026-09-12 16:38:32,370 - INFO - Epoch [ 593/2000] LR: 0.005302 | Train Loss: 0.000398 (Data: 0.00040, Mono: 0.00000) | Val MSE: 0.000024 (RMSE: 0.0049) [BEST]
2026-09-12 16:38:32,807 - INFO - Epoch [ 600/2000] LR: 0.005274 | Train Loss: 0.000630 (Data: 0.00063, Mono: 0.00000) | Val MSE: 0.000390 (RMSE: 0.0198) 
2026-09-12 16:38:33,446 - INFO - Epoch [ 610/2000] LR: 0.005233 | Train Loss: 0.000411 (Data: 0.00041, Mono: 0.00000) | Val MSE: 0.000150 (RMSE: 0.0123) 
2026-09-12 16:38:34,081 - INFO - Epoch [ 620/2000] LR: 0.005192 | Train Loss: 0.000530 (Data: 0.00053, Mono: 0.00000) | Val MSE: 0.000096 (RMSE: 0.0098) 
2026-09-12 16:38:34,750 - INFO - Epoch [ 630/2000] LR: 0.005151 | Train Loss: 0.000376 (Data: 0.00038, Mono: 0.00000) | Val MSE: 0.000112 (RMSE: 0.0106) 
2026-09-12 16:38:35,362 - INFO - Epoch [ 640/2000] LR: 0.005109 | Train Loss: 0.000753 (Data: 0.00075, Mono: 0.00000) | Val MSE: 0.000111 (RMSE: 0.0105) 
2026-09-12 16:38:35,992 - INFO - Epoch [ 650/2000] LR: 0.005067 | Train Loss: 0.000465 (Data: 0.00046, Mono: 0.00000) | Val MSE: 0.000171 (RMSE: 0.0131) 
2026-09-12 16:38:36,606 - INFO - Epoch [ 660/2000] LR: 0.005024 | Train Loss: 0.000451 (Data: 0.00045, Mono: 0.00000) | Val MSE: 0.000103 (RMSE: 0.0102) 
2026-09-12 16:38:37,224 - INFO - Epoch [ 670/2000] LR: 0.004980 | Train Loss: 0.000380 (Data: 0.00038, Mono: 0.00000) | Val MSE: 0.000044 (RMSE: 0.0067) 
2026-09-12 16:38:37,405 - INFO - [*] Early stopping triggered at epoch 673. Best epoch was 593 with Val MSE: 0.000024
2026-09-12 16:38:37,405 - INFO - Training completed in 37.07s. Loading best checkpoint from epoch 593 for final test evaluation...
2026-09-12 16:38:37,457 - INFO - ==================================================
2026-09-12 16:38:37,457 - INFO - Test Results for [TJU] - [Dataset_3_NCM_NCA_battery] (Best Epoch 593):
2026-09-12 16:38:37,457 - INFO -   Test RMSE: 0.010864
2026-09-12 16:38:37,457 - INFO -   Test MAE:  0.008322
2026-09-12 16:38:37,457 - INFO -   Test MAPE: 0.977087
2026-09-12 16:38:37,457 - INFO -   Test MSE:  0.000118
2026-09-12 16:38:37,457 - INFO - ==================================================
