2026-09-12 16:35:51,880 - INFO - ==================================================
2026-09-12 16:35:51,880 - INFO - Starting FusionMLP Training for [TJU] - [Dataset_2_NCM_battery]
2026-09-12 16:35:51,880 - INFO - Device: cuda | Epochs: 2000 | LR: 0.006457 | Mono Weight: 0.0180 | Knee Feature: True
2026-09-12 16:35:51,882 - INFO - ==================================================
2026-09-12 16:35:52,383 - INFO - Data Splits: Train=38, Val=8, Test=9
2026-09-12 16:35:52,865 - INFO - Epoch [   1/2000] LR: 0.006457 | Train Loss: 0.144130 (Data: 0.14413, Mono: 0.00005) | Val MSE: 0.007444 (RMSE: 0.0863) [BEST]
2026-09-12 16:35:53,228 - INFO - Epoch [   2/2000] LR: 0.006457 | Train Loss: 0.057858 (Data: 0.05786, Mono: 0.00004) | Val MSE: 0.001951 (RMSE: 0.0442) [BEST]
2026-09-12 16:35:53,875 - INFO - Epoch [   4/2000] LR: 0.006457 | Train Loss: 0.016052 (Data: 0.01605, Mono: 0.00002) | Val MSE: 0.001887 (RMSE: 0.0434) [BEST]
2026-09-12 16:35:55,934 - INFO - Epoch [  10/2000] LR: 0.006457 | Train Loss: 0.006599 (Data: 0.00660, Mono: 0.00001) | Val MSE: 0.004291 (RMSE: 0.0655) 
2026-09-12 16:35:59,163 - INFO - Epoch [  20/2000] LR: 0.006457 | Train Loss: 0.002682 (Data: 0.00268, Mono: 0.00001) | Val MSE: 0.002690 (RMSE: 0.0519) 
2026-09-12 16:36:00,121 - INFO - Epoch [  23/2000] LR: 0.006457 | Train Loss: 0.002605 (Data: 0.00260, Mono: 0.00001) | Val MSE: 0.001641 (RMSE: 0.0405) [BEST]
2026-09-12 16:36:00,450 - INFO - Epoch [  24/2000] LR: 0.006457 | Train Loss: 0.002726 (Data: 0.00273, Mono: 0.00001) | Val MSE: 0.001596 (RMSE: 0.0399) [BEST]
2026-09-12 16:36:00,792 - INFO - Epoch [  25/2000] LR: 0.006457 | Train Loss: 0.002425 (Data: 0.00242, Mono: 0.00000) | Val MSE: 0.001573 (RMSE: 0.0397) [BEST]
2026-09-12 16:36:01,459 - INFO - Epoch [  27/2000] LR: 0.006457 | Train Loss: 0.002290 (Data: 0.00229, Mono: 0.00000) | Val MSE: 0.001140 (RMSE: 0.0338) [BEST]
2026-09-12 16:36:01,788 - INFO - Epoch [  28/2000] LR: 0.006457 | Train Loss: 0.001683 (Data: 0.00168, Mono: 0.00000) | Val MSE: 0.000945 (RMSE: 0.0307) [BEST]
2026-09-12 16:36:02,436 - INFO - Epoch [  30/2000] LR: 0.006457 | Train Loss: 0.001313 (Data: 0.00131, Mono: 0.00000) | Val MSE: 0.000780 (RMSE: 0.0279) [BEST]
2026-09-12 16:36:03,070 - INFO - Epoch [  32/2000] LR: 0.006457 | Train Loss: 0.000895 (Data: 0.00089, Mono: 0.00000) | Val MSE: 0.000470 (RMSE: 0.0217) [BEST]
2026-09-12 16:36:03,408 - INFO - Epoch [  33/2000] LR: 0.006457 | Train Loss: 0.000801 (Data: 0.00080, Mono: 0.00000) | Val MSE: 0.000424 (RMSE: 0.0206) [BEST]
2026-09-12 16:36:05,472 - INFO - Epoch [  39/2000] LR: 0.006457 | Train Loss: 0.000531 (Data: 0.00053, Mono: 0.00000) | Val MSE: 0.000284 (RMSE: 0.0169) [BEST]
2026-09-12 16:36:05,803 - INFO - Epoch [  40/2000] LR: 0.006457 | Train Loss: 0.000713 (Data: 0.00071, Mono: 0.00000) | Val MSE: 0.000833 (RMSE: 0.0289) 
2026-09-12 16:36:06,119 - INFO - Epoch [  41/2000] LR: 0.006457 | Train Loss: 0.000968 (Data: 0.00097, Mono: 0.00000) | Val MSE: 0.000261 (RMSE: 0.0161) [BEST]
2026-09-12 16:36:07,104 - INFO - Epoch [  44/2000] LR: 0.006457 | Train Loss: 0.000454 (Data: 0.00045, Mono: 0.00000) | Val MSE: 0.000223 (RMSE: 0.0149) [BEST]
2026-09-12 16:36:09,048 - INFO - Epoch [  50/2000] LR: 0.006457 | Train Loss: 0.000556 (Data: 0.00056, Mono: 0.00000) | Val MSE: 0.000370 (RMSE: 0.0192) 
2026-09-12 16:36:09,694 - INFO - Epoch [  52/2000] LR: 0.006457 | Train Loss: 0.000445 (Data: 0.00044, Mono: 0.00000) | Val MSE: 0.000201 (RMSE: 0.0142) [BEST]
2026-09-12 16:36:10,437 - INFO - Epoch [  54/2000] LR: 0.006456 | Train Loss: 0.000438 (Data: 0.00044, Mono: 0.00000) | Val MSE: 0.000196 (RMSE: 0.0140) [BEST]
2026-09-12 16:36:12,375 - INFO - Epoch [  60/2000] LR: 0.006456 | Train Loss: 0.000558 (Data: 0.00056, Mono: 0.00000) | Val MSE: 0.000265 (RMSE: 0.0163) 
2026-09-12 16:36:15,352 - INFO - Epoch [  69/2000] LR: 0.006455 | Train Loss: 0.000397 (Data: 0.00040, Mono: 0.00000) | Val MSE: 0.000184 (RMSE: 0.0136) [BEST]
2026-09-12 16:36:15,702 - INFO - Epoch [  70/2000] LR: 0.006455 | Train Loss: 0.000389 (Data: 0.00039, Mono: 0.00000) | Val MSE: 0.000427 (RMSE: 0.0207) 
2026-09-12 16:36:16,394 - INFO - Epoch [  72/2000] LR: 0.006454 | Train Loss: 0.000524 (Data: 0.00052, Mono: 0.00000) | Val MSE: 0.000179 (RMSE: 0.0134) [BEST]
2026-09-12 16:36:18,968 - INFO - Epoch [  80/2000] LR: 0.006453 | Train Loss: 0.000403 (Data: 0.00040, Mono: 0.00000) | Val MSE: 0.000286 (RMSE: 0.0169) 
2026-09-12 16:36:22,338 - INFO - Epoch [  89/2000] LR: 0.006450 | Train Loss: 0.000324 (Data: 0.00032, Mono: 0.00000) | Val MSE: 0.000176 (RMSE: 0.0133) [BEST]
2026-09-12 16:36:22,663 - INFO - Epoch [  90/2000] LR: 0.006450 | Train Loss: 0.000430 (Data: 0.00043, Mono: 0.00000) | Val MSE: 0.000847 (RMSE: 0.0291) 
2026-09-12 16:36:25,543 - INFO - Epoch [  99/2000] LR: 0.006446 | Train Loss: 0.000362 (Data: 0.00036, Mono: 0.00000) | Val MSE: 0.000165 (RMSE: 0.0128) [BEST]
2026-09-12 16:36:25,862 - INFO - Epoch [ 100/2000] LR: 0.006446 | Train Loss: 0.000321 (Data: 0.00032, Mono: 0.00000) | Val MSE: 0.000167 (RMSE: 0.0129) 
2026-09-12 16:36:29,612 - INFO - Epoch [ 110/2000] LR: 0.006441 | Train Loss: 0.000377 (Data: 0.00038, Mono: 0.00000) | Val MSE: 0.000358 (RMSE: 0.0189) 
2026-09-12 16:36:33,387 - INFO - Epoch [ 120/2000] LR: 0.006436 | Train Loss: 0.000361 (Data: 0.00036, Mono: 0.00000) | Val MSE: 0.000241 (RMSE: 0.0155) 
2026-09-12 16:36:34,083 - INFO - Epoch [ 122/2000] LR: 0.006435 | Train Loss: 0.000328 (Data: 0.00033, Mono: 0.00000) | Val MSE: 0.000164 (RMSE: 0.0128) [BEST]
2026-09-12 16:36:35,566 - INFO - Epoch [ 126/2000] LR: 0.006432 | Train Loss: 0.000416 (Data: 0.00042, Mono: 0.00000) | Val MSE: 0.000162 (RMSE: 0.0127) [BEST]
2026-09-12 16:36:37,013 - INFO - Epoch [ 130/2000] LR: 0.006430 | Train Loss: 0.000381 (Data: 0.00038, Mono: 0.00000) | Val MSE: 0.000292 (RMSE: 0.0171) 
2026-09-12 16:36:39,190 - INFO - Epoch [ 136/2000] LR: 0.006426 | Train Loss: 0.000698 (Data: 0.00070, Mono: 0.00000) | Val MSE: 0.000160 (RMSE: 0.0126) [BEST]
2026-09-12 16:36:40,746 - INFO - Epoch [ 140/2000] LR: 0.006423 | Train Loss: 0.000323 (Data: 0.00032, Mono: 0.00000) | Val MSE: 0.000169 (RMSE: 0.0130) 
2026-09-12 16:36:44,552 - INFO - Epoch [ 150/2000] LR: 0.006415 | Train Loss: 0.000481 (Data: 0.00048, Mono: 0.00000) | Val MSE: 0.000245 (RMSE: 0.0157) 
2026-09-12 16:36:45,322 - INFO - Epoch [ 152/2000] LR: 0.006413 | Train Loss: 0.000292 (Data: 0.00029, Mono: 0.00000) | Val MSE: 0.000148 (RMSE: 0.0122) [BEST]
2026-09-12 16:36:48,361 - INFO - Epoch [ 160/2000] LR: 0.006406 | Train Loss: 0.000461 (Data: 0.00046, Mono: 0.00000) | Val MSE: 0.000231 (RMSE: 0.0152) 
2026-09-12 16:36:51,919 - INFO - Epoch [ 170/2000] LR: 0.006397 | Train Loss: 0.000437 (Data: 0.00044, Mono: 0.00000) | Val MSE: 0.000901 (RMSE: 0.0300) 
2026-09-12 16:36:55,484 - INFO - Epoch [ 180/2000] LR: 0.006386 | Train Loss: 0.000331 (Data: 0.00033, Mono: 0.00000) | Val MSE: 0.000346 (RMSE: 0.0186) 
2026-09-12 16:36:57,934 - INFO - Epoch [ 187/2000] LR: 0.006378 | Train Loss: 0.000359 (Data: 0.00036, Mono: 0.00000) | Val MSE: 0.000147 (RMSE: 0.0121) [BEST]
2026-09-12 16:36:58,891 - INFO - Epoch [ 190/2000] LR: 0.006375 | Train Loss: 0.000678 (Data: 0.00068, Mono: 0.00000) | Val MSE: 0.000393 (RMSE: 0.0198) 
2026-09-12 16:37:02,198 - INFO - Epoch [ 200/2000] LR: 0.006363 | Train Loss: 0.000365 (Data: 0.00036, Mono: 0.00000) | Val MSE: 0.000232 (RMSE: 0.0152) 
2026-09-12 16:37:05,434 - INFO - Epoch [ 210/2000] LR: 0.006350 | Train Loss: 0.000429 (Data: 0.00043, Mono: 0.00000) | Val MSE: 0.000197 (RMSE: 0.0140) 
2026-09-12 16:37:08,659 - INFO - Epoch [ 220/2000] LR: 0.006337 | Train Loss: 0.000341 (Data: 0.00034, Mono: 0.00000) | Val MSE: 0.000190 (RMSE: 0.0138) 
2026-09-12 16:37:11,869 - INFO - Epoch [ 230/2000] LR: 0.006322 | Train Loss: 0.000343 (Data: 0.00034, Mono: 0.00000) | Val MSE: 0.000169 (RMSE: 0.0130) 
2026-09-12 16:37:12,528 - INFO - Epoch [ 232/2000] LR: 0.006319 | Train Loss: 0.000330 (Data: 0.00033, Mono: 0.00000) | Val MSE: 0.000146 (RMSE: 0.0121) [BEST]
2026-09-12 16:37:15,247 - INFO - Epoch [ 240/2000] LR: 0.006307 | Train Loss: 0.000540 (Data: 0.00054, Mono: 0.00000) | Val MSE: 0.000295 (RMSE: 0.0172) 
2026-09-12 16:37:18,455 - INFO - Epoch [ 250/2000] LR: 0.006291 | Train Loss: 0.000349 (Data: 0.00035, Mono: 0.00000) | Val MSE: 0.000229 (RMSE: 0.0151) 
2026-09-12 16:37:22,014 - INFO - Epoch [ 260/2000] LR: 0.006274 | Train Loss: 0.000369 (Data: 0.00037, Mono: 0.00000) | Val MSE: 0.000353 (RMSE: 0.0188) 
2026-09-12 16:37:22,346 - INFO - Epoch [ 261/2000] LR: 0.006272 | Train Loss: 0.000392 (Data: 0.00039, Mono: 0.00000) | Val MSE: 0.000142 (RMSE: 0.0119) [BEST]
2026-09-12 16:37:25,344 - INFO - Epoch [ 270/2000] LR: 0.006257 | Train Loss: 0.000408 (Data: 0.00041, Mono: 0.00000) | Val MSE: 0.000888 (RMSE: 0.0298) 
2026-09-12 16:37:28,824 - INFO - Epoch [ 280/2000] LR: 0.006238 | Train Loss: 0.000292 (Data: 0.00029, Mono: 0.00000) | Val MSE: 0.000222 (RMSE: 0.0149) 
2026-09-12 16:37:31,310 - INFO - Epoch [ 287/2000] LR: 0.006225 | Train Loss: 0.000441 (Data: 0.00044, Mono: 0.00000) | Val MSE: 0.000137 (RMSE: 0.0117) [BEST]
2026-09-12 16:37:32,341 - INFO - Epoch [ 290/2000] LR: 0.006219 | Train Loss: 0.000424 (Data: 0.00042, Mono: 0.00000) | Val MSE: 0.000314 (RMSE: 0.0177) 
2026-09-12 16:37:35,856 - INFO - Epoch [ 300/2000] LR: 0.006199 | Train Loss: 0.000365 (Data: 0.00037, Mono: 0.00000) | Val MSE: 0.000262 (RMSE: 0.0162) 
2026-09-12 16:37:39,433 - INFO - Epoch [ 310/2000] LR: 0.006178 | Train Loss: 0.000597 (Data: 0.00060, Mono: 0.00000) | Val MSE: 0.000250 (RMSE: 0.0158) 
2026-09-12 16:37:43,148 - INFO - Epoch [ 320/2000] LR: 0.006157 | Train Loss: 0.000281 (Data: 0.00028, Mono: 0.00000) | Val MSE: 0.000209 (RMSE: 0.0144) 
2026-09-12 16:37:46,735 - INFO - Epoch [ 330/2000] LR: 0.006135 | Train Loss: 0.000383 (Data: 0.00038, Mono: 0.00000) | Val MSE: 0.000154 (RMSE: 0.0124) 
2026-09-12 16:37:50,145 - INFO - Epoch [ 340/2000] LR: 0.006112 | Train Loss: 0.000374 (Data: 0.00037, Mono: 0.00000) | Val MSE: 0.000241 (RMSE: 0.0155) 
2026-09-12 16:37:55,428 - INFO - Epoch [ 350/2000] LR: 0.006088 | Train Loss: 0.000421 (Data: 0.00042, Mono: 0.00000) | Val MSE: 0.000188 (RMSE: 0.0137) 
2026-09-12 16:37:58,234 - INFO - Epoch [ 360/2000] LR: 0.006063 | Train Loss: 0.000320 (Data: 0.00032, Mono: 0.00000) | Val MSE: 0.000174 (RMSE: 0.0132) 
2026-09-12 16:38:00,084 - INFO - [*] Early stopping triggered at epoch 367. Best epoch was 287 with Val MSE: 0.000137
2026-09-12 16:38:00,084 - INFO - Training completed in 127.66s. Loading best checkpoint from epoch 287 for final test evaluation...
2026-09-12 16:38:00,220 - INFO - ==================================================
2026-09-12 16:38:00,220 - INFO - Test Results for [TJU] - [Dataset_2_NCM_battery] (Best Epoch 287):
2026-09-12 16:38:00,220 - INFO -   Test RMSE: 0.012323
2026-09-12 16:38:00,220 - INFO -   Test MAE:  0.009265
2026-09-12 16:38:00,220 - INFO -   Test MAPE: 1.121089
2026-09-12 16:38:00,220 - INFO -   Test MSE:  0.000152
2026-09-12 16:38:00,220 - INFO - ==================================================
