2026-09-12 16:07:15,526 - INFO - ==================================================
2026-09-12 16:07:15,526 - INFO - Starting DeepOPINN Training for [TJU] - [Dataset_2_NCM_battery]
2026-09-12 16:07:15,526 - INFO - Device: cuda | Epochs: 2000 | LR: 0.001221 | Alpha (PDE): 0.60000 | Beta (Mono): 0.01805
2026-09-12 16:07:15,526 - INFO - ==================================================
2026-09-12 16:07:16,097 - INFO - Data Splits: Train=38, Val=8, Test=9
2026-09-12 16:07:17,064 - INFO - Epoch [   1/2000] LR: 0.006352 | Train Loss: 0.040645 (Data: 0.03963, PDE*kpd: 0.00170, Mono: 0.00001) | Val MSE: 0.003691 (RMSE: 0.0608) [BEST]
2026-09-12 16:07:17,467 - INFO - Epoch [   2/2000] LR: 0.006247 | Train Loss: 0.003285 (Data: 0.00314, PDE*kpd: 0.00024, Mono: 0.00001) | Val MSE: 0.001187 (RMSE: 0.0345) [BEST]
2026-09-12 16:07:17,930 - INFO - Epoch [   3/2000] LR: 0.006142 | Train Loss: 0.002574 (Data: 0.00250, PDE*kpd: 0.00013, Mono: 0.00001) | Val MSE: 0.001017 (RMSE: 0.0319) [BEST]
2026-09-12 16:07:18,699 - INFO - Epoch [   5/2000] LR: 0.005933 | Train Loss: 0.002120 (Data: 0.00209, PDE*kpd: 0.00006, Mono: 0.00000) | Val MSE: 0.000752 (RMSE: 0.0274) [BEST]
2026-09-12 16:07:19,221 - INFO - Epoch [   6/2000] LR: 0.005828 | Train Loss: 0.001018 (Data: 0.00099, PDE*kpd: 0.00004, Mono: 0.00000) | Val MSE: 0.000293 (RMSE: 0.0171) [BEST]
2026-09-12 16:07:21,131 - INFO - Epoch [  10/2000] LR: 0.005409 | Train Loss: 0.000737 (Data: 0.00073, PDE*kpd: 0.00001, Mono: 0.00000) | Val MSE: 0.000561 (RMSE: 0.0237) 
2026-09-12 16:07:22,665 - INFO - Epoch [  14/2000] LR: 0.004991 | Train Loss: 0.000690 (Data: 0.00069, PDE*kpd: 0.00000, Mono: 0.00000) | Val MSE: 0.000281 (RMSE: 0.0168) [BEST]
2026-09-12 16:07:25,500 - INFO - Epoch [  20/2000] LR: 0.004362 | Train Loss: 0.000766 (Data: 0.00077, PDE*kpd: 0.00000, Mono: 0.00000) | Val MSE: 0.000840 (RMSE: 0.0290) 
2026-09-12 16:07:28,783 - INFO - Epoch [  28/2000] LR: 0.003525 | Train Loss: 0.000442 (Data: 0.00044, PDE*kpd: 0.00000, Mono: 0.00000) | Val MSE: 0.000146 (RMSE: 0.0121) [BEST]
2026-09-12 16:07:29,197 - INFO - Epoch [  29/2000] LR: 0.003420 | Train Loss: 0.000393 (Data: 0.00039, PDE*kpd: 0.00000, Mono: 0.00000) | Val MSE: 0.000144 (RMSE: 0.0120) [BEST]
2026-09-12 16:07:29,560 - INFO - Epoch [  30/2000] LR: 0.003315 | Train Loss: 0.000363 (Data: 0.00036, PDE*kpd: 0.00000, Mono: 0.00000) | Val MSE: 0.000255 (RMSE: 0.0160) 
2026-09-12 16:07:33,355 - INFO - Epoch [  40/2000] LR: 0.002268 | Train Loss: 0.000311 (Data: 0.00031, PDE*kpd: 0.00000, Mono: 0.00000) | Val MSE: 0.000870 (RMSE: 0.0295) 
2026-09-12 16:07:37,210 - INFO - Epoch [  50/2000] LR: 0.001221 | Train Loss: 0.000235 (Data: 0.00023, PDE*kpd: 0.00000, Mono: 0.00000) | Val MSE: 0.000169 (RMSE: 0.0130) 
2026-09-12 16:07:41,536 - INFO - Epoch [  60/2000] LR: 0.001221 | Train Loss: 0.000284 (Data: 0.00028, PDE*kpd: 0.00000, Mono: 0.00000) | Val MSE: 0.000222 (RMSE: 0.0149) 
2026-09-12 16:07:46,812 - INFO - Epoch [  70/2000] LR: 0.001221 | Train Loss: 0.000283 (Data: 0.00028, PDE*kpd: 0.00000, Mono: 0.00000) | Val MSE: 0.000150 (RMSE: 0.0122) 
2026-09-12 16:07:50,604 - INFO - Epoch [  80/2000] LR: 0.001221 | Train Loss: 0.000246 (Data: 0.00025, PDE*kpd: 0.00000, Mono: 0.00000) | Val MSE: 0.000196 (RMSE: 0.0140) 
2026-09-12 16:07:54,280 - INFO - Epoch [  90/2000] LR: 0.001220 | Train Loss: 0.000183 (Data: 0.00018, PDE*kpd: 0.00000, Mono: 0.00000) | Val MSE: 0.000348 (RMSE: 0.0187) 
2026-09-12 16:07:57,858 - INFO - Epoch [ 100/2000] LR: 0.001219 | Train Loss: 0.000217 (Data: 0.00022, PDE*kpd: 0.00000, Mono: 0.00000) | Val MSE: 0.000364 (RMSE: 0.0191) 
2026-09-12 16:08:01,109 - INFO - [*] Early stopping triggered at epoch 109. Best epoch was 29 with Val MSE: 0.000144
2026-09-12 16:08:01,110 - INFO - Training completed in 45.01s. Loading best checkpoint from epoch 29 for final test evaluation...
2026-09-12 16:08:01,140 - INFO - ==================================================
2026-09-12 16:08:01,141 - INFO - Test Results for [TJU] - [Dataset_2_NCM_battery] (Best Epoch 29):
2026-09-12 16:08:01,141 - INFO -   Test RMSE: 0.012398
2026-09-12 16:08:01,141 - INFO -   Test MAE:  0.008776
2026-09-12 16:08:01,141 - INFO -   Test MAPE: 1.056525
2026-09-12 16:08:01,141 - INFO -   Test MSE:  0.000154
2026-09-12 16:08:01,142 - INFO - ==================================================
