2026-09-12 16:30:30,469 - INFO - ==================================================
2026-09-12 16:30:30,469 - INFO - Starting FusionMLP Training for [MIT] - [2017-06-30]
2026-09-12 16:30:30,469 - INFO - Device: cuda | Epochs: 2000 | LR: 0.006664 | Mono Weight: 0.0146 | Knee Feature: True
2026-09-12 16:30:30,469 - INFO - ==================================================
2026-09-12 16:30:31,169 - INFO - Data Splits: Train=30, Val=6, Test=7
2026-09-12 16:30:31,616 - INFO - Epoch [   1/2000] LR: 0.006169 | Train Loss: 0.269816 (Data: 0.26981, Mono: 0.00008) | Val MSE: 0.025193 (RMSE: 0.1587) [BEST]
2026-09-12 16:30:31,933 - INFO - Epoch [   2/2000] LR: 0.006179 | Train Loss: 0.076607 (Data: 0.07661, Mono: 0.00007) | Val MSE: 0.001494 (RMSE: 0.0387) [BEST]
2026-09-12 16:30:32,288 - INFO - Epoch [   3/2000] LR: 0.006189 | Train Loss: 0.038356 (Data: 0.03836, Mono: 0.00006) | Val MSE: 0.000442 (RMSE: 0.0210) [BEST]
2026-09-12 16:30:32,599 - INFO - Epoch [   4/2000] LR: 0.006199 | Train Loss: 0.021905 (Data: 0.02190, Mono: 0.00005) | Val MSE: 0.000251 (RMSE: 0.0158) [BEST]
2026-09-12 16:30:34,703 - INFO - Epoch [  10/2000] LR: 0.006260 | Train Loss: 0.006895 (Data: 0.00689, Mono: 0.00002) | Val MSE: 0.000576 (RMSE: 0.0240) 
2026-09-12 16:30:37,602 - INFO - Epoch [  20/2000] LR: 0.006361 | Train Loss: 0.003000 (Data: 0.00300, Mono: 0.00001) | Val MSE: 0.000470 (RMSE: 0.0217) 
2026-09-12 16:30:40,428 - INFO - Epoch [  30/2000] LR: 0.006462 | Train Loss: 0.001639 (Data: 0.00164, Mono: 0.00001) | Val MSE: 0.000492 (RMSE: 0.0222) 
2026-09-12 16:30:43,110 - INFO - Epoch [  40/2000] LR: 0.006563 | Train Loss: 0.001056 (Data: 0.00106, Mono: 0.00001) | Val MSE: 0.000680 (RMSE: 0.0261) 
2026-09-12 16:30:45,798 - INFO - Epoch [  50/2000] LR: 0.006664 | Train Loss: 0.000703 (Data: 0.00070, Mono: 0.00000) | Val MSE: 0.000372 (RMSE: 0.0193) 
2026-09-12 16:30:48,455 - INFO - Epoch [  60/2000] LR: 0.006663 | Train Loss: 0.000717 (Data: 0.00072, Mono: 0.00000) | Val MSE: 0.001049 (RMSE: 0.0324) 
2026-09-12 16:30:50,718 - INFO - Epoch [  68/2000] LR: 0.006662 | Train Loss: 0.000670 (Data: 0.00067, Mono: 0.00000) | Val MSE: 0.000218 (RMSE: 0.0148) [BEST]
2026-09-12 16:30:51,356 - INFO - Epoch [  70/2000] LR: 0.006662 | Train Loss: 0.000580 (Data: 0.00058, Mono: 0.00000) | Val MSE: 0.000333 (RMSE: 0.0183) 
2026-09-12 16:30:54,056 - INFO - Epoch [  80/2000] LR: 0.006660 | Train Loss: 0.000496 (Data: 0.00050, Mono: 0.00000) | Val MSE: 0.000203 (RMSE: 0.0142) [BEST]
2026-09-12 16:30:55,689 - INFO - Epoch [  86/2000] LR: 0.006658 | Train Loss: 0.000684 (Data: 0.00068, Mono: 0.00000) | Val MSE: 0.000182 (RMSE: 0.0135) [BEST]
2026-09-12 16:30:56,815 - INFO - Epoch [  90/2000] LR: 0.006657 | Train Loss: 0.000731 (Data: 0.00073, Mono: 0.00000) | Val MSE: 0.000232 (RMSE: 0.0152) 
2026-09-12 16:30:59,664 - INFO - Epoch [ 100/2000] LR: 0.006653 | Train Loss: 0.000497 (Data: 0.00050, Mono: 0.00000) | Val MSE: 0.000157 (RMSE: 0.0125) [BEST]
2026-09-12 16:31:02,524 - INFO - Epoch [ 110/2000] LR: 0.006648 | Train Loss: 0.000598 (Data: 0.00060, Mono: 0.00000) | Val MSE: 0.000420 (RMSE: 0.0205) 
2026-09-12 16:31:05,367 - INFO - Epoch [ 120/2000] LR: 0.006642 | Train Loss: 0.000283 (Data: 0.00028, Mono: 0.00000) | Val MSE: 0.000151 (RMSE: 0.0123) [BEST]
2026-09-12 16:31:06,137 - INFO - Epoch [ 123/2000] LR: 0.006641 | Train Loss: 0.000425 (Data: 0.00042, Mono: 0.00000) | Val MSE: 0.000138 (RMSE: 0.0118) [BEST]
2026-09-12 16:31:06,458 - INFO - Epoch [ 124/2000] LR: 0.006640 | Train Loss: 0.000325 (Data: 0.00033, Mono: 0.00000) | Val MSE: 0.000137 (RMSE: 0.0117) [BEST]
2026-09-12 16:31:08,013 - INFO - Epoch [ 130/2000] LR: 0.006636 | Train Loss: 0.000328 (Data: 0.00033, Mono: 0.00000) | Val MSE: 0.000251 (RMSE: 0.0158) 
2026-09-12 16:31:08,587 - INFO - Epoch [ 132/2000] LR: 0.006635 | Train Loss: 0.000341 (Data: 0.00034, Mono: 0.00000) | Val MSE: 0.000112 (RMSE: 0.0106) [BEST]
2026-09-12 16:31:08,829 - INFO - Epoch [ 133/2000] LR: 0.006634 | Train Loss: 0.000293 (Data: 0.00029, Mono: 0.00000) | Val MSE: 0.000093 (RMSE: 0.0097) [BEST]
2026-09-12 16:31:09,158 - INFO - Epoch [ 134/2000] LR: 0.006633 | Train Loss: 0.000299 (Data: 0.00030, Mono: 0.00000) | Val MSE: 0.000088 (RMSE: 0.0094) [BEST]
2026-09-12 16:31:09,666 - INFO - Epoch [ 136/2000] LR: 0.006632 | Train Loss: 0.000339 (Data: 0.00034, Mono: 0.00000) | Val MSE: 0.000081 (RMSE: 0.0090) [BEST]
2026-09-12 16:31:10,875 - INFO - Epoch [ 140/2000] LR: 0.006629 | Train Loss: 0.000291 (Data: 0.00029, Mono: 0.00000) | Val MSE: 0.000120 (RMSE: 0.0110) 
2026-09-12 16:31:13,256 - INFO - Epoch [ 149/2000] LR: 0.006621 | Train Loss: 0.000229 (Data: 0.00023, Mono: 0.00000) | Val MSE: 0.000074 (RMSE: 0.0086) [BEST]
2026-09-12 16:31:13,513 - INFO - Epoch [ 150/2000] LR: 0.006621 | Train Loss: 0.000247 (Data: 0.00025, Mono: 0.00000) | Val MSE: 0.000263 (RMSE: 0.0162) 
2026-09-12 16:31:16,235 - INFO - Epoch [ 160/2000] LR: 0.006611 | Train Loss: 0.000329 (Data: 0.00033, Mono: 0.00000) | Val MSE: 0.000362 (RMSE: 0.0190) 
2026-09-12 16:31:18,963 - INFO - Epoch [ 170/2000] LR: 0.006602 | Train Loss: 0.000337 (Data: 0.00034, Mono: 0.00000) | Val MSE: 0.000194 (RMSE: 0.0139) 
2026-09-12 16:31:21,658 - INFO - Epoch [ 180/2000] LR: 0.006591 | Train Loss: 0.000319 (Data: 0.00032, Mono: 0.00000) | Val MSE: 0.000084 (RMSE: 0.0092) 
2026-09-12 16:31:24,290 - INFO - Epoch [ 190/2000] LR: 0.006579 | Train Loss: 0.000298 (Data: 0.00030, Mono: 0.00000) | Val MSE: 0.000523 (RMSE: 0.0229) 
2026-09-12 16:31:26,951 - INFO - Epoch [ 200/2000] LR: 0.006567 | Train Loss: 0.000277 (Data: 0.00028, Mono: 0.00000) | Val MSE: 0.000185 (RMSE: 0.0136) 
2026-09-12 16:31:29,272 - INFO - Epoch [ 207/2000] LR: 0.006558 | Train Loss: 0.000231 (Data: 0.00023, Mono: 0.00000) | Val MSE: 0.000063 (RMSE: 0.0079) [BEST]
2026-09-12 16:31:30,405 - INFO - Epoch [ 210/2000] LR: 0.006554 | Train Loss: 0.000371 (Data: 0.00037, Mono: 0.00000) | Val MSE: 0.000300 (RMSE: 0.0173) 
2026-09-12 16:31:31,433 - INFO - Epoch [ 213/2000] LR: 0.006549 | Train Loss: 0.000266 (Data: 0.00027, Mono: 0.00000) | Val MSE: 0.000060 (RMSE: 0.0077) [BEST]
2026-09-12 16:31:33,761 - INFO - Epoch [ 220/2000] LR: 0.006539 | Train Loss: 0.000236 (Data: 0.00024, Mono: 0.00000) | Val MSE: 0.000076 (RMSE: 0.0087) 
2026-09-12 16:31:37,187 - INFO - Epoch [ 230/2000] LR: 0.006525 | Train Loss: 0.000318 (Data: 0.00032, Mono: 0.00000) | Val MSE: 0.000083 (RMSE: 0.0091) 
2026-09-12 16:31:40,394 - INFO - Epoch [ 240/2000] LR: 0.006509 | Train Loss: 0.000188 (Data: 0.00019, Mono: 0.00000) | Val MSE: 0.000067 (RMSE: 0.0082) 
2026-09-12 16:31:42,569 - INFO - Epoch [ 248/2000] LR: 0.006496 | Train Loss: 0.000215 (Data: 0.00022, Mono: 0.00000) | Val MSE: 0.000058 (RMSE: 0.0076) [BEST]
2026-09-12 16:31:43,085 - INFO - Epoch [ 250/2000] LR: 0.006492 | Train Loss: 0.000248 (Data: 0.00025, Mono: 0.00000) | Val MSE: 0.000129 (RMSE: 0.0114) 
2026-09-12 16:31:45,634 - INFO - Epoch [ 259/2000] LR: 0.006477 | Train Loss: 0.000200 (Data: 0.00020, Mono: 0.00000) | Val MSE: 0.000056 (RMSE: 0.0075) [BEST]
2026-09-12 16:31:45,904 - INFO - Epoch [ 260/2000] LR: 0.006475 | Train Loss: 0.000193 (Data: 0.00019, Mono: 0.00000) | Val MSE: 0.000128 (RMSE: 0.0113) 
2026-09-12 16:31:48,586 - INFO - Epoch [ 270/2000] LR: 0.006457 | Train Loss: 0.000252 (Data: 0.00025, Mono: 0.00000) | Val MSE: 0.000070 (RMSE: 0.0084) 
2026-09-12 16:31:51,394 - INFO - Epoch [ 280/2000] LR: 0.006438 | Train Loss: 0.000258 (Data: 0.00026, Mono: 0.00000) | Val MSE: 0.000138 (RMSE: 0.0117) 
2026-09-12 16:31:54,112 - INFO - Epoch [ 290/2000] LR: 0.006418 | Train Loss: 0.000212 (Data: 0.00021, Mono: 0.00000) | Val MSE: 0.000094 (RMSE: 0.0097) 
2026-09-12 16:31:56,904 - INFO - Epoch [ 300/2000] LR: 0.006397 | Train Loss: 0.000355 (Data: 0.00036, Mono: 0.00000) | Val MSE: 0.000135 (RMSE: 0.0116) 
2026-09-12 16:31:59,653 - INFO - Epoch [ 310/2000] LR: 0.006376 | Train Loss: 0.000250 (Data: 0.00025, Mono: 0.00000) | Val MSE: 0.000093 (RMSE: 0.0097) 
2026-09-12 16:32:02,358 - INFO - Epoch [ 320/2000] LR: 0.006353 | Train Loss: 0.000196 (Data: 0.00020, Mono: 0.00000) | Val MSE: 0.000082 (RMSE: 0.0090) 
2026-09-12 16:32:03,422 - INFO - Epoch [ 324/2000] LR: 0.006344 | Train Loss: 0.000195 (Data: 0.00020, Mono: 0.00000) | Val MSE: 0.000055 (RMSE: 0.0074) [BEST]
2026-09-12 16:32:04,994 - INFO - Epoch [ 330/2000] LR: 0.006330 | Train Loss: 0.000285 (Data: 0.00028, Mono: 0.00000) | Val MSE: 0.000278 (RMSE: 0.0167) 
2026-09-12 16:32:07,775 - INFO - Epoch [ 340/2000] LR: 0.006307 | Train Loss: 0.000246 (Data: 0.00025, Mono: 0.00000) | Val MSE: 0.000079 (RMSE: 0.0089) 
2026-09-12 16:32:10,836 - INFO - Epoch [ 350/2000] LR: 0.006282 | Train Loss: 0.000319 (Data: 0.00032, Mono: 0.00000) | Val MSE: 0.000375 (RMSE: 0.0194) 
2026-09-12 16:32:13,555 - INFO - Epoch [ 360/2000] LR: 0.006257 | Train Loss: 0.000211 (Data: 0.00021, Mono: 0.00000) | Val MSE: 0.000113 (RMSE: 0.0107) 
2026-09-12 16:32:13,831 - INFO - Epoch [ 361/2000] LR: 0.006254 | Train Loss: 0.000181 (Data: 0.00018, Mono: 0.00000) | Val MSE: 0.000052 (RMSE: 0.0072) [BEST]
2026-09-12 16:32:16,304 - INFO - Epoch [ 370/2000] LR: 0.006231 | Train Loss: 0.000179 (Data: 0.00018, Mono: 0.00000) | Val MSE: 0.000084 (RMSE: 0.0092) 
2026-09-12 16:32:18,985 - INFO - Epoch [ 380/2000] LR: 0.006204 | Train Loss: 0.000221 (Data: 0.00022, Mono: 0.00000) | Val MSE: 0.000048 (RMSE: 0.0069) [BEST]
2026-09-12 16:32:21,753 - INFO - Epoch [ 390/2000] LR: 0.006176 | Train Loss: 0.000307 (Data: 0.00031, Mono: 0.00000) | Val MSE: 0.000146 (RMSE: 0.0121) 
2026-09-12 16:32:25,115 - INFO - Epoch [ 400/2000] LR: 0.006148 | Train Loss: 0.000293 (Data: 0.00029, Mono: 0.00000) | Val MSE: 0.000531 (RMSE: 0.0230) 
2026-09-12 16:32:28,564 - INFO - Epoch [ 410/2000] LR: 0.006119 | Train Loss: 0.000153 (Data: 0.00015, Mono: 0.00000) | Val MSE: 0.000128 (RMSE: 0.0113) 
2026-09-12 16:32:31,930 - INFO - Epoch [ 420/2000] LR: 0.006089 | Train Loss: 0.000208 (Data: 0.00021, Mono: 0.00000) | Val MSE: 0.000119 (RMSE: 0.0109) 
2026-09-12 16:32:35,239 - INFO - Epoch [ 430/2000] LR: 0.006059 | Train Loss: 0.000222 (Data: 0.00022, Mono: 0.00000) | Val MSE: 0.000103 (RMSE: 0.0101) 
2026-09-12 16:32:38,438 - INFO - Epoch [ 440/2000] LR: 0.006027 | Train Loss: 0.000330 (Data: 0.00033, Mono: 0.00000) | Val MSE: 0.000083 (RMSE: 0.0091) 
2026-09-12 16:32:41,530 - INFO - Epoch [ 450/2000] LR: 0.005996 | Train Loss: 0.000188 (Data: 0.00019, Mono: 0.00000) | Val MSE: 0.000119 (RMSE: 0.0109) 
2026-09-12 16:32:44,121 - INFO - Epoch [ 460/2000] LR: 0.005963 | Train Loss: 0.000253 (Data: 0.00025, Mono: 0.00000) | Val MSE: 0.000210 (RMSE: 0.0145) 
2026-09-12 16:32:44,121 - INFO - [*] Early stopping triggered at epoch 460. Best epoch was 380 with Val MSE: 0.000048
2026-09-12 16:32:44,121 - INFO - Training completed in 132.92s. Loading best checkpoint from epoch 380 for final test evaluation...
2026-09-12 16:32:44,415 - INFO - ==================================================
2026-09-12 16:32:44,415 - INFO - Test Results for [MIT] - [2017-06-30] (Best Epoch 380):
2026-09-12 16:32:44,415 - INFO -   Test RMSE: 0.017427
2026-09-12 16:32:44,416 - INFO -   Test MAE:  0.013365
2026-09-12 16:32:44,416 - INFO -   Test MAPE: 1.442712
2026-09-12 16:32:44,416 - INFO -   Test MSE:  0.000304
2026-09-12 16:32:44,416 - INFO - ==================================================
