2026-09-12 16:04:59,378 - INFO - ==================================================
2026-09-12 16:04:59,378 - INFO - Starting DeepOPINN Training for [MIT] - [2018-04-12]
2026-09-12 16:04:59,378 - INFO - Device: cuda | Epochs: 2000 | LR: 0.000117 | Alpha (PDE): 0.88432 | Beta (Mono): 0.02840
2026-09-12 16:04:59,379 - INFO - ==================================================
2026-09-12 16:04:59,827 - INFO - Data Splits: Train=25, Val=5, Test=6
2026-09-12 16:05:00,546 - INFO - Epoch [   1/2000] LR: 0.006038 | Train Loss: 0.068882 (Data: 0.06255, PDE*kpd: 0.00716, Mono: 0.00001) | Val MSE: 0.000477 (RMSE: 0.0218) [BEST]
2026-09-12 16:05:01,113 - INFO - Epoch [   3/2000] LR: 0.005796 | Train Loss: 0.005589 (Data: 0.00263, PDE*kpd: 0.00334, Mono: 0.00001) | Val MSE: 0.000306 (RMSE: 0.0175) [BEST]
2026-09-12 16:05:02,181 - INFO - Epoch [   7/2000] LR: 0.005313 | Train Loss: 0.003074 (Data: 0.00117, PDE*kpd: 0.00215, Mono: 0.00000) | Val MSE: 0.000211 (RMSE: 0.0145) [BEST]
2026-09-12 16:05:02,467 - INFO - Epoch [   8/2000] LR: 0.005192 | Train Loss: 0.002780 (Data: 0.00105, PDE*kpd: 0.00195, Mono: 0.00000) | Val MSE: 0.000189 (RMSE: 0.0137) [BEST]
2026-09-12 16:05:02,981 - INFO - Epoch [  10/2000] LR: 0.004951 | Train Loss: 0.002237 (Data: 0.00076, PDE*kpd: 0.00167, Mono: 0.00000) | Val MSE: 0.000189 (RMSE: 0.0137) 
2026-09-12 16:05:03,471 - INFO - Epoch [  12/2000] LR: 0.004709 | Train Loss: 0.002300 (Data: 0.00106, PDE*kpd: 0.00140, Mono: 0.00000) | Val MSE: 0.000181 (RMSE: 0.0134) [BEST]
2026-09-12 16:05:04,922 - INFO - Epoch [  17/2000] LR: 0.004105 | Train Loss: 0.001364 (Data: 0.00049, PDE*kpd: 0.00099, Mono: 0.00000) | Val MSE: 0.000156 (RMSE: 0.0125) [BEST]
2026-09-12 16:05:05,833 - INFO - Epoch [  20/2000] LR: 0.003742 | Train Loss: 0.001081 (Data: 0.00036, PDE*kpd: 0.00081, Mono: 0.00000) | Val MSE: 0.000184 (RMSE: 0.0136) 
2026-09-12 16:05:06,097 - INFO - Epoch [  21/2000] LR: 0.003621 | Train Loss: 0.000922 (Data: 0.00025, PDE*kpd: 0.00076, Mono: 0.00000) | Val MSE: 0.000112 (RMSE: 0.0106) [BEST]
2026-09-12 16:05:06,672 - INFO - Epoch [  23/2000] LR: 0.003380 | Train Loss: 0.000884 (Data: 0.00027, PDE*kpd: 0.00070, Mono: 0.00000) | Val MSE: 0.000107 (RMSE: 0.0104) [BEST]
2026-09-12 16:05:07,481 - INFO - Epoch [  26/2000] LR: 0.003017 | Train Loss: 0.000782 (Data: 0.00026, PDE*kpd: 0.00059, Mono: 0.00000) | Val MSE: 0.000083 (RMSE: 0.0091) [BEST]
2026-09-12 16:05:08,047 - INFO - Epoch [  28/2000] LR: 0.002776 | Train Loss: 0.000647 (Data: 0.00016, PDE*kpd: 0.00055, Mono: 0.00000) | Val MSE: 0.000078 (RMSE: 0.0089) [BEST]
2026-09-12 16:05:08,580 - INFO - Epoch [  30/2000] LR: 0.002534 | Train Loss: 0.000568 (Data: 0.00014, PDE*kpd: 0.00049, Mono: 0.00000) | Val MSE: 0.000153 (RMSE: 0.0124) 
2026-09-12 16:05:09,698 - INFO - Epoch [  34/2000] LR: 0.002051 | Train Loss: 0.000492 (Data: 0.00013, PDE*kpd: 0.00041, Mono: 0.00000) | Val MSE: 0.000056 (RMSE: 0.0075) [BEST]
2026-09-12 16:05:09,982 - INFO - Epoch [  35/2000] LR: 0.001930 | Train Loss: 0.000482 (Data: 0.00012, PDE*kpd: 0.00041, Mono: 0.00000) | Val MSE: 0.000056 (RMSE: 0.0075) [BEST]
2026-09-12 16:05:11,452 - INFO - Epoch [  40/2000] LR: 0.001326 | Train Loss: 0.000406 (Data: 0.00011, PDE*kpd: 0.00033, Mono: 0.00000) | Val MSE: 0.000049 (RMSE: 0.0070) [BEST]
2026-09-12 16:05:13,176 - INFO - Epoch [  46/2000] LR: 0.000601 | Train Loss: 0.000327 (Data: 0.00009, PDE*kpd: 0.00027, Mono: 0.00000) | Val MSE: 0.000048 (RMSE: 0.0069) [BEST]
2026-09-12 16:05:14,309 - INFO - Epoch [  50/2000] LR: 0.000117 | Train Loss: 0.000292 (Data: 0.00009, PDE*kpd: 0.00023, Mono: 0.00000) | Val MSE: 0.000050 (RMSE: 0.0071) 
2026-09-12 16:05:17,053 - INFO - Epoch [  60/2000] LR: 0.000117 | Train Loss: 0.000242 (Data: 0.00008, PDE*kpd: 0.00018, Mono: 0.00000) | Val MSE: 0.000049 (RMSE: 0.0070) 
2026-09-12 16:05:19,850 - INFO - Epoch [  70/2000] LR: 0.000117 | Train Loss: 0.000203 (Data: 0.00008, PDE*kpd: 0.00014, Mono: 0.00000) | Val MSE: 0.000053 (RMSE: 0.0073) 
2026-09-12 16:05:22,837 - INFO - Epoch [  80/2000] LR: 0.000117 | Train Loss: 0.000173 (Data: 0.00008, PDE*kpd: 0.00010, Mono: 0.00000) | Val MSE: 0.000052 (RMSE: 0.0072) 
2026-09-12 16:05:25,688 - INFO - Epoch [  90/2000] LR: 0.000117 | Train Loss: 0.000152 (Data: 0.00008, PDE*kpd: 0.00008, Mono: 0.00000) | Val MSE: 0.000051 (RMSE: 0.0071) 
2026-09-12 16:05:28,580 - INFO - Epoch [ 100/2000] LR: 0.000117 | Train Loss: 0.000134 (Data: 0.00008, PDE*kpd: 0.00007, Mono: 0.00000) | Val MSE: 0.000054 (RMSE: 0.0073) 
2026-09-12 16:05:31,297 - INFO - Epoch [ 110/2000] LR: 0.000117 | Train Loss: 0.000121 (Data: 0.00007, PDE*kpd: 0.00005, Mono: 0.00000) | Val MSE: 0.000053 (RMSE: 0.0072) 
2026-09-12 16:05:34,213 - INFO - Epoch [ 120/2000] LR: 0.000117 | Train Loss: 0.000116 (Data: 0.00008, PDE*kpd: 0.00004, Mono: 0.00000) | Val MSE: 0.000076 (RMSE: 0.0087) 
2026-09-12 16:05:36,072 - INFO - [*] Early stopping triggered at epoch 126. Best epoch was 46 with Val MSE: 0.000048
2026-09-12 16:05:36,072 - INFO - Training completed in 36.24s. Loading best checkpoint from epoch 46 for final test evaluation...
2026-09-12 16:05:36,114 - INFO - ==================================================
2026-09-12 16:05:36,114 - INFO - Test Results for [MIT] - [2018-04-12] (Best Epoch 46):
2026-09-12 16:05:36,114 - INFO -   Test RMSE: 0.007184
2026-09-12 16:05:36,115 - INFO -   Test MAE:  0.006125
2026-09-12 16:05:36,115 - INFO -   Test MAPE: 0.648332
2026-09-12 16:05:36,115 - INFO -   Test MSE:  0.000052
2026-09-12 16:05:36,115 - INFO - ==================================================
