2026-09-12 15:33:52,621 - INFO - ==================================================
2026-09-12 15:33:52,621 - INFO - Starting FusionMLP Training for [XJTU] - [2C]
2026-09-12 15:33:52,622 - INFO - Device: cuda | Epochs: 2 | LR: 0.020000 | Mono Weight: 0.4000 | Knee Feature: True
2026-09-12 15:33:52,622 - INFO - ==================================================
2026-09-12 15:33:52,689 - INFO - Data Splits: Train=5, Val=1, Test=2
2026-09-12 15:33:53,860 - INFO - Epoch [   1/   2] LR: 0.006726 | Train Loss: 0.445010 (Data: 0.44498, Mono: 0.00006) | Val MSE: 0.028428 (RMSE: 0.1686) [BEST]
2026-09-12 15:33:53,929 - INFO - Training completed in 0.29s. Loading best checkpoint from epoch 1 for final test evaluation...
2026-09-12 15:33:53,975 - INFO - ==================================================
2026-09-12 15:33:53,975 - INFO - Test Results for [XJTU] - [2C] (Best Epoch 1):
2026-09-12 15:33:53,975 - INFO -   Test RMSE: 0.172132
2026-09-12 15:33:53,975 - INFO -   Test MAE:  0.162936
2026-09-12 15:33:53,975 - INFO -   Test MAPE: 17.084548
2026-09-12 15:33:53,975 - INFO -   Test MSE:  0.029630
2026-09-12 15:33:53,976 - INFO - ==================================================
2026-09-12 16:38:37,459 - INFO - ==================================================
2026-09-12 16:38:37,460 - INFO - Starting FusionMLP Training for [XJTU] - [2C]
2026-09-12 16:38:37,460 - INFO - Device: cuda | Epochs: 2000 | LR: 0.020000 | Mono Weight: 0.4000 | Knee Feature: True
2026-09-12 16:38:37,460 - INFO - ==================================================
2026-09-12 16:38:37,563 - INFO - Data Splits: Train=5, Val=1, Test=2
2026-09-12 16:38:37,642 - INFO - Epoch [   1/2000] LR: 0.006726 | Train Loss: 0.418126 (Data: 0.41809, Mono: 0.00009) | Val MSE: 0.252881 (RMSE: 0.5029) [BEST]
2026-09-12 16:38:37,689 - INFO - Epoch [   2/2000] LR: 0.007184 | Train Loss: 0.234660 (Data: 0.23461, Mono: 0.00012) | Val MSE: 0.005952 (RMSE: 0.0771) [BEST]
2026-09-12 16:38:37,820 - INFO - Epoch [   5/2000] LR: 0.008557 | Train Loss: 0.073018 (Data: 0.07298, Mono: 0.00009) | Val MSE: 0.001824 (RMSE: 0.0427) [BEST]
2026-09-12 16:38:37,955 - INFO - Epoch [   8/2000] LR: 0.009930 | Train Loss: 0.037747 (Data: 0.03772, Mono: 0.00008) | Val MSE: 0.001528 (RMSE: 0.0391) [BEST]
2026-09-12 16:38:38,050 - INFO - Epoch [  10/2000] LR: 0.010845 | Train Loss: 0.027718 (Data: 0.02769, Mono: 0.00006) | Val MSE: 0.000430 (RMSE: 0.0207) [BEST]
2026-09-12 16:38:38,550 - INFO - Epoch [  20/2000] LR: 0.015423 | Train Loss: 0.008569 (Data: 0.00855, Mono: 0.00004) | Val MSE: 0.000674 (RMSE: 0.0260) 
2026-09-12 16:38:38,999 - INFO - Epoch [  30/2000] LR: 0.020000 | Train Loss: 0.004028 (Data: 0.00402, Mono: 0.00002) | Val MSE: 0.000675 (RMSE: 0.0260) 
2026-09-12 16:38:39,504 - INFO - Epoch [  40/2000] LR: 0.019999 | Train Loss: 0.002172 (Data: 0.00217, Mono: 0.00002) | Val MSE: 0.000711 (RMSE: 0.0267) 
2026-09-12 16:38:40,050 - INFO - Epoch [  50/2000] LR: 0.019995 | Train Loss: 0.001490 (Data: 0.00148, Mono: 0.00001) | Val MSE: 0.000660 (RMSE: 0.0257) 
2026-09-12 16:38:40,538 - INFO - Epoch [  60/2000] LR: 0.019989 | Train Loss: 0.001023 (Data: 0.00102, Mono: 0.00001) | Val MSE: 0.000621 (RMSE: 0.0249) 
2026-09-12 16:38:41,017 - INFO - Epoch [  70/2000] LR: 0.019980 | Train Loss: 0.000820 (Data: 0.00082, Mono: 0.00001) | Val MSE: 0.000570 (RMSE: 0.0239) 
2026-09-12 16:38:41,510 - INFO - Epoch [  80/2000] LR: 0.019968 | Train Loss: 0.000695 (Data: 0.00069, Mono: 0.00001) | Val MSE: 0.000563 (RMSE: 0.0237) 
2026-09-12 16:38:41,932 - INFO - Epoch [  89/2000] LR: 0.019956 | Train Loss: 0.000563 (Data: 0.00056, Mono: 0.00001) | Val MSE: 0.000410 (RMSE: 0.0203) [BEST]
2026-09-12 16:38:41,979 - INFO - Epoch [  90/2000] LR: 0.019954 | Train Loss: 0.000585 (Data: 0.00058, Mono: 0.00001) | Val MSE: 0.000427 (RMSE: 0.0207) 
2026-09-12 16:38:42,074 - INFO - Epoch [  92/2000] LR: 0.019951 | Train Loss: 0.000578 (Data: 0.00058, Mono: 0.00001) | Val MSE: 0.000402 (RMSE: 0.0201) [BEST]
2026-09-12 16:38:42,122 - INFO - Epoch [  93/2000] LR: 0.019950 | Train Loss: 0.000569 (Data: 0.00057, Mono: 0.00001) | Val MSE: 0.000378 (RMSE: 0.0195) [BEST]
2026-09-12 16:38:42,349 - INFO - Epoch [  98/2000] LR: 0.019941 | Train Loss: 0.000528 (Data: 0.00053, Mono: 0.00001) | Val MSE: 0.000330 (RMSE: 0.0182) [BEST]
2026-09-12 16:38:42,445 - INFO - Epoch [ 100/2000] LR: 0.019938 | Train Loss: 0.000526 (Data: 0.00052, Mono: 0.00001) | Val MSE: 0.000329 (RMSE: 0.0181) [BEST]
2026-09-12 16:38:42,582 - INFO - Epoch [ 103/2000] LR: 0.019932 | Train Loss: 0.000480 (Data: 0.00048, Mono: 0.00001) | Val MSE: 0.000324 (RMSE: 0.0180) [BEST]
2026-09-12 16:38:42,629 - INFO - Epoch [ 104/2000] LR: 0.019930 | Train Loss: 0.000466 (Data: 0.00046, Mono: 0.00001) | Val MSE: 0.000313 (RMSE: 0.0177) [BEST]
2026-09-12 16:38:42,675 - INFO - Epoch [ 105/2000] LR: 0.019929 | Train Loss: 0.000433 (Data: 0.00043, Mono: 0.00001) | Val MSE: 0.000289 (RMSE: 0.0170) [BEST]
2026-09-12 16:38:42,768 - INFO - Epoch [ 107/2000] LR: 0.019925 | Train Loss: 0.000450 (Data: 0.00045, Mono: 0.00000) | Val MSE: 0.000270 (RMSE: 0.0164) [BEST]
2026-09-12 16:38:42,909 - INFO - Epoch [ 110/2000] LR: 0.019919 | Train Loss: 0.000415 (Data: 0.00041, Mono: 0.00001) | Val MSE: 0.000262 (RMSE: 0.0162) [BEST]
2026-09-12 16:38:42,961 - INFO - Epoch [ 111/2000] LR: 0.019917 | Train Loss: 0.000413 (Data: 0.00041, Mono: 0.00001) | Val MSE: 0.000259 (RMSE: 0.0161) [BEST]
2026-09-12 16:38:43,011 - INFO - Epoch [ 112/2000] LR: 0.019915 | Train Loss: 0.000397 (Data: 0.00039, Mono: 0.00001) | Val MSE: 0.000254 (RMSE: 0.0159) [BEST]
2026-09-12 16:38:43,060 - INFO - Epoch [ 113/2000] LR: 0.019913 | Train Loss: 0.000420 (Data: 0.00042, Mono: 0.00001) | Val MSE: 0.000228 (RMSE: 0.0151) [BEST]
2026-09-12 16:38:43,150 - INFO - Epoch [ 115/2000] LR: 0.019908 | Train Loss: 0.000421 (Data: 0.00042, Mono: 0.00001) | Val MSE: 0.000225 (RMSE: 0.0150) [BEST]
2026-09-12 16:38:43,375 - INFO - Epoch [ 120/2000] LR: 0.019897 | Train Loss: 0.000372 (Data: 0.00037, Mono: 0.00001) | Val MSE: 0.000315 (RMSE: 0.0177) 
2026-09-12 16:38:43,467 - INFO - Epoch [ 122/2000] LR: 0.019893 | Train Loss: 0.000343 (Data: 0.00034, Mono: 0.00001) | Val MSE: 0.000193 (RMSE: 0.0139) [BEST]
2026-09-12 16:38:43,563 - INFO - Epoch [ 124/2000] LR: 0.019888 | Train Loss: 0.000342 (Data: 0.00034, Mono: 0.00001) | Val MSE: 0.000188 (RMSE: 0.0137) [BEST]
2026-09-12 16:38:43,611 - INFO - Epoch [ 125/2000] LR: 0.019885 | Train Loss: 0.000352 (Data: 0.00035, Mono: 0.00001) | Val MSE: 0.000153 (RMSE: 0.0124) [BEST]
2026-09-12 16:38:43,835 - INFO - Epoch [ 130/2000] LR: 0.019873 | Train Loss: 0.000349 (Data: 0.00035, Mono: 0.00001) | Val MSE: 0.000228 (RMSE: 0.0151) 
2026-09-12 16:38:43,893 - INFO - Epoch [ 131/2000] LR: 0.019871 | Train Loss: 0.000339 (Data: 0.00034, Mono: 0.00000) | Val MSE: 0.000140 (RMSE: 0.0118) [BEST]
2026-09-12 16:38:43,987 - INFO - Epoch [ 133/2000] LR: 0.019865 | Train Loss: 0.000336 (Data: 0.00033, Mono: 0.00001) | Val MSE: 0.000118 (RMSE: 0.0109) [BEST]
2026-09-12 16:38:44,336 - INFO - Epoch [ 140/2000] LR: 0.019847 | Train Loss: 0.000256 (Data: 0.00025, Mono: 0.00001) | Val MSE: 0.000107 (RMSE: 0.0103) [BEST]
2026-09-12 16:38:44,655 - INFO - Epoch [ 147/2000] LR: 0.019826 | Train Loss: 0.000263 (Data: 0.00026, Mono: 0.00001) | Val MSE: 0.000090 (RMSE: 0.0095) [BEST]
2026-09-12 16:38:44,807 - INFO - Epoch [ 150/2000] LR: 0.019817 | Train Loss: 0.000407 (Data: 0.00041, Mono: 0.00000) | Val MSE: 0.000187 (RMSE: 0.0137) 
2026-09-12 16:38:44,943 - INFO - Epoch [ 153/2000] LR: 0.019808 | Train Loss: 0.000287 (Data: 0.00028, Mono: 0.00001) | Val MSE: 0.000067 (RMSE: 0.0082) [BEST]
2026-09-12 16:38:45,255 - INFO - Epoch [ 160/2000] LR: 0.019786 | Train Loss: 0.000225 (Data: 0.00022, Mono: 0.00000) | Val MSE: 0.000071 (RMSE: 0.0084) 
2026-09-12 16:38:45,469 - INFO - Epoch [ 164/2000] LR: 0.019773 | Train Loss: 0.000308 (Data: 0.00031, Mono: 0.00001) | Val MSE: 0.000053 (RMSE: 0.0073) [BEST]
2026-09-12 16:38:45,763 - INFO - Epoch [ 170/2000] LR: 0.019752 | Train Loss: 0.000203 (Data: 0.00020, Mono: 0.00001) | Val MSE: 0.000123 (RMSE: 0.0111) 
2026-09-12 16:38:46,218 - INFO - Epoch [ 180/2000] LR: 0.019715 | Train Loss: 0.000529 (Data: 0.00053, Mono: 0.00001) | Val MSE: 0.000124 (RMSE: 0.0111) 
2026-09-12 16:38:46,627 - INFO - Epoch [ 189/2000] LR: 0.019680 | Train Loss: 0.000214 (Data: 0.00021, Mono: 0.00000) | Val MSE: 0.000051 (RMSE: 0.0072) [BEST]
2026-09-12 16:38:46,680 - INFO - Epoch [ 190/2000] LR: 0.019676 | Train Loss: 0.000219 (Data: 0.00022, Mono: 0.00000) | Val MSE: 0.000140 (RMSE: 0.0118) 
2026-09-12 16:38:47,197 - INFO - Epoch [ 200/2000] LR: 0.019635 | Train Loss: 0.000295 (Data: 0.00029, Mono: 0.00000) | Val MSE: 0.000150 (RMSE: 0.0123) 
2026-09-12 16:38:47,658 - INFO - Epoch [ 209/2000] LR: 0.019595 | Train Loss: 0.000202 (Data: 0.00020, Mono: 0.00000) | Val MSE: 0.000048 (RMSE: 0.0070) [BEST]
2026-09-12 16:38:47,716 - INFO - Epoch [ 210/2000] LR: 0.019591 | Train Loss: 0.000210 (Data: 0.00021, Mono: 0.00000) | Val MSE: 0.000064 (RMSE: 0.0080) 
2026-09-12 16:38:48,077 - INFO - Epoch [ 218/2000] LR: 0.019554 | Train Loss: 0.000207 (Data: 0.00020, Mono: 0.00000) | Val MSE: 0.000036 (RMSE: 0.0060) [BEST]
2026-09-12 16:38:48,169 - INFO - Epoch [ 220/2000] LR: 0.019545 | Train Loss: 0.000242 (Data: 0.00024, Mono: 0.00001) | Val MSE: 0.000228 (RMSE: 0.0151) 
2026-09-12 16:38:48,634 - INFO - Epoch [ 230/2000] LR: 0.019496 | Train Loss: 0.000208 (Data: 0.00021, Mono: 0.00000) | Val MSE: 0.000173 (RMSE: 0.0132) 
2026-09-12 16:38:49,134 - INFO - Epoch [ 240/2000] LR: 0.019445 | Train Loss: 0.000191 (Data: 0.00019, Mono: 0.00001) | Val MSE: 0.000072 (RMSE: 0.0085) 
2026-09-12 16:38:49,635 - INFO - Epoch [ 250/2000] LR: 0.019391 | Train Loss: 0.000226 (Data: 0.00022, Mono: 0.00000) | Val MSE: 0.000042 (RMSE: 0.0065) 
2026-09-12 16:38:50,126 - INFO - Epoch [ 260/2000] LR: 0.019335 | Train Loss: 0.000181 (Data: 0.00018, Mono: 0.00000) | Val MSE: 0.000119 (RMSE: 0.0109) 
2026-09-12 16:38:50,480 - INFO - Epoch [ 268/2000] LR: 0.019288 | Train Loss: 0.000163 (Data: 0.00016, Mono: 0.00000) | Val MSE: 0.000035 (RMSE: 0.0059) [BEST]
2026-09-12 16:38:50,572 - INFO - Epoch [ 270/2000] LR: 0.019277 | Train Loss: 0.000257 (Data: 0.00025, Mono: 0.00000) | Val MSE: 0.000197 (RMSE: 0.0140) 
2026-09-12 16:38:50,761 - INFO - Epoch [ 274/2000] LR: 0.019253 | Train Loss: 0.000177 (Data: 0.00018, Mono: 0.00000) | Val MSE: 0.000035 (RMSE: 0.0059) [BEST]
2026-09-12 16:38:51,034 - INFO - Epoch [ 280/2000] LR: 0.019216 | Train Loss: 0.000306 (Data: 0.00030, Mono: 0.00000) | Val MSE: 0.000101 (RMSE: 0.0100) 
2026-09-12 16:38:51,285 - INFO - Epoch [ 285/2000] LR: 0.019185 | Train Loss: 0.000227 (Data: 0.00023, Mono: 0.00000) | Val MSE: 0.000034 (RMSE: 0.0058) [BEST]
2026-09-12 16:38:51,521 - INFO - Epoch [ 290/2000] LR: 0.019153 | Train Loss: 0.000298 (Data: 0.00030, Mono: 0.00000) | Val MSE: 0.000221 (RMSE: 0.0149) 
2026-09-12 16:38:52,005 - INFO - Epoch [ 300/2000] LR: 0.019087 | Train Loss: 0.000194 (Data: 0.00019, Mono: 0.00000) | Val MSE: 0.000057 (RMSE: 0.0075) 
2026-09-12 16:38:52,526 - INFO - Epoch [ 310/2000] LR: 0.019020 | Train Loss: 0.000204 (Data: 0.00020, Mono: 0.00000) | Val MSE: 0.000062 (RMSE: 0.0079) 
2026-09-12 16:38:52,992 - INFO - Epoch [ 320/2000] LR: 0.018950 | Train Loss: 0.000211 (Data: 0.00021, Mono: 0.00000) | Val MSE: 0.000114 (RMSE: 0.0107) 
2026-09-12 16:38:53,280 - INFO - Epoch [ 326/2000] LR: 0.018907 | Train Loss: 0.000214 (Data: 0.00021, Mono: 0.00000) | Val MSE: 0.000034 (RMSE: 0.0058) [BEST]
2026-09-12 16:38:53,458 - INFO - Epoch [ 330/2000] LR: 0.018877 | Train Loss: 0.000166 (Data: 0.00016, Mono: 0.00000) | Val MSE: 0.000125 (RMSE: 0.0112) 
2026-09-12 16:38:53,900 - INFO - Epoch [ 340/2000] LR: 0.018803 | Train Loss: 0.000210 (Data: 0.00021, Mono: 0.00000) | Val MSE: 0.000047 (RMSE: 0.0068) 
2026-09-12 16:38:54,182 - INFO - Epoch [ 346/2000] LR: 0.018757 | Train Loss: 0.000184 (Data: 0.00018, Mono: 0.00000) | Val MSE: 0.000024 (RMSE: 0.0049) [BEST]
2026-09-12 16:38:54,364 - INFO - Epoch [ 350/2000] LR: 0.018726 | Train Loss: 0.000166 (Data: 0.00016, Mono: 0.00000) | Val MSE: 0.000072 (RMSE: 0.0085) 
2026-09-12 16:38:54,816 - INFO - Epoch [ 360/2000] LR: 0.018647 | Train Loss: 0.000179 (Data: 0.00018, Mono: 0.00000) | Val MSE: 0.000068 (RMSE: 0.0083) 
2026-09-12 16:38:55,276 - INFO - Epoch [ 370/2000] LR: 0.018566 | Train Loss: 0.000208 (Data: 0.00021, Mono: 0.00000) | Val MSE: 0.000043 (RMSE: 0.0065) 
2026-09-12 16:38:55,729 - INFO - Epoch [ 380/2000] LR: 0.018482 | Train Loss: 0.000203 (Data: 0.00020, Mono: 0.00000) | Val MSE: 0.000179 (RMSE: 0.0134) 
2026-09-12 16:38:56,186 - INFO - Epoch [ 390/2000] LR: 0.018397 | Train Loss: 0.000155 (Data: 0.00015, Mono: 0.00000) | Val MSE: 0.000170 (RMSE: 0.0130) 
2026-09-12 16:38:56,637 - INFO - Epoch [ 400/2000] LR: 0.018309 | Train Loss: 0.000165 (Data: 0.00016, Mono: 0.00000) | Val MSE: 0.000100 (RMSE: 0.0100) 
2026-09-12 16:38:57,110 - INFO - Epoch [ 410/2000] LR: 0.018220 | Train Loss: 0.000151 (Data: 0.00015, Mono: 0.00000) | Val MSE: 0.000054 (RMSE: 0.0073) 
2026-09-12 16:38:57,610 - INFO - Epoch [ 420/2000] LR: 0.018128 | Train Loss: 0.000162 (Data: 0.00016, Mono: 0.00000) | Val MSE: 0.000138 (RMSE: 0.0117) 
2026-09-12 16:38:57,900 - INFO - [*] Early stopping triggered at epoch 426. Best epoch was 346 with Val MSE: 0.000024
2026-09-12 16:38:57,900 - INFO - Training completed in 20.32s. Loading best checkpoint from epoch 346 for final test evaluation...
2026-09-12 16:38:57,950 - INFO - ==================================================
2026-09-12 16:38:57,951 - INFO - Test Results for [XJTU] - [2C] (Best Epoch 346):
2026-09-12 16:38:57,951 - INFO -   Test RMSE: 0.008545
2026-09-12 16:38:57,951 - INFO -   Test MAE:  0.006717
2026-09-12 16:38:57,951 - INFO -   Test MAPE: 0.733667
2026-09-12 16:38:57,951 - INFO -   Test MSE:  0.000073
2026-09-12 16:38:57,951 - INFO - ==================================================
