2026-09-12 16:32:44,421 - INFO - ==================================================
2026-09-12 16:32:44,421 - INFO - Starting FusionMLP Training for [MIT] - [2018-04-12]
2026-09-12 16:32:44,421 - INFO - Device: cuda | Epochs: 2000 | LR: 0.006664 | Mono Weight: 0.0146 | Knee Feature: True
2026-09-12 16:32:44,421 - INFO - ==================================================
2026-09-12 16:32:44,893 - INFO - Data Splits: Train=25, Val=5, Test=6
2026-09-12 16:32:45,308 - INFO - Epoch [   1/2000] LR: 0.006169 | Train Loss: 0.161830 (Data: 0.16183, Mono: 0.00004) | Val MSE: 0.008400 (RMSE: 0.0917) [BEST]
2026-09-12 16:32:45,560 - INFO - Epoch [   2/2000] LR: 0.006179 | Train Loss: 0.057597 (Data: 0.05760, Mono: 0.00003) | Val MSE: 0.000628 (RMSE: 0.0251) [BEST]
2026-09-12 16:32:46,047 - INFO - Epoch [   4/2000] LR: 0.006199 | Train Loss: 0.024666 (Data: 0.02467, Mono: 0.00002) | Val MSE: 0.000289 (RMSE: 0.0170) [BEST]
2026-09-12 16:32:47,518 - INFO - Epoch [  10/2000] LR: 0.006260 | Train Loss: 0.007613 (Data: 0.00761, Mono: 0.00001) | Val MSE: 0.000361 (RMSE: 0.0190) 
2026-09-12 16:32:48,093 - INFO - Epoch [  12/2000] LR: 0.006280 | Train Loss: 0.006032 (Data: 0.00603, Mono: 0.00001) | Val MSE: 0.000257 (RMSE: 0.0160) [BEST]
2026-09-12 16:32:50,029 - INFO - Epoch [  20/2000] LR: 0.006361 | Train Loss: 0.003039 (Data: 0.00304, Mono: 0.00001) | Val MSE: 0.000403 (RMSE: 0.0201) 
2026-09-12 16:32:52,552 - INFO - Epoch [  30/2000] LR: 0.006462 | Train Loss: 0.001250 (Data: 0.00125, Mono: 0.00000) | Val MSE: 0.000324 (RMSE: 0.0180) 
2026-09-12 16:32:54,937 - INFO - Epoch [  40/2000] LR: 0.006563 | Train Loss: 0.000669 (Data: 0.00067, Mono: 0.00000) | Val MSE: 0.000376 (RMSE: 0.0194) 
2026-09-12 16:32:55,667 - INFO - Epoch [  43/2000] LR: 0.006593 | Train Loss: 0.000709 (Data: 0.00071, Mono: 0.00000) | Val MSE: 0.000253 (RMSE: 0.0159) [BEST]
2026-09-12 16:32:57,433 - INFO - Epoch [  50/2000] LR: 0.006664 | Train Loss: 0.000477 (Data: 0.00048, Mono: 0.00000) | Val MSE: 0.000310 (RMSE: 0.0176) 
2026-09-12 16:32:57,707 - INFO - Epoch [  51/2000] LR: 0.006664 | Train Loss: 0.000494 (Data: 0.00049, Mono: 0.00000) | Val MSE: 0.000246 (RMSE: 0.0157) [BEST]
2026-09-12 16:32:59,933 - INFO - Epoch [  60/2000] LR: 0.006663 | Train Loss: 0.000448 (Data: 0.00045, Mono: 0.00000) | Val MSE: 0.000251 (RMSE: 0.0158) 
2026-09-12 16:33:00,247 - INFO - Epoch [  61/2000] LR: 0.006663 | Train Loss: 0.000396 (Data: 0.00040, Mono: 0.00000) | Val MSE: 0.000243 (RMSE: 0.0156) [BEST]
2026-09-12 16:33:02,055 - INFO - Epoch [  68/2000] LR: 0.006662 | Train Loss: 0.000476 (Data: 0.00048, Mono: 0.00000) | Val MSE: 0.000236 (RMSE: 0.0154) [BEST]
2026-09-12 16:33:02,548 - INFO - Epoch [  70/2000] LR: 0.006662 | Train Loss: 0.000543 (Data: 0.00054, Mono: 0.00000) | Val MSE: 0.000397 (RMSE: 0.0199) 
2026-09-12 16:33:04,031 - INFO - Epoch [  76/2000] LR: 0.006661 | Train Loss: 0.000402 (Data: 0.00040, Mono: 0.00000) | Val MSE: 0.000234 (RMSE: 0.0153) [BEST]
2026-09-12 16:33:04,999 - INFO - Epoch [  80/2000] LR: 0.006660 | Train Loss: 0.000516 (Data: 0.00052, Mono: 0.00000) | Val MSE: 0.000474 (RMSE: 0.0218) 
2026-09-12 16:33:05,245 - INFO - Epoch [  81/2000] LR: 0.006659 | Train Loss: 0.000365 (Data: 0.00036, Mono: 0.00000) | Val MSE: 0.000231 (RMSE: 0.0152) [BEST]
2026-09-12 16:33:05,719 - INFO - Epoch [  83/2000] LR: 0.006659 | Train Loss: 0.000410 (Data: 0.00041, Mono: 0.00000) | Val MSE: 0.000230 (RMSE: 0.0152) [BEST]
2026-09-12 16:33:07,038 - INFO - Epoch [  88/2000] LR: 0.006657 | Train Loss: 0.000549 (Data: 0.00055, Mono: 0.00000) | Val MSE: 0.000225 (RMSE: 0.0150) [BEST]
2026-09-12 16:33:07,530 - INFO - Epoch [  90/2000] LR: 0.006657 | Train Loss: 0.000346 (Data: 0.00035, Mono: 0.00000) | Val MSE: 0.000507 (RMSE: 0.0225) 
2026-09-12 16:33:10,037 - INFO - Epoch [ 100/2000] LR: 0.006653 | Train Loss: 0.000348 (Data: 0.00035, Mono: 0.00000) | Val MSE: 0.000283 (RMSE: 0.0168) 
2026-09-12 16:33:11,278 - INFO - Epoch [ 105/2000] LR: 0.006651 | Train Loss: 0.000468 (Data: 0.00047, Mono: 0.00000) | Val MSE: 0.000219 (RMSE: 0.0148) [BEST]
2026-09-12 16:33:12,606 - INFO - Epoch [ 110/2000] LR: 0.006648 | Train Loss: 0.000478 (Data: 0.00048, Mono: 0.00000) | Val MSE: 0.000401 (RMSE: 0.0200) 
2026-09-12 16:33:13,130 - INFO - Epoch [ 112/2000] LR: 0.006647 | Train Loss: 0.000363 (Data: 0.00036, Mono: 0.00000) | Val MSE: 0.000218 (RMSE: 0.0148) [BEST]
2026-09-12 16:33:15,155 - INFO - Epoch [ 120/2000] LR: 0.006642 | Train Loss: 0.000443 (Data: 0.00044, Mono: 0.00000) | Val MSE: 0.000231 (RMSE: 0.0152) 
2026-09-12 16:33:15,770 - INFO - Epoch [ 122/2000] LR: 0.006641 | Train Loss: 0.000361 (Data: 0.00036, Mono: 0.00000) | Val MSE: 0.000216 (RMSE: 0.0147) [BEST]
2026-09-12 16:33:17,413 - INFO - Epoch [ 128/2000] LR: 0.006637 | Train Loss: 0.000444 (Data: 0.00044, Mono: 0.00000) | Val MSE: 0.000205 (RMSE: 0.0143) [BEST]
2026-09-12 16:33:17,844 - INFO - Epoch [ 130/2000] LR: 0.006636 | Train Loss: 0.000494 (Data: 0.00049, Mono: 0.00000) | Val MSE: 0.000237 (RMSE: 0.0154) 
2026-09-12 16:33:18,493 - INFO - Epoch [ 133/2000] LR: 0.006634 | Train Loss: 0.000409 (Data: 0.00041, Mono: 0.00000) | Val MSE: 0.000196 (RMSE: 0.0140) [BEST]
2026-09-12 16:33:19,195 - INFO - Epoch [ 136/2000] LR: 0.006632 | Train Loss: 0.000347 (Data: 0.00035, Mono: 0.00000) | Val MSE: 0.000192 (RMSE: 0.0139) [BEST]
2026-09-12 16:33:19,998 - INFO - Epoch [ 140/2000] LR: 0.006629 | Train Loss: 0.000306 (Data: 0.00031, Mono: 0.00000) | Val MSE: 0.000247 (RMSE: 0.0157) 
2026-09-12 16:33:20,845 - INFO - Epoch [ 144/2000] LR: 0.006626 | Train Loss: 0.000390 (Data: 0.00039, Mono: 0.00000) | Val MSE: 0.000180 (RMSE: 0.0134) [BEST]
2026-09-12 16:33:22,142 - INFO - Epoch [ 150/2000] LR: 0.006621 | Train Loss: 0.000357 (Data: 0.00036, Mono: 0.00000) | Val MSE: 0.000199 (RMSE: 0.0141) 
2026-09-12 16:33:22,545 - INFO - Epoch [ 152/2000] LR: 0.006619 | Train Loss: 0.000304 (Data: 0.00030, Mono: 0.00000) | Val MSE: 0.000161 (RMSE: 0.0127) [BEST]
2026-09-12 16:33:24,405 - INFO - Epoch [ 160/2000] LR: 0.006611 | Train Loss: 0.000409 (Data: 0.00041, Mono: 0.00000) | Val MSE: 0.000396 (RMSE: 0.0199) 
2026-09-12 16:33:26,822 - INFO - Epoch [ 170/2000] LR: 0.006602 | Train Loss: 0.000517 (Data: 0.00052, Mono: 0.00000) | Val MSE: 0.000293 (RMSE: 0.0171) 
2026-09-12 16:33:29,413 - INFO - Epoch [ 180/2000] LR: 0.006591 | Train Loss: 0.000339 (Data: 0.00034, Mono: 0.00000) | Val MSE: 0.000298 (RMSE: 0.0173) 
2026-09-12 16:33:30,913 - INFO - Epoch [ 186/2000] LR: 0.006584 | Train Loss: 0.000265 (Data: 0.00026, Mono: 0.00000) | Val MSE: 0.000159 (RMSE: 0.0126) [BEST]
2026-09-12 16:33:31,183 - INFO - Epoch [ 187/2000] LR: 0.006583 | Train Loss: 0.000231 (Data: 0.00023, Mono: 0.00000) | Val MSE: 0.000152 (RMSE: 0.0123) [BEST]
2026-09-12 16:33:31,961 - INFO - Epoch [ 190/2000] LR: 0.006579 | Train Loss: 0.000196 (Data: 0.00020, Mono: 0.00000) | Val MSE: 0.000178 (RMSE: 0.0133) 
2026-09-12 16:33:32,444 - INFO - Epoch [ 192/2000] LR: 0.006577 | Train Loss: 0.000324 (Data: 0.00032, Mono: 0.00000) | Val MSE: 0.000145 (RMSE: 0.0121) [BEST]
2026-09-12 16:33:34,461 - INFO - Epoch [ 200/2000] LR: 0.006567 | Train Loss: 0.000252 (Data: 0.00025, Mono: 0.00000) | Val MSE: 0.000170 (RMSE: 0.0131) 
2026-09-12 16:33:35,942 - INFO - Epoch [ 206/2000] LR: 0.006559 | Train Loss: 0.000234 (Data: 0.00023, Mono: 0.00000) | Val MSE: 0.000123 (RMSE: 0.0111) [BEST]
2026-09-12 16:33:36,950 - INFO - Epoch [ 210/2000] LR: 0.006554 | Train Loss: 0.000213 (Data: 0.00021, Mono: 0.00000) | Val MSE: 0.000238 (RMSE: 0.0154) 
2026-09-12 16:33:37,204 - INFO - Epoch [ 211/2000] LR: 0.006552 | Train Loss: 0.000332 (Data: 0.00033, Mono: 0.00000) | Val MSE: 0.000114 (RMSE: 0.0107) [BEST]
2026-09-12 16:33:39,319 - INFO - Epoch [ 219/2000] LR: 0.006541 | Train Loss: 0.000180 (Data: 0.00018, Mono: 0.00000) | Val MSE: 0.000106 (RMSE: 0.0103) [BEST]
2026-09-12 16:33:39,587 - INFO - Epoch [ 220/2000] LR: 0.006539 | Train Loss: 0.000290 (Data: 0.00029, Mono: 0.00000) | Val MSE: 0.000293 (RMSE: 0.0171) 
2026-09-12 16:33:42,146 - INFO - Epoch [ 230/2000] LR: 0.006525 | Train Loss: 0.000207 (Data: 0.00021, Mono: 0.00000) | Val MSE: 0.000178 (RMSE: 0.0133) 
2026-09-12 16:33:43,671 - INFO - Epoch [ 236/2000] LR: 0.006515 | Train Loss: 0.000170 (Data: 0.00017, Mono: 0.00000) | Val MSE: 0.000098 (RMSE: 0.0099) [BEST]
2026-09-12 16:33:44,667 - INFO - Epoch [ 240/2000] LR: 0.006509 | Train Loss: 0.000296 (Data: 0.00030, Mono: 0.00000) | Val MSE: 0.000167 (RMSE: 0.0129) 
2026-09-12 16:33:47,018 - INFO - Epoch [ 250/2000] LR: 0.006492 | Train Loss: 0.000194 (Data: 0.00019, Mono: 0.00000) | Val MSE: 0.000089 (RMSE: 0.0094) [BEST]
2026-09-12 16:33:49,524 - INFO - Epoch [ 260/2000] LR: 0.006475 | Train Loss: 0.000245 (Data: 0.00025, Mono: 0.00000) | Val MSE: 0.000190 (RMSE: 0.0138) 
2026-09-12 16:33:51,984 - INFO - Epoch [ 270/2000] LR: 0.006457 | Train Loss: 0.000167 (Data: 0.00017, Mono: 0.00000) | Val MSE: 0.000122 (RMSE: 0.0110) 
2026-09-12 16:33:54,608 - INFO - Epoch [ 280/2000] LR: 0.006438 | Train Loss: 0.000184 (Data: 0.00018, Mono: 0.00000) | Val MSE: 0.000124 (RMSE: 0.0111) 
2026-09-12 16:33:54,849 - INFO - Epoch [ 281/2000] LR: 0.006436 | Train Loss: 0.000107 (Data: 0.00011, Mono: 0.00000) | Val MSE: 0.000086 (RMSE: 0.0093) [BEST]
2026-09-12 16:33:55,357 - INFO - Epoch [ 283/2000] LR: 0.006432 | Train Loss: 0.000203 (Data: 0.00020, Mono: 0.00000) | Val MSE: 0.000075 (RMSE: 0.0086) [BEST]
2026-09-12 16:33:57,049 - INFO - Epoch [ 290/2000] LR: 0.006418 | Train Loss: 0.000132 (Data: 0.00013, Mono: 0.00000) | Val MSE: 0.000336 (RMSE: 0.0183) 
2026-09-12 16:33:59,372 - INFO - Epoch [ 300/2000] LR: 0.006397 | Train Loss: 0.000259 (Data: 0.00026, Mono: 0.00000) | Val MSE: 0.000166 (RMSE: 0.0129) 
2026-09-12 16:34:01,394 - INFO - Epoch [ 309/2000] LR: 0.006378 | Train Loss: 0.000152 (Data: 0.00015, Mono: 0.00000) | Val MSE: 0.000070 (RMSE: 0.0083) [BEST]
2026-09-12 16:34:01,630 - INFO - Epoch [ 310/2000] LR: 0.006376 | Train Loss: 0.000172 (Data: 0.00017, Mono: 0.00000) | Val MSE: 0.000165 (RMSE: 0.0129) 
2026-09-12 16:34:03,970 - INFO - Epoch [ 320/2000] LR: 0.006353 | Train Loss: 0.000167 (Data: 0.00017, Mono: 0.00000) | Val MSE: 0.000179 (RMSE: 0.0134) 
2026-09-12 16:34:04,438 - INFO - Epoch [ 322/2000] LR: 0.006349 | Train Loss: 0.000139 (Data: 0.00014, Mono: 0.00000) | Val MSE: 0.000068 (RMSE: 0.0083) [BEST]
2026-09-12 16:34:06,240 - INFO - Epoch [ 330/2000] LR: 0.006330 | Train Loss: 0.000165 (Data: 0.00017, Mono: 0.00000) | Val MSE: 0.000221 (RMSE: 0.0149) 
2026-09-12 16:34:08,247 - INFO - Epoch [ 339/2000] LR: 0.006309 | Train Loss: 0.000172 (Data: 0.00017, Mono: 0.00000) | Val MSE: 0.000057 (RMSE: 0.0075) [BEST]
2026-09-12 16:34:08,508 - INFO - Epoch [ 340/2000] LR: 0.006307 | Train Loss: 0.000148 (Data: 0.00015, Mono: 0.00000) | Val MSE: 0.000104 (RMSE: 0.0102) 
2026-09-12 16:34:10,870 - INFO - Epoch [ 350/2000] LR: 0.006282 | Train Loss: 0.000194 (Data: 0.00019, Mono: 0.00000) | Val MSE: 0.000238 (RMSE: 0.0154) 
2026-09-12 16:34:13,062 - INFO - Epoch [ 360/2000] LR: 0.006257 | Train Loss: 0.000310 (Data: 0.00031, Mono: 0.00000) | Val MSE: 0.000302 (RMSE: 0.0174) 
2026-09-12 16:34:15,377 - INFO - Epoch [ 370/2000] LR: 0.006231 | Train Loss: 0.000138 (Data: 0.00014, Mono: 0.00000) | Val MSE: 0.000135 (RMSE: 0.0116) 
2026-09-12 16:34:17,576 - INFO - Epoch [ 380/2000] LR: 0.006204 | Train Loss: 0.000110 (Data: 0.00011, Mono: 0.00000) | Val MSE: 0.000128 (RMSE: 0.0113) 
2026-09-12 16:34:18,919 - INFO - Epoch [ 386/2000] LR: 0.006187 | Train Loss: 0.000145 (Data: 0.00015, Mono: 0.00000) | Val MSE: 0.000055 (RMSE: 0.0074) [BEST]
2026-09-12 16:34:19,812 - INFO - Epoch [ 390/2000] LR: 0.006176 | Train Loss: 0.000193 (Data: 0.00019, Mono: 0.00000) | Val MSE: 0.000083 (RMSE: 0.0091) 
2026-09-12 16:34:22,210 - INFO - Epoch [ 400/2000] LR: 0.006148 | Train Loss: 0.000196 (Data: 0.00020, Mono: 0.00000) | Val MSE: 0.000197 (RMSE: 0.0140) 
2026-09-12 16:34:24,535 - INFO - Epoch [ 410/2000] LR: 0.006119 | Train Loss: 0.000089 (Data: 0.00009, Mono: 0.00000) | Val MSE: 0.000097 (RMSE: 0.0098) 
2026-09-12 16:34:24,761 - INFO - Epoch [ 411/2000] LR: 0.006116 | Train Loss: 0.000114 (Data: 0.00011, Mono: 0.00000) | Val MSE: 0.000052 (RMSE: 0.0072) [BEST]
2026-09-12 16:34:26,847 - INFO - Epoch [ 420/2000] LR: 0.006089 | Train Loss: 0.000170 (Data: 0.00017, Mono: 0.00000) | Val MSE: 0.000103 (RMSE: 0.0102) 
2026-09-12 16:34:29,160 - INFO - Epoch [ 430/2000] LR: 0.006059 | Train Loss: 0.000166 (Data: 0.00017, Mono: 0.00000) | Val MSE: 0.000275 (RMSE: 0.0166) 
2026-09-12 16:34:31,528 - INFO - Epoch [ 440/2000] LR: 0.006027 | Train Loss: 0.000133 (Data: 0.00013, Mono: 0.00000) | Val MSE: 0.000075 (RMSE: 0.0087) 
2026-09-12 16:34:33,984 - INFO - Epoch [ 450/2000] LR: 0.005996 | Train Loss: 0.000103 (Data: 0.00010, Mono: 0.00000) | Val MSE: 0.000182 (RMSE: 0.0135) 
2026-09-12 16:34:36,537 - INFO - Epoch [ 460/2000] LR: 0.005963 | Train Loss: 0.000155 (Data: 0.00016, Mono: 0.00000) | Val MSE: 0.000068 (RMSE: 0.0083) 
2026-09-12 16:34:39,081 - INFO - Epoch [ 470/2000] LR: 0.005930 | Train Loss: 0.000207 (Data: 0.00021, Mono: 0.00000) | Val MSE: 0.000129 (RMSE: 0.0113) 
2026-09-12 16:34:41,539 - INFO - Epoch [ 480/2000] LR: 0.005896 | Train Loss: 0.000122 (Data: 0.00012, Mono: 0.00000) | Val MSE: 0.000123 (RMSE: 0.0111) 
2026-09-12 16:34:43,831 - INFO - Epoch [ 490/2000] LR: 0.005861 | Train Loss: 0.000095 (Data: 0.00009, Mono: 0.00000) | Val MSE: 0.000087 (RMSE: 0.0093) 
2026-09-12 16:34:44,056 - INFO - [*] Early stopping triggered at epoch 491. Best epoch was 411 with Val MSE: 0.000052
2026-09-12 16:34:44,056 - INFO - Training completed in 119.12s. Loading best checkpoint from epoch 411 for final test evaluation...
2026-09-12 16:34:44,187 - INFO - ==================================================
2026-09-12 16:34:44,187 - INFO - Test Results for [MIT] - [2018-04-12] (Best Epoch 411):
2026-09-12 16:34:44,187 - INFO -   Test RMSE: 0.007466
2026-09-12 16:34:44,187 - INFO -   Test MAE:  0.006135
2026-09-12 16:34:44,187 - INFO -   Test MAPE: 0.651159
2026-09-12 16:34:44,188 - INFO -   Test MSE:  0.000056
2026-09-12 16:34:44,188 - INFO - ==================================================
