2026-09-12 16:19:01,719 - INFO - ==================================================
2026-09-12 16:19:01,719 - INFO - Starting LAX Solver Training for [XJTU] - [R3]
2026-09-12 16:19:01,719 - INFO - Device: cuda | Epochs: 2000 | LR: 0.040000 | Mono Weight: 0.02560 | Center: PhI
2026-09-12 16:19:01,719 - INFO - ==================================================
2026-09-12 16:19:01,806 - INFO - Data Splits: Train=5, Val=1, Test=2
2026-09-12 16:19:01,889 - INFO - Epoch [   1/2000] LR: 0.004360 | Train Loss: 1.087246 (MSE: 1.08725, Mono: 0.00000) | Val MSE: 0.929101 (RMSE: 0.9639) [BEST]
2026-09-12 16:19:01,952 - INFO - Epoch [   2/2000] LR: 0.004720 | Train Loss: 0.823287 (MSE: 0.82329, Mono: 0.00000) | Val MSE: 0.591632 (RMSE: 0.7692) [BEST]
2026-09-12 16:19:02,009 - INFO - Epoch [   3/2000] LR: 0.005080 | Train Loss: 0.394015 (MSE: 0.39402, Mono: 0.00000) | Val MSE: 0.148723 (RMSE: 0.3856) [BEST]
2026-09-12 16:19:02,073 - INFO - Epoch [   4/2000] LR: 0.005440 | Train Loss: 0.109303 (MSE: 0.10930, Mono: 0.00000) | Val MSE: 0.016866 (RMSE: 0.1299) [BEST]
2026-09-12 16:19:02,138 - INFO - Epoch [   5/2000] LR: 0.005800 | Train Loss: 0.012019 (MSE: 0.01202, Mono: 0.00000) | Val MSE: 0.010261 (RMSE: 0.1013) [BEST]
2026-09-12 16:19:02,200 - INFO - Epoch [   6/2000] LR: 0.006160 | Train Loss: 0.005916 (MSE: 0.00592, Mono: 0.00000) | Val MSE: 0.003027 (RMSE: 0.0550) [BEST]
2026-09-12 16:19:02,265 - INFO - Epoch [   7/2000] LR: 0.006520 | Train Loss: 0.001909 (MSE: 0.00191, Mono: 0.00000) | Val MSE: 0.001707 (RMSE: 0.0413) [BEST]
2026-09-12 16:19:02,325 - INFO - Epoch [   8/2000] LR: 0.006880 | Train Loss: 0.001775 (MSE: 0.00178, Mono: 0.00000) | Val MSE: 0.000931 (RMSE: 0.0305) [BEST]
2026-09-12 16:19:02,383 - INFO - Epoch [   9/2000] LR: 0.007240 | Train Loss: 0.000594 (MSE: 0.00059, Mono: 0.00000) | Val MSE: 0.000708 (RMSE: 0.0266) [BEST]
2026-09-12 16:19:02,453 - INFO - Epoch [  10/2000] LR: 0.007600 | Train Loss: 0.000461 (MSE: 0.00046, Mono: 0.00000) | Val MSE: 0.000465 (RMSE: 0.0216) [BEST]
2026-09-12 16:19:02,515 - INFO - Epoch [  11/2000] LR: 0.007960 | Train Loss: 0.000314 (MSE: 0.00031, Mono: 0.00000) | Val MSE: 0.000257 (RMSE: 0.0160) [BEST]
2026-09-12 16:19:02,576 - INFO - Epoch [  12/2000] LR: 0.008320 | Train Loss: 0.000228 (MSE: 0.00023, Mono: 0.00000) | Val MSE: 0.000195 (RMSE: 0.0139) [BEST]
2026-09-12 16:19:02,690 - INFO - Epoch [  14/2000] LR: 0.009040 | Train Loss: 0.000184 (MSE: 0.00018, Mono: 0.00000) | Val MSE: 0.000170 (RMSE: 0.0131) [BEST]
2026-09-12 16:19:02,757 - INFO - Epoch [  15/2000] LR: 0.009400 | Train Loss: 0.000151 (MSE: 0.00015, Mono: 0.00000) | Val MSE: 0.000149 (RMSE: 0.0122) [BEST]
2026-09-12 16:19:02,884 - INFO - Epoch [  17/2000] LR: 0.010120 | Train Loss: 0.000152 (MSE: 0.00015, Mono: 0.00000) | Val MSE: 0.000129 (RMSE: 0.0114) [BEST]
2026-09-12 16:19:03,078 - INFO - Epoch [  20/2000] LR: 0.011200 | Train Loss: 0.000133 (MSE: 0.00013, Mono: 0.00000) | Val MSE: 0.000081 (RMSE: 0.0090) [BEST]
2026-09-12 16:19:03,353 - INFO - Epoch [  25/2000] LR: 0.013000 | Train Loss: 0.000154 (MSE: 0.00015, Mono: 0.00000) | Val MSE: 0.000056 (RMSE: 0.0075) [BEST]
2026-09-12 16:19:03,722 - INFO - Epoch [  30/2000] LR: 0.014800 | Train Loss: 0.000107 (MSE: 0.00011, Mono: 0.00000) | Val MSE: 0.000137 (RMSE: 0.0117) 
2026-09-12 16:19:03,888 - INFO - Epoch [  33/2000] LR: 0.015880 | Train Loss: 0.000162 (MSE: 0.00016, Mono: 0.00000) | Val MSE: 0.000051 (RMSE: 0.0072) [BEST]
2026-09-12 16:19:04,011 - INFO - Epoch [  35/2000] LR: 0.016600 | Train Loss: 0.000119 (MSE: 0.00012, Mono: 0.00000) | Val MSE: 0.000044 (RMSE: 0.0066) [BEST]
2026-09-12 16:19:04,390 - INFO - Epoch [  40/2000] LR: 0.018400 | Train Loss: 0.000139 (MSE: 0.00014, Mono: 0.00000) | Val MSE: 0.000120 (RMSE: 0.0109) 
2026-09-12 16:19:05,277 - INFO - Epoch [  50/2000] LR: 0.022000 | Train Loss: 0.000242 (MSE: 0.00024, Mono: 0.00000) | Val MSE: 0.000057 (RMSE: 0.0076) 
2026-09-12 16:19:05,656 - INFO - Epoch [  54/2000] LR: 0.023440 | Train Loss: 0.000127 (MSE: 0.00013, Mono: 0.00000) | Val MSE: 0.000039 (RMSE: 0.0062) [BEST]
2026-09-12 16:19:06,077 - INFO - Epoch [  60/2000] LR: 0.025600 | Train Loss: 0.000127 (MSE: 0.00013, Mono: 0.00000) | Val MSE: 0.000187 (RMSE: 0.0137) 
2026-09-12 16:19:06,682 - INFO - Epoch [  70/2000] LR: 0.029200 | Train Loss: 0.000807 (MSE: 0.00081, Mono: 0.00000) | Val MSE: 0.000134 (RMSE: 0.0116) 
2026-09-12 16:19:07,257 - INFO - Epoch [  80/2000] LR: 0.032800 | Train Loss: 0.000269 (MSE: 0.00027, Mono: 0.00000) | Val MSE: 0.000084 (RMSE: 0.0092) 
2026-09-12 16:19:07,793 - INFO - Epoch [  90/2000] LR: 0.036400 | Train Loss: 0.000339 (MSE: 0.00034, Mono: 0.00000) | Val MSE: 0.000156 (RMSE: 0.0125) 
2026-09-12 16:19:08,033 - INFO - Epoch [  94/2000] LR: 0.037840 | Train Loss: 0.000188 (MSE: 0.00019, Mono: 0.00000) | Val MSE: 0.000034 (RMSE: 0.0058) [BEST]
2026-09-12 16:19:08,379 - INFO - Epoch [ 100/2000] LR: 0.040000 | Train Loss: 0.000115 (MSE: 0.00012, Mono: 0.00000) | Val MSE: 0.000160 (RMSE: 0.0127) 
2026-09-12 16:19:08,933 - INFO - Epoch [ 110/2000] LR: 0.039997 | Train Loss: 0.000221 (MSE: 0.00022, Mono: 0.00000) | Val MSE: 0.000181 (RMSE: 0.0134) 
2026-09-12 16:19:09,509 - INFO - Epoch [ 120/2000] LR: 0.039989 | Train Loss: 0.000371 (MSE: 0.00037, Mono: 0.00000) | Val MSE: 0.000483 (RMSE: 0.0220) 
2026-09-12 16:19:10,054 - INFO - Epoch [ 130/2000] LR: 0.039975 | Train Loss: 0.000230 (MSE: 0.00023, Mono: 0.00000) | Val MSE: 0.000471 (RMSE: 0.0217) 
2026-09-12 16:19:10,611 - INFO - Epoch [ 140/2000] LR: 0.039956 | Train Loss: 0.000381 (MSE: 0.00038, Mono: 0.00000) | Val MSE: 0.000085 (RMSE: 0.0092) 
2026-09-12 16:19:10,835 - INFO - [*] Early stopping triggered at epoch 144. Best epoch was 94 with Val MSE: 0.000034
2026-09-12 16:19:10,836 - INFO - Training completed in 9.03s. Loading best checkpoint from epoch 94 for final test evaluation...
2026-09-12 16:19:10,866 - INFO - ==================================================
2026-09-12 16:19:10,867 - INFO - Test Results for [XJTU] - [R3] (Best Epoch 94):
2026-09-12 16:19:10,867 - INFO -   Test RMSE: 0.009598
2026-09-12 16:19:10,867 - INFO -   Test MAE:  0.006968
2026-09-12 16:19:10,867 - INFO -   Test MAPE: 0.757988
2026-09-12 16:19:10,867 - INFO -   Test MSE:  0.000092
2026-09-12 16:19:10,867 - INFO - ==================================================
