2026-09-12 16:02:19,068 - INFO - ==================================================
2026-09-12 16:02:19,068 - INFO - Starting DeepOPINN Training for [HUST] - [default]
2026-09-12 16:02:19,068 - INFO - Device: cuda | Epochs: 2000 | LR: 0.000722 | Alpha (PDE): 0.27959 | Beta (Mono): 0.13081
2026-09-12 16:02:19,068 - INFO - ==================================================
2026-09-12 16:02:20,041 - INFO - Data Splits: Train=53, Val=12, Test=12
2026-09-12 16:02:22,798 - INFO - Epoch [   1/2000] LR: 0.005087 | Train Loss: 0.064959 (Data: 0.06279, PDE*kpd: 0.00775, Mono: 0.00001) | Val MSE: 0.001246 (RMSE: 0.0353) [BEST]
2026-09-12 16:02:23,217 - INFO - Epoch [   2/2000] LR: 0.004937 | Train Loss: 0.004106 (Data: 0.00284, PDE*kpd: 0.00453, Mono: 0.00000) | Val MSE: 0.000383 (RMSE: 0.0196) [BEST]
2026-09-12 16:02:23,648 - INFO - Epoch [   3/2000] LR: 0.004786 | Train Loss: 0.003026 (Data: 0.00210, PDE*kpd: 0.00333, Mono: 0.00000) | Val MSE: 0.000248 (RMSE: 0.0157) [BEST]
2026-09-12 16:02:24,146 - INFO - Epoch [   4/2000] LR: 0.004636 | Train Loss: 0.002374 (Data: 0.00167, PDE*kpd: 0.00251, Mono: 0.00000) | Val MSE: 0.000236 (RMSE: 0.0154) [BEST]
2026-09-12 16:02:24,517 - INFO - Epoch [   5/2000] LR: 0.004485 | Train Loss: 0.001817 (Data: 0.00127, PDE*kpd: 0.00196, Mono: 0.00000) | Val MSE: 0.000138 (RMSE: 0.0118) [BEST]
2026-09-12 16:02:25,236 - INFO - Epoch [   7/2000] LR: 0.004184 | Train Loss: 0.001322 (Data: 0.00095, PDE*kpd: 0.00135, Mono: 0.00000) | Val MSE: 0.000122 (RMSE: 0.0110) [BEST]
2026-09-12 16:02:26,452 - INFO - Epoch [  10/2000] LR: 0.003732 | Train Loss: 0.000917 (Data: 0.00068, PDE*kpd: 0.00084, Mono: 0.00000) | Val MSE: 0.000154 (RMSE: 0.0124) 
2026-09-12 16:02:26,842 - INFO - Epoch [  11/2000] LR: 0.003582 | Train Loss: 0.000806 (Data: 0.00060, PDE*kpd: 0.00074, Mono: 0.00000) | Val MSE: 0.000098 (RMSE: 0.0099) [BEST]
2026-09-12 16:02:30,281 - INFO - Epoch [  20/2000] LR: 0.002227 | Train Loss: 0.000527 (Data: 0.00045, PDE*kpd: 0.00028, Mono: 0.00000) | Val MSE: 0.000127 (RMSE: 0.0113) 
2026-09-12 16:02:30,677 - INFO - Epoch [  21/2000] LR: 0.002076 | Train Loss: 0.000404 (Data: 0.00033, PDE*kpd: 0.00025, Mono: 0.00000) | Val MSE: 0.000069 (RMSE: 0.0083) [BEST]
2026-09-12 16:02:34,072 - INFO - Epoch [  30/2000] LR: 0.000722 | Train Loss: 0.000309 (Data: 0.00028, PDE*kpd: 0.00012, Mono: 0.00000) | Val MSE: 0.000142 (RMSE: 0.0119) 
2026-09-12 16:02:37,808 - INFO - Epoch [  40/2000] LR: 0.000721 | Train Loss: 0.000297 (Data: 0.00028, PDE*kpd: 0.00005, Mono: 0.00000) | Val MSE: 0.000126 (RMSE: 0.0112) 
2026-09-12 16:02:41,537 - INFO - Epoch [  50/2000] LR: 0.000721 | Train Loss: 0.000355 (Data: 0.00035, PDE*kpd: 0.00002, Mono: 0.00000) | Val MSE: 0.000125 (RMSE: 0.0112) 
2026-09-12 16:02:45,206 - INFO - Epoch [  60/2000] LR: 0.000721 | Train Loss: 0.000274 (Data: 0.00027, PDE*kpd: 0.00001, Mono: 0.00000) | Val MSE: 0.000139 (RMSE: 0.0118) 
2026-09-12 16:02:48,824 - INFO - Epoch [  70/2000] LR: 0.000721 | Train Loss: 0.000262 (Data: 0.00026, PDE*kpd: 0.00000, Mono: 0.00000) | Val MSE: 0.000128 (RMSE: 0.0113) 
2026-09-12 16:02:52,480 - INFO - Epoch [  80/2000] LR: 0.000720 | Train Loss: 0.000299 (Data: 0.00030, PDE*kpd: 0.00000, Mono: 0.00000) | Val MSE: 0.000169 (RMSE: 0.0130) 
2026-09-12 16:02:53,226 - INFO - Epoch [  82/2000] LR: 0.000720 | Train Loss: 0.000279 (Data: 0.00028, PDE*kpd: 0.00000, Mono: 0.00000) | Val MSE: 0.000067 (RMSE: 0.0082) [BEST]
2026-09-12 16:02:56,322 - INFO - Epoch [  90/2000] LR: 0.000720 | Train Loss: 0.000240 (Data: 0.00024, PDE*kpd: 0.00000, Mono: 0.00000) | Val MSE: 0.000107 (RMSE: 0.0103) 
2026-09-12 16:03:00,317 - INFO - Epoch [ 100/2000] LR: 0.000719 | Train Loss: 0.000226 (Data: 0.00023, PDE*kpd: 0.00000, Mono: 0.00000) | Val MSE: 0.000182 (RMSE: 0.0135) 
2026-09-12 16:03:04,707 - INFO - Epoch [ 110/2000] LR: 0.000719 | Train Loss: 0.000201 (Data: 0.00020, PDE*kpd: 0.00000, Mono: 0.00000) | Val MSE: 0.000150 (RMSE: 0.0122) 
2026-09-12 16:03:09,821 - INFO - Epoch [ 120/2000] LR: 0.000718 | Train Loss: 0.000179 (Data: 0.00018, PDE*kpd: 0.00000, Mono: 0.00000) | Val MSE: 0.000120 (RMSE: 0.0110) 
2026-09-12 16:03:15,401 - INFO - Epoch [ 130/2000] LR: 0.000717 | Train Loss: 0.000192 (Data: 0.00019, PDE*kpd: 0.00000, Mono: 0.00000) | Val MSE: 0.000190 (RMSE: 0.0138) 
2026-09-12 16:03:20,660 - INFO - Epoch [ 140/2000] LR: 0.000716 | Train Loss: 0.000193 (Data: 0.00019, PDE*kpd: 0.00000, Mono: 0.00000) | Val MSE: 0.000174 (RMSE: 0.0132) 
2026-09-12 16:03:26,112 - INFO - Epoch [ 150/2000] LR: 0.000715 | Train Loss: 0.000175 (Data: 0.00017, PDE*kpd: 0.00000, Mono: 0.00000) | Val MSE: 0.000246 (RMSE: 0.0157) 
2026-09-12 16:03:31,722 - INFO - Epoch [ 160/2000] LR: 0.000714 | Train Loss: 0.000186 (Data: 0.00019, PDE*kpd: 0.00000, Mono: 0.00000) | Val MSE: 0.000307 (RMSE: 0.0175) 
2026-09-12 16:03:32,876 - INFO - [*] Early stopping triggered at epoch 162. Best epoch was 82 with Val MSE: 0.000067
2026-09-12 16:03:32,876 - INFO - Training completed in 71.39s. Loading best checkpoint from epoch 82 for final test evaluation...
2026-09-12 16:03:32,920 - INFO - ==================================================
2026-09-12 16:03:32,921 - INFO - Test Results for [HUST] - [default] (Best Epoch 82):
2026-09-12 16:03:32,921 - INFO -   Test RMSE: 0.012910
2026-09-12 16:03:32,921 - INFO -   Test MAE:  0.009500
2026-09-12 16:03:32,921 - INFO -   Test MAPE: 0.966275
2026-09-12 16:03:32,921 - INFO -   Test MSE:  0.000167
2026-09-12 16:03:32,921 - INFO - ==================================================
