2026-09-12 16:19:14,791 - INFO - ==================================================
2026-09-12 16:19:14,792 - INFO - Starting LAX Solver Training for [XJTU] - [Sim_satellite]
2026-09-12 16:19:14,792 - INFO - Device: cuda | Epochs: 2000 | LR: 0.040000 | Mono Weight: 0.02560 | Center: PhI
2026-09-12 16:19:14,792 - INFO - ==================================================
2026-09-12 16:19:14,886 - INFO - Data Splits: Train=5, Val=1, Test=2
2026-09-12 16:19:14,972 - INFO - Epoch [   1/2000] LR: 0.004360 | Train Loss: 0.574165 (MSE: 0.57417, Mono: 0.00000) | Val MSE: 0.488298 (RMSE: 0.6988) [BEST]
2026-09-12 16:19:15,046 - INFO - Epoch [   2/2000] LR: 0.004720 | Train Loss: 0.417101 (MSE: 0.41710, Mono: 0.00000) | Val MSE: 0.313082 (RMSE: 0.5595) [BEST]
2026-09-12 16:19:15,116 - INFO - Epoch [   3/2000] LR: 0.005080 | Train Loss: 0.208644 (MSE: 0.20864, Mono: 0.00000) | Val MSE: 0.083921 (RMSE: 0.2897) [BEST]
2026-09-12 16:19:15,225 - INFO - Epoch [   4/2000] LR: 0.005440 | Train Loss: 0.054653 (MSE: 0.05465, Mono: 0.00000) | Val MSE: 0.019560 (RMSE: 0.1399) [BEST]
2026-09-12 16:19:15,291 - INFO - Epoch [   5/2000] LR: 0.005800 | Train Loss: 0.007913 (MSE: 0.00791, Mono: 0.00000) | Val MSE: 0.001264 (RMSE: 0.0356) [BEST]
2026-09-12 16:19:15,500 - INFO - Epoch [   8/2000] LR: 0.006880 | Train Loss: 0.001587 (MSE: 0.00159, Mono: 0.00000) | Val MSE: 0.000487 (RMSE: 0.0221) [BEST]
2026-09-12 16:19:15,641 - INFO - Epoch [  10/2000] LR: 0.007600 | Train Loss: 0.000849 (MSE: 0.00085, Mono: 0.00000) | Val MSE: 0.000570 (RMSE: 0.0239) 
2026-09-12 16:19:15,712 - INFO - Epoch [  11/2000] LR: 0.007960 | Train Loss: 0.000671 (MSE: 0.00067, Mono: 0.00000) | Val MSE: 0.000416 (RMSE: 0.0204) [BEST]
2026-09-12 16:19:15,781 - INFO - Epoch [  12/2000] LR: 0.008320 | Train Loss: 0.000428 (MSE: 0.00043, Mono: 0.00000) | Val MSE: 0.000326 (RMSE: 0.0180) [BEST]
2026-09-12 16:19:15,858 - INFO - Epoch [  13/2000] LR: 0.008680 | Train Loss: 0.000418 (MSE: 0.00042, Mono: 0.00000) | Val MSE: 0.000203 (RMSE: 0.0142) [BEST]
2026-09-12 16:19:15,987 - INFO - Epoch [  15/2000] LR: 0.009400 | Train Loss: 0.000287 (MSE: 0.00029, Mono: 0.00000) | Val MSE: 0.000200 (RMSE: 0.0141) [BEST]
2026-09-12 16:19:16,051 - INFO - Epoch [  16/2000] LR: 0.009760 | Train Loss: 0.000297 (MSE: 0.00030, Mono: 0.00000) | Val MSE: 0.000168 (RMSE: 0.0129) [BEST]
2026-09-12 16:19:16,199 - INFO - Epoch [  18/2000] LR: 0.010480 | Train Loss: 0.000254 (MSE: 0.00025, Mono: 0.00000) | Val MSE: 0.000150 (RMSE: 0.0122) [BEST]
2026-09-12 16:19:16,270 - INFO - Epoch [  19/2000] LR: 0.010840 | Train Loss: 0.000263 (MSE: 0.00026, Mono: 0.00000) | Val MSE: 0.000142 (RMSE: 0.0119) [BEST]
2026-09-12 16:19:16,356 - INFO - Epoch [  20/2000] LR: 0.011200 | Train Loss: 0.000288 (MSE: 0.00029, Mono: 0.00000) | Val MSE: 0.000129 (RMSE: 0.0114) [BEST]
2026-09-12 16:19:16,496 - INFO - Epoch [  22/2000] LR: 0.011920 | Train Loss: 0.000226 (MSE: 0.00023, Mono: 0.00000) | Val MSE: 0.000115 (RMSE: 0.0107) [BEST]
2026-09-12 16:19:16,570 - INFO - Epoch [  23/2000] LR: 0.012280 | Train Loss: 0.000242 (MSE: 0.00024, Mono: 0.00000) | Val MSE: 0.000113 (RMSE: 0.0106) [BEST]
2026-09-12 16:19:16,657 - INFO - Epoch [  24/2000] LR: 0.012640 | Train Loss: 0.000258 (MSE: 0.00026, Mono: 0.00000) | Val MSE: 0.000098 (RMSE: 0.0099) [BEST]
2026-09-12 16:19:16,810 - INFO - Epoch [  26/2000] LR: 0.013360 | Train Loss: 0.000253 (MSE: 0.00025, Mono: 0.00000) | Val MSE: 0.000094 (RMSE: 0.0097) [BEST]
2026-09-12 16:19:16,875 - INFO - Epoch [  27/2000] LR: 0.013720 | Train Loss: 0.000250 (MSE: 0.00025, Mono: 0.00000) | Val MSE: 0.000092 (RMSE: 0.0096) [BEST]
2026-09-12 16:19:16,944 - INFO - Epoch [  28/2000] LR: 0.014080 | Train Loss: 0.000196 (MSE: 0.00020, Mono: 0.00000) | Val MSE: 0.000088 (RMSE: 0.0094) [BEST]
2026-09-12 16:19:17,083 - INFO - Epoch [  30/2000] LR: 0.014800 | Train Loss: 0.000210 (MSE: 0.00021, Mono: 0.00000) | Val MSE: 0.000176 (RMSE: 0.0133) 
2026-09-12 16:19:17,725 - INFO - Epoch [  39/2000] LR: 0.018040 | Train Loss: 0.000192 (MSE: 0.00019, Mono: 0.00000) | Val MSE: 0.000080 (RMSE: 0.0090) [BEST]
2026-09-12 16:19:17,791 - INFO - Epoch [  40/2000] LR: 0.018400 | Train Loss: 0.000196 (MSE: 0.00020, Mono: 0.00000) | Val MSE: 0.000144 (RMSE: 0.0120) 
2026-09-12 16:19:17,855 - INFO - Epoch [  41/2000] LR: 0.018760 | Train Loss: 0.000277 (MSE: 0.00028, Mono: 0.00000) | Val MSE: 0.000071 (RMSE: 0.0084) [BEST]
2026-09-12 16:19:17,933 - INFO - Epoch [  42/2000] LR: 0.019120 | Train Loss: 0.000217 (MSE: 0.00022, Mono: 0.00000) | Val MSE: 0.000065 (RMSE: 0.0081) [BEST]
2026-09-12 16:19:18,180 - INFO - Epoch [  45/2000] LR: 0.020200 | Train Loss: 0.000235 (MSE: 0.00023, Mono: 0.00000) | Val MSE: 0.000063 (RMSE: 0.0079) [BEST]
2026-09-12 16:19:18,517 - INFO - Epoch [  50/2000] LR: 0.022000 | Train Loss: 0.000180 (MSE: 0.00018, Mono: 0.00000) | Val MSE: 0.000066 (RMSE: 0.0081) 
2026-09-12 16:19:19,204 - INFO - Epoch [  60/2000] LR: 0.025600 | Train Loss: 0.000639 (MSE: 0.00064, Mono: 0.00000) | Val MSE: 0.000628 (RMSE: 0.0251) 
2026-09-12 16:19:19,880 - INFO - Epoch [  70/2000] LR: 0.029200 | Train Loss: 0.000534 (MSE: 0.00053, Mono: 0.00000) | Val MSE: 0.000268 (RMSE: 0.0164) 
2026-09-12 16:19:20,564 - INFO - Epoch [  80/2000] LR: 0.032800 | Train Loss: 0.000231 (MSE: 0.00023, Mono: 0.00000) | Val MSE: 0.000319 (RMSE: 0.0179) 
2026-09-12 16:19:21,261 - INFO - Epoch [  90/2000] LR: 0.036400 | Train Loss: 0.000284 (MSE: 0.00028, Mono: 0.00000) | Val MSE: 0.000153 (RMSE: 0.0123) 
2026-09-12 16:19:21,586 - INFO - [*] Early stopping triggered at epoch 95. Best epoch was 45 with Val MSE: 0.000063
2026-09-12 16:19:21,587 - INFO - Training completed in 6.70s. Loading best checkpoint from epoch 45 for final test evaluation...
2026-09-12 16:19:21,623 - INFO - ==================================================
2026-09-12 16:19:21,624 - INFO - Test Results for [XJTU] - [Sim_satellite] (Best Epoch 45):
2026-09-12 16:19:21,624 - INFO -   Test RMSE: 0.017260
2026-09-12 16:19:21,624 - INFO -   Test MAE:  0.013077
2026-09-12 16:19:21,624 - INFO -   Test MAPE: 1.403753
2026-09-12 16:19:21,624 - INFO -   Test MSE:  0.000298
2026-09-12 16:19:21,624 - INFO - ==================================================
