2026-09-12 16:08:24,596 - INFO - ==================================================
2026-09-12 16:08:24,598 - INFO - Starting DeepOPINN Training for [XJTU] - [3C]
2026-09-12 16:08:24,598 - INFO - Device: cuda | Epochs: 2000 | LR: 0.006252 | Alpha (PDE): 0.11809 | Beta (Mono): 0.01596
2026-09-12 16:08:24,598 - INFO - ==================================================
2026-09-12 16:08:24,800 - INFO - Data Splits: Train=10, Val=2, Test=3
2026-09-12 16:08:25,168 - INFO - Epoch [   1/2000] LR: 0.006268 | Train Loss: 0.262541 (Data: 0.22124, PDE*kpd: 0.34972, Mono: 0.00006) | Val MSE: 0.032103 (RMSE: 0.1792) [BEST]
2026-09-12 16:08:25,350 - INFO - Epoch [   2/2000] LR: 0.006267 | Train Loss: 0.020050 (Data: 0.01990, PDE*kpd: 0.00123, Mono: 0.00004) | Val MSE: 0.010971 (RMSE: 0.1047) [BEST]
2026-09-12 16:08:25,606 - INFO - Epoch [   3/2000] LR: 0.006267 | Train Loss: 0.009667 (Data: 0.00963, PDE*kpd: 0.00029, Mono: 0.00003) | Val MSE: 0.001675 (RMSE: 0.0409) [BEST]
2026-09-12 16:08:25,733 - INFO - Epoch [   4/2000] LR: 0.006266 | Train Loss: 0.004619 (Data: 0.00459, PDE*kpd: 0.00020, Mono: 0.00003) | Val MSE: 0.000469 (RMSE: 0.0216) [BEST]
2026-09-12 16:08:25,998 - INFO - Epoch [   6/2000] LR: 0.006265 | Train Loss: 0.002290 (Data: 0.00228, PDE*kpd: 0.00008, Mono: 0.00002) | Val MSE: 0.000168 (RMSE: 0.0130) [BEST]
2026-09-12 16:08:26,309 - INFO - Epoch [   9/2000] LR: 0.006263 | Train Loss: 0.001896 (Data: 0.00189, PDE*kpd: 0.00005, Mono: 0.00002) | Val MSE: 0.000159 (RMSE: 0.0126) [BEST]
2026-09-12 16:08:26,412 - INFO - Epoch [  10/2000] LR: 0.006263 | Train Loss: 0.001516 (Data: 0.00151, PDE*kpd: 0.00005, Mono: 0.00002) | Val MSE: 0.001597 (RMSE: 0.0400) 
2026-09-12 16:08:26,789 - INFO - Epoch [  13/2000] LR: 0.006261 | Train Loss: 0.001331 (Data: 0.00133, PDE*kpd: 0.00004, Mono: 0.00001) | Val MSE: 0.000153 (RMSE: 0.0124) [BEST]
2026-09-12 16:08:26,913 - INFO - Epoch [  14/2000] LR: 0.006261 | Train Loss: 0.001173 (Data: 0.00117, PDE*kpd: 0.00003, Mono: 0.00001) | Val MSE: 0.000151 (RMSE: 0.0123) [BEST]
2026-09-12 16:08:27,440 - INFO - Epoch [  19/2000] LR: 0.006258 | Train Loss: 0.000953 (Data: 0.00095, PDE*kpd: 0.00002, Mono: 0.00001) | Val MSE: 0.000144 (RMSE: 0.0120) [BEST]
2026-09-12 16:08:27,541 - INFO - Epoch [  20/2000] LR: 0.006257 | Train Loss: 0.001231 (Data: 0.00123, PDE*kpd: 0.00002, Mono: 0.00001) | Val MSE: 0.000597 (RMSE: 0.0244) 
2026-09-12 16:08:28,061 - INFO - Epoch [  25/2000] LR: 0.006255 | Train Loss: 0.000943 (Data: 0.00094, PDE*kpd: 0.00002, Mono: 0.00001) | Val MSE: 0.000095 (RMSE: 0.0097) [BEST]
2026-09-12 16:08:28,383 - INFO - Epoch [  28/2000] LR: 0.006253 | Train Loss: 0.000850 (Data: 0.00085, PDE*kpd: 0.00001, Mono: 0.00001) | Val MSE: 0.000078 (RMSE: 0.0088) [BEST]
2026-09-12 16:08:28,600 - INFO - Epoch [  30/2000] LR: 0.006252 | Train Loss: 0.000948 (Data: 0.00095, PDE*kpd: 0.00001, Mono: 0.00001) | Val MSE: 0.000852 (RMSE: 0.0292) 
2026-09-12 16:08:28,806 - INFO - Epoch [  32/2000] LR: 0.006252 | Train Loss: 0.000607 (Data: 0.00061, PDE*kpd: 0.00001, Mono: 0.00001) | Val MSE: 0.000072 (RMSE: 0.0085) [BEST]
2026-09-12 16:08:29,463 - INFO - Epoch [  38/2000] LR: 0.006252 | Train Loss: 0.000505 (Data: 0.00050, PDE*kpd: 0.00001, Mono: 0.00001) | Val MSE: 0.000070 (RMSE: 0.0084) [BEST]
2026-09-12 16:08:29,679 - INFO - Epoch [  40/2000] LR: 0.006252 | Train Loss: 0.000545 (Data: 0.00054, PDE*kpd: 0.00001, Mono: 0.00001) | Val MSE: 0.000051 (RMSE: 0.0071) [BEST]
2026-09-12 16:08:30,792 - INFO - Epoch [  50/2000] LR: 0.006251 | Train Loss: 0.000527 (Data: 0.00053, PDE*kpd: 0.00001, Mono: 0.00001) | Val MSE: 0.000100 (RMSE: 0.0100) 
2026-09-12 16:08:31,455 - INFO - Epoch [  56/2000] LR: 0.006249 | Train Loss: 0.000608 (Data: 0.00061, PDE*kpd: 0.00000, Mono: 0.00001) | Val MSE: 0.000050 (RMSE: 0.0071) [BEST]
2026-09-12 16:08:31,923 - INFO - Epoch [  60/2000] LR: 0.006249 | Train Loss: 0.000644 (Data: 0.00064, PDE*kpd: 0.00000, Mono: 0.00001) | Val MSE: 0.000114 (RMSE: 0.0107) 
2026-09-12 16:08:32,378 - INFO - Epoch [  64/2000] LR: 0.006248 | Train Loss: 0.000296 (Data: 0.00030, PDE*kpd: 0.00000, Mono: 0.00001) | Val MSE: 0.000045 (RMSE: 0.0067) [BEST]
2026-09-12 16:08:33,177 - INFO - Epoch [  70/2000] LR: 0.006246 | Train Loss: 0.000312 (Data: 0.00031, PDE*kpd: 0.00000, Mono: 0.00001) | Val MSE: 0.000162 (RMSE: 0.0127) 
2026-09-12 16:08:33,855 - INFO - Epoch [  77/2000] LR: 0.006243 | Train Loss: 0.000266 (Data: 0.00027, PDE*kpd: 0.00000, Mono: 0.00001) | Val MSE: 0.000042 (RMSE: 0.0065) [BEST]
2026-09-12 16:08:34,130 - INFO - Epoch [  80/2000] LR: 0.006242 | Train Loss: 0.000484 (Data: 0.00048, PDE*kpd: 0.00000, Mono: 0.00001) | Val MSE: 0.000607 (RMSE: 0.0246) 
2026-09-12 16:08:35,083 - INFO - Epoch [  90/2000] LR: 0.006238 | Train Loss: 0.000262 (Data: 0.00026, PDE*kpd: 0.00000, Mono: 0.00001) | Val MSE: 0.000153 (RMSE: 0.0124) 
2026-09-12 16:08:36,045 - INFO - Epoch [ 100/2000] LR: 0.006233 | Train Loss: 0.000454 (Data: 0.00045, PDE*kpd: 0.00000, Mono: 0.00000) | Val MSE: 0.000228 (RMSE: 0.0151) 
2026-09-12 16:08:36,977 - INFO - Epoch [ 110/2000] LR: 0.006227 | Train Loss: 0.000183 (Data: 0.00018, PDE*kpd: 0.00000, Mono: 0.00000) | Val MSE: 0.000233 (RMSE: 0.0153) 
2026-09-12 16:08:38,009 - INFO - Epoch [ 120/2000] LR: 0.006220 | Train Loss: 0.000148 (Data: 0.00015, PDE*kpd: 0.00000, Mono: 0.00000) | Val MSE: 0.000058 (RMSE: 0.0076) 
2026-09-12 16:08:38,918 - INFO - Epoch [ 130/2000] LR: 0.006212 | Train Loss: 0.000130 (Data: 0.00013, PDE*kpd: 0.00000, Mono: 0.00000) | Val MSE: 0.000120 (RMSE: 0.0109) 
2026-09-12 16:08:39,919 - INFO - Epoch [ 140/2000] LR: 0.006204 | Train Loss: 0.000241 (Data: 0.00024, PDE*kpd: 0.00000, Mono: 0.00000) | Val MSE: 0.000142 (RMSE: 0.0119) 
2026-09-12 16:08:40,897 - INFO - Epoch [ 150/2000] LR: 0.006195 | Train Loss: 0.000126 (Data: 0.00013, PDE*kpd: 0.00000, Mono: 0.00000) | Val MSE: 0.000050 (RMSE: 0.0071) 
2026-09-12 16:08:41,669 - INFO - [*] Early stopping triggered at epoch 157. Best epoch was 77 with Val MSE: 0.000042
2026-09-12 16:08:41,669 - INFO - Training completed in 16.86s. Loading best checkpoint from epoch 77 for final test evaluation...
2026-09-12 16:08:41,693 - INFO - ==================================================
2026-09-12 16:08:41,694 - INFO - Test Results for [XJTU] - [3C] (Best Epoch 77):
2026-09-12 16:08:41,694 - INFO -   Test RMSE: 0.012524
2026-09-12 16:08:41,694 - INFO -   Test MAE:  0.010864
2026-09-12 16:08:41,694 - INFO -   Test MAPE: 1.140257
2026-09-12 16:08:41,694 - INFO -   Test MSE:  0.000157
2026-09-12 16:08:41,694 - INFO - ==================================================
