2026-09-12 16:27:13,967 - INFO - ==================================================
2026-09-12 16:27:13,968 - INFO - Starting FusionMLP Training for [MIT] - [2017-05-12]
2026-09-12 16:27:13,968 - INFO - Device: cuda | Epochs: 2000 | LR: 0.006664 | Mono Weight: 0.0146 | Knee Feature: True
2026-09-12 16:27:13,968 - INFO - ==================================================
2026-09-12 16:27:14,615 - INFO - Data Splits: Train=32, Val=7, Test=7
2026-09-12 16:27:15,151 - INFO - Epoch [   1/2000] LR: 0.006169 | Train Loss: 0.407621 (Data: 0.40762, Mono: 0.00006) | Val MSE: 0.018455 (RMSE: 0.1358) [BEST]
2026-09-12 16:27:15,605 - INFO - Epoch [   2/2000] LR: 0.006179 | Train Loss: 0.072899 (Data: 0.07290, Mono: 0.00006) | Val MSE: 0.001217 (RMSE: 0.0349) [BEST]
2026-09-12 16:27:15,981 - INFO - Epoch [   3/2000] LR: 0.006189 | Train Loss: 0.044473 (Data: 0.04447, Mono: 0.00004) | Val MSE: 0.000657 (RMSE: 0.0256) [BEST]
2026-09-12 16:27:16,351 - INFO - Epoch [   4/2000] LR: 0.006199 | Train Loss: 0.029514 (Data: 0.02951, Mono: 0.00004) | Val MSE: 0.000451 (RMSE: 0.0212) [BEST]
2026-09-12 16:27:17,123 - INFO - Epoch [   6/2000] LR: 0.006219 | Train Loss: 0.015796 (Data: 0.01580, Mono: 0.00003) | Val MSE: 0.000275 (RMSE: 0.0166) [BEST]
2026-09-12 16:27:17,871 - INFO - Epoch [   8/2000] LR: 0.006240 | Train Loss: 0.010738 (Data: 0.01074, Mono: 0.00002) | Val MSE: 0.000273 (RMSE: 0.0165) [BEST]
2026-09-12 16:27:18,825 - INFO - Epoch [  10/2000] LR: 0.006260 | Train Loss: 0.008101 (Data: 0.00810, Mono: 0.00002) | Val MSE: 0.000281 (RMSE: 0.0168) 
2026-09-12 16:27:20,868 - INFO - Epoch [  15/2000] LR: 0.006310 | Train Loss: 0.004424 (Data: 0.00442, Mono: 0.00001) | Val MSE: 0.000267 (RMSE: 0.0164) [BEST]
2026-09-12 16:27:22,900 - INFO - Epoch [  20/2000] LR: 0.006361 | Train Loss: 0.002786 (Data: 0.00279, Mono: 0.00001) | Val MSE: 0.000372 (RMSE: 0.0193) 
2026-09-12 16:27:23,750 - INFO - Epoch [  22/2000] LR: 0.006381 | Train Loss: 0.002321 (Data: 0.00232, Mono: 0.00001) | Val MSE: 0.000256 (RMSE: 0.0160) [BEST]
2026-09-12 16:27:24,653 - INFO - Epoch [  24/2000] LR: 0.006401 | Train Loss: 0.001928 (Data: 0.00193, Mono: 0.00001) | Val MSE: 0.000254 (RMSE: 0.0159) [BEST]
2026-09-12 16:27:26,397 - INFO - Epoch [  28/2000] LR: 0.006442 | Train Loss: 0.001359 (Data: 0.00136, Mono: 0.00001) | Val MSE: 0.000239 (RMSE: 0.0155) [BEST]
2026-09-12 16:27:27,271 - INFO - Epoch [  30/2000] LR: 0.006462 | Train Loss: 0.001146 (Data: 0.00115, Mono: 0.00001) | Val MSE: 0.000245 (RMSE: 0.0157) 
2026-09-12 16:27:31,502 - INFO - Epoch [  38/2000] LR: 0.006543 | Train Loss: 0.000700 (Data: 0.00070, Mono: 0.00000) | Val MSE: 0.000233 (RMSE: 0.0153) [BEST]
2026-09-12 16:27:32,278 - INFO - Epoch [  40/2000] LR: 0.006563 | Train Loss: 0.000755 (Data: 0.00076, Mono: 0.00000) | Val MSE: 0.000238 (RMSE: 0.0154) 
2026-09-12 16:27:35,016 - INFO - Epoch [  47/2000] LR: 0.006633 | Train Loss: 0.000481 (Data: 0.00048, Mono: 0.00000) | Val MSE: 0.000231 (RMSE: 0.0152) [BEST]
2026-09-12 16:27:36,081 - INFO - Epoch [  50/2000] LR: 0.006664 | Train Loss: 0.000483 (Data: 0.00048, Mono: 0.00000) | Val MSE: 0.000225 (RMSE: 0.0150) [BEST]
2026-09-12 16:27:39,501 - INFO - Epoch [  59/2000] LR: 0.006663 | Train Loss: 0.000380 (Data: 0.00038, Mono: 0.00000) | Val MSE: 0.000217 (RMSE: 0.0147) [BEST]
2026-09-12 16:27:39,898 - INFO - Epoch [  60/2000] LR: 0.006663 | Train Loss: 0.000401 (Data: 0.00040, Mono: 0.00000) | Val MSE: 0.000219 (RMSE: 0.0148) 
2026-09-12 16:27:43,777 - INFO - Epoch [  70/2000] LR: 0.006662 | Train Loss: 0.000390 (Data: 0.00039, Mono: 0.00000) | Val MSE: 0.000354 (RMSE: 0.0188) 
2026-09-12 16:27:46,097 - INFO - Epoch [  76/2000] LR: 0.006661 | Train Loss: 0.000405 (Data: 0.00041, Mono: 0.00000) | Val MSE: 0.000208 (RMSE: 0.0144) [BEST]
2026-09-12 16:27:47,752 - INFO - Epoch [  80/2000] LR: 0.006660 | Train Loss: 0.000347 (Data: 0.00035, Mono: 0.00000) | Val MSE: 0.000206 (RMSE: 0.0143) [BEST]
2026-09-12 16:27:48,932 - INFO - Epoch [  83/2000] LR: 0.006659 | Train Loss: 0.000355 (Data: 0.00035, Mono: 0.00000) | Val MSE: 0.000200 (RMSE: 0.0141) [BEST]
2026-09-12 16:27:51,307 - INFO - Epoch [  89/2000] LR: 0.006657 | Train Loss: 0.000356 (Data: 0.00036, Mono: 0.00000) | Val MSE: 0.000197 (RMSE: 0.0140) [BEST]
2026-09-12 16:27:51,688 - INFO - Epoch [  90/2000] LR: 0.006657 | Train Loss: 0.000431 (Data: 0.00043, Mono: 0.00000) | Val MSE: 0.000403 (RMSE: 0.0201) 
2026-09-12 16:27:55,592 - INFO - Epoch [ 100/2000] LR: 0.006653 | Train Loss: 0.000337 (Data: 0.00034, Mono: 0.00000) | Val MSE: 0.000221 (RMSE: 0.0149) 
2026-09-12 16:27:56,368 - INFO - Epoch [ 102/2000] LR: 0.006652 | Train Loss: 0.000337 (Data: 0.00034, Mono: 0.00000) | Val MSE: 0.000195 (RMSE: 0.0140) [BEST]
2026-09-12 16:27:57,156 - INFO - Epoch [ 104/2000] LR: 0.006651 | Train Loss: 0.000413 (Data: 0.00041, Mono: 0.00000) | Val MSE: 0.000195 (RMSE: 0.0140) [BEST]
2026-09-12 16:27:58,000 - INFO - Epoch [ 106/2000] LR: 0.006650 | Train Loss: 0.000306 (Data: 0.00031, Mono: 0.00000) | Val MSE: 0.000190 (RMSE: 0.0138) [BEST]
2026-09-12 16:27:59,824 - INFO - Epoch [ 110/2000] LR: 0.006648 | Train Loss: 0.000475 (Data: 0.00047, Mono: 0.00000) | Val MSE: 0.000185 (RMSE: 0.0136) [BEST]
2026-09-12 16:28:00,294 - INFO - Epoch [ 111/2000] LR: 0.006648 | Train Loss: 0.000306 (Data: 0.00031, Mono: 0.00000) | Val MSE: 0.000182 (RMSE: 0.0135) [BEST]
2026-09-12 16:28:03,835 - INFO - Epoch [ 120/2000] LR: 0.006642 | Train Loss: 0.000387 (Data: 0.00039, Mono: 0.00000) | Val MSE: 0.000230 (RMSE: 0.0152) 
2026-09-12 16:28:07,639 - INFO - Epoch [ 130/2000] LR: 0.006636 | Train Loss: 0.000412 (Data: 0.00041, Mono: 0.00000) | Val MSE: 0.000171 (RMSE: 0.0131) [BEST]
2026-09-12 16:28:10,010 - INFO - Epoch [ 136/2000] LR: 0.006632 | Train Loss: 0.000325 (Data: 0.00033, Mono: 0.00000) | Val MSE: 0.000168 (RMSE: 0.0130) [BEST]
2026-09-12 16:28:11,620 - INFO - Epoch [ 140/2000] LR: 0.006629 | Train Loss: 0.000338 (Data: 0.00034, Mono: 0.00000) | Val MSE: 0.000284 (RMSE: 0.0168) 
2026-09-12 16:28:15,513 - INFO - Epoch [ 150/2000] LR: 0.006621 | Train Loss: 0.000348 (Data: 0.00035, Mono: 0.00000) | Val MSE: 0.000611 (RMSE: 0.0247) 
2026-09-12 16:28:19,527 - INFO - Epoch [ 160/2000] LR: 0.006611 | Train Loss: 0.000298 (Data: 0.00030, Mono: 0.00000) | Val MSE: 0.000275 (RMSE: 0.0166) 
2026-09-12 16:28:24,042 - INFO - Epoch [ 170/2000] LR: 0.006602 | Train Loss: 0.000332 (Data: 0.00033, Mono: 0.00000) | Val MSE: 0.000240 (RMSE: 0.0155) 
2026-09-12 16:28:25,730 - INFO - Epoch [ 174/2000] LR: 0.006597 | Train Loss: 0.000315 (Data: 0.00031, Mono: 0.00000) | Val MSE: 0.000168 (RMSE: 0.0129) [BEST]
2026-09-12 16:28:28,078 - INFO - Epoch [ 180/2000] LR: 0.006591 | Train Loss: 0.000263 (Data: 0.00026, Mono: 0.00000) | Val MSE: 0.000284 (RMSE: 0.0168) 
2026-09-12 16:28:29,683 - INFO - Epoch [ 184/2000] LR: 0.006586 | Train Loss: 0.000292 (Data: 0.00029, Mono: 0.00000) | Val MSE: 0.000155 (RMSE: 0.0124) [BEST]
2026-09-12 16:28:30,121 - INFO - Epoch [ 185/2000] LR: 0.006585 | Train Loss: 0.000303 (Data: 0.00030, Mono: 0.00000) | Val MSE: 0.000148 (RMSE: 0.0122) [BEST]
2026-09-12 16:28:32,121 - INFO - Epoch [ 190/2000] LR: 0.006579 | Train Loss: 0.000405 (Data: 0.00041, Mono: 0.00000) | Val MSE: 0.000329 (RMSE: 0.0181) 
2026-09-12 16:28:36,005 - INFO - Epoch [ 200/2000] LR: 0.006567 | Train Loss: 0.000369 (Data: 0.00037, Mono: 0.00000) | Val MSE: 0.000287 (RMSE: 0.0169) 
2026-09-12 16:28:37,171 - INFO - Epoch [ 203/2000] LR: 0.006563 | Train Loss: 0.000287 (Data: 0.00029, Mono: 0.00000) | Val MSE: 0.000145 (RMSE: 0.0121) [BEST]
2026-09-12 16:28:38,208 - INFO - Epoch [ 205/2000] LR: 0.006560 | Train Loss: 0.000313 (Data: 0.00031, Mono: 0.00000) | Val MSE: 0.000144 (RMSE: 0.0120) [BEST]
2026-09-12 16:28:40,980 - INFO - Epoch [ 210/2000] LR: 0.006554 | Train Loss: 0.000281 (Data: 0.00028, Mono: 0.00000) | Val MSE: 0.000184 (RMSE: 0.0136) 
2026-09-12 16:28:45,005 - INFO - Epoch [ 220/2000] LR: 0.006539 | Train Loss: 0.000358 (Data: 0.00036, Mono: 0.00000) | Val MSE: 0.000192 (RMSE: 0.0139) 
2026-09-12 16:28:48,779 - INFO - Epoch [ 230/2000] LR: 0.006525 | Train Loss: 0.000298 (Data: 0.00030, Mono: 0.00000) | Val MSE: 0.000168 (RMSE: 0.0130) 
2026-09-12 16:28:49,528 - INFO - Epoch [ 232/2000] LR: 0.006521 | Train Loss: 0.000268 (Data: 0.00027, Mono: 0.00000) | Val MSE: 0.000142 (RMSE: 0.0119) [BEST]
2026-09-12 16:28:52,408 - INFO - Epoch [ 240/2000] LR: 0.006509 | Train Loss: 0.000285 (Data: 0.00029, Mono: 0.00000) | Val MSE: 0.000148 (RMSE: 0.0122) 
2026-09-12 16:28:53,184 - INFO - Epoch [ 242/2000] LR: 0.006506 | Train Loss: 0.000313 (Data: 0.00031, Mono: 0.00000) | Val MSE: 0.000139 (RMSE: 0.0118) [BEST]
2026-09-12 16:28:54,350 - INFO - Epoch [ 245/2000] LR: 0.006501 | Train Loss: 0.000280 (Data: 0.00028, Mono: 0.00000) | Val MSE: 0.000124 (RMSE: 0.0111) [BEST]
2026-09-12 16:28:55,861 - INFO - Epoch [ 249/2000] LR: 0.006494 | Train Loss: 0.000219 (Data: 0.00022, Mono: 0.00000) | Val MSE: 0.000098 (RMSE: 0.0099) [BEST]
2026-09-12 16:28:56,255 - INFO - Epoch [ 250/2000] LR: 0.006492 | Train Loss: 0.000264 (Data: 0.00026, Mono: 0.00000) | Val MSE: 0.000317 (RMSE: 0.0178) 
2026-09-12 16:29:00,282 - INFO - Epoch [ 260/2000] LR: 0.006475 | Train Loss: 0.000414 (Data: 0.00041, Mono: 0.00000) | Val MSE: 0.000168 (RMSE: 0.0130) 
2026-09-12 16:29:04,174 - INFO - Epoch [ 270/2000] LR: 0.006457 | Train Loss: 0.000319 (Data: 0.00032, Mono: 0.00000) | Val MSE: 0.000351 (RMSE: 0.0187) 
2026-09-12 16:29:08,166 - INFO - Epoch [ 280/2000] LR: 0.006438 | Train Loss: 0.000320 (Data: 0.00032, Mono: 0.00000) | Val MSE: 0.000467 (RMSE: 0.0216) 
2026-09-12 16:29:12,051 - INFO - Epoch [ 290/2000] LR: 0.006418 | Train Loss: 0.000425 (Data: 0.00043, Mono: 0.00000) | Val MSE: 0.000193 (RMSE: 0.0139) 
2026-09-12 16:29:13,560 - INFO - Epoch [ 294/2000] LR: 0.006410 | Train Loss: 0.000224 (Data: 0.00022, Mono: 0.00000) | Val MSE: 0.000097 (RMSE: 0.0098) [BEST]
2026-09-12 16:29:14,411 - INFO - Epoch [ 296/2000] LR: 0.006405 | Train Loss: 0.000211 (Data: 0.00021, Mono: 0.00000) | Val MSE: 0.000094 (RMSE: 0.0097) [BEST]
2026-09-12 16:29:15,895 - INFO - Epoch [ 300/2000] LR: 0.006397 | Train Loss: 0.000420 (Data: 0.00042, Mono: 0.00000) | Val MSE: 0.000166 (RMSE: 0.0129) 
2026-09-12 16:29:19,774 - INFO - Epoch [ 310/2000] LR: 0.006376 | Train Loss: 0.000264 (Data: 0.00026, Mono: 0.00000) | Val MSE: 0.000264 (RMSE: 0.0163) 
2026-09-12 16:29:23,779 - INFO - Epoch [ 320/2000] LR: 0.006353 | Train Loss: 0.000170 (Data: 0.00017, Mono: 0.00000) | Val MSE: 0.000077 (RMSE: 0.0088) [BEST]
2026-09-12 16:29:24,997 - INFO - Epoch [ 323/2000] LR: 0.006347 | Train Loss: 0.000188 (Data: 0.00019, Mono: 0.00000) | Val MSE: 0.000075 (RMSE: 0.0086) [BEST]
2026-09-12 16:29:28,045 - INFO - Epoch [ 330/2000] LR: 0.006330 | Train Loss: 0.000347 (Data: 0.00035, Mono: 0.00000) | Val MSE: 0.000705 (RMSE: 0.0265) 
2026-09-12 16:29:32,050 - INFO - Epoch [ 340/2000] LR: 0.006307 | Train Loss: 0.000281 (Data: 0.00028, Mono: 0.00000) | Val MSE: 0.000198 (RMSE: 0.0141) 
2026-09-12 16:29:36,012 - INFO - Epoch [ 350/2000] LR: 0.006282 | Train Loss: 0.000271 (Data: 0.00027, Mono: 0.00000) | Val MSE: 0.000103 (RMSE: 0.0102) 
2026-09-12 16:29:39,747 - INFO - Epoch [ 360/2000] LR: 0.006257 | Train Loss: 0.000169 (Data: 0.00017, Mono: 0.00000) | Val MSE: 0.000079 (RMSE: 0.0089) 
2026-09-12 16:29:41,685 - INFO - Epoch [ 365/2000] LR: 0.006244 | Train Loss: 0.000202 (Data: 0.00020, Mono: 0.00000) | Val MSE: 0.000074 (RMSE: 0.0086) [BEST]
2026-09-12 16:29:43,704 - INFO - Epoch [ 370/2000] LR: 0.006231 | Train Loss: 0.000354 (Data: 0.00035, Mono: 0.00000) | Val MSE: 0.000135 (RMSE: 0.0116) 
2026-09-12 16:29:47,294 - INFO - Epoch [ 380/2000] LR: 0.006204 | Train Loss: 0.000480 (Data: 0.00048, Mono: 0.00000) | Val MSE: 0.000287 (RMSE: 0.0169) 
2026-09-12 16:29:51,135 - INFO - Epoch [ 390/2000] LR: 0.006176 | Train Loss: 0.000342 (Data: 0.00034, Mono: 0.00000) | Val MSE: 0.000182 (RMSE: 0.0135) 
2026-09-12 16:29:53,675 - INFO - Epoch [ 397/2000] LR: 0.006157 | Train Loss: 0.000193 (Data: 0.00019, Mono: 0.00000) | Val MSE: 0.000071 (RMSE: 0.0084) [BEST]
2026-09-12 16:29:54,814 - INFO - Epoch [ 400/2000] LR: 0.006148 | Train Loss: 0.000243 (Data: 0.00024, Mono: 0.00000) | Val MSE: 0.000098 (RMSE: 0.0099) 
2026-09-12 16:29:58,086 - INFO - Epoch [ 409/2000] LR: 0.006122 | Train Loss: 0.000182 (Data: 0.00018, Mono: 0.00000) | Val MSE: 0.000065 (RMSE: 0.0081) [BEST]
2026-09-12 16:29:58,459 - INFO - Epoch [ 410/2000] LR: 0.006119 | Train Loss: 0.000199 (Data: 0.00020, Mono: 0.00000) | Val MSE: 0.000167 (RMSE: 0.0129) 
2026-09-12 16:30:02,396 - INFO - Epoch [ 420/2000] LR: 0.006089 | Train Loss: 0.000218 (Data: 0.00022, Mono: 0.00000) | Val MSE: 0.000311 (RMSE: 0.0176) 
2026-09-12 16:30:06,713 - INFO - Epoch [ 430/2000] LR: 0.006059 | Train Loss: 0.000276 (Data: 0.00028, Mono: 0.00000) | Val MSE: 0.000218 (RMSE: 0.0148) 
2026-09-12 16:30:11,304 - INFO - Epoch [ 440/2000] LR: 0.006027 | Train Loss: 0.000295 (Data: 0.00030, Mono: 0.00000) | Val MSE: 0.000127 (RMSE: 0.0113) 
2026-09-12 16:30:15,115 - INFO - Epoch [ 450/2000] LR: 0.005996 | Train Loss: 0.000205 (Data: 0.00021, Mono: 0.00000) | Val MSE: 0.000190 (RMSE: 0.0138) 
2026-09-12 16:30:19,003 - INFO - Epoch [ 460/2000] LR: 0.005963 | Train Loss: 0.000181 (Data: 0.00018, Mono: 0.00000) | Val MSE: 0.000117 (RMSE: 0.0108) 
2026-09-12 16:30:23,071 - INFO - Epoch [ 470/2000] LR: 0.005930 | Train Loss: 0.000209 (Data: 0.00021, Mono: 0.00000) | Val MSE: 0.000106 (RMSE: 0.0103) 
2026-09-12 16:30:27,004 - INFO - Epoch [ 480/2000] LR: 0.005896 | Train Loss: 0.000229 (Data: 0.00023, Mono: 0.00000) | Val MSE: 0.000133 (RMSE: 0.0115) 
2026-09-12 16:30:30,263 - INFO - [*] Early stopping triggered at epoch 489. Best epoch was 409 with Val MSE: 0.000065
2026-09-12 16:30:30,264 - INFO - Training completed in 195.60s. Loading best checkpoint from epoch 409 for final test evaluation...
2026-09-12 16:30:30,465 - INFO - ==================================================
2026-09-12 16:30:30,466 - INFO - Test Results for [MIT] - [2017-05-12] (Best Epoch 409):
2026-09-12 16:30:30,466 - INFO -   Test RMSE: 0.011656
2026-09-12 16:30:30,466 - INFO -   Test MAE:  0.007444
2026-09-12 16:30:30,466 - INFO -   Test MAPE: 0.799010
2026-09-12 16:30:30,466 - INFO -   Test MSE:  0.000136
2026-09-12 16:30:30,466 - INFO - ==================================================
