2026-09-12 16:09:00,428 - INFO - ==================================================
2026-09-12 16:09:00,428 - INFO - Starting DeepOPINN Training for [XJTU] - [RW]
2026-09-12 16:09:00,428 - INFO - Device: cuda | Epochs: 2000 | LR: 0.006252 | Alpha (PDE): 0.11809 | Beta (Mono): 0.01596
2026-09-12 16:09:00,428 - INFO - ==================================================
2026-09-12 16:09:00,510 - INFO - Data Splits: Train=5, Val=1, Test=2
2026-09-12 16:09:00,693 - INFO - Epoch [   1/2000] LR: 0.006268 | Train Loss: 0.355973 (Data: 0.29789, PDE*kpd: 0.49185, Mono: 0.00005) | Val MSE: 0.048562 (RMSE: 0.2204) [BEST]
2026-09-12 16:09:00,772 - INFO - Epoch [   2/2000] LR: 0.006267 | Train Loss: 0.056944 (Data: 0.05669, PDE*kpd: 0.00216, Mono: 0.00005) | Val MSE: 0.011093 (RMSE: 0.1053) [BEST]
2026-09-12 16:09:00,919 - INFO - Epoch [   3/2000] LR: 0.006267 | Train Loss: 0.036659 (Data: 0.03645, PDE*kpd: 0.00176, Mono: 0.00006) | Val MSE: 0.010810 (RMSE: 0.1040) [BEST]
2026-09-12 16:09:01,035 - INFO - Epoch [   4/2000] LR: 0.006266 | Train Loss: 0.025939 (Data: 0.02580, PDE*kpd: 0.00119, Mono: 0.00003) | Val MSE: 0.007294 (RMSE: 0.0854) [BEST]
2026-09-12 16:09:01,104 - INFO - Epoch [   5/2000] LR: 0.006266 | Train Loss: 0.014550 (Data: 0.01445, PDE*kpd: 0.00082, Mono: 0.00004) | Val MSE: 0.005151 (RMSE: 0.0718) [BEST]
2026-09-12 16:09:01,208 - INFO - Epoch [   7/2000] LR: 0.006264 | Train Loss: 0.008524 (Data: 0.00848, PDE*kpd: 0.00035, Mono: 0.00003) | Val MSE: 0.001310 (RMSE: 0.0362) [BEST]
2026-09-12 16:09:01,267 - INFO - Epoch [   8/2000] LR: 0.006264 | Train Loss: 0.005496 (Data: 0.00547, PDE*kpd: 0.00025, Mono: 0.00003) | Val MSE: 0.000329 (RMSE: 0.0182) [BEST]
2026-09-12 16:09:01,373 - INFO - Epoch [  10/2000] LR: 0.006263 | Train Loss: 0.003139 (Data: 0.00312, PDE*kpd: 0.00019, Mono: 0.00002) | Val MSE: 0.001106 (RMSE: 0.0333) 
2026-09-12 16:09:01,555 - INFO - Epoch [  13/2000] LR: 0.006261 | Train Loss: 0.002362 (Data: 0.00235, PDE*kpd: 0.00012, Mono: 0.00002) | Val MSE: 0.000198 (RMSE: 0.0141) [BEST]
2026-09-12 16:09:01,610 - INFO - Epoch [  14/2000] LR: 0.006261 | Train Loss: 0.002071 (Data: 0.00206, PDE*kpd: 0.00009, Mono: 0.00002) | Val MSE: 0.000127 (RMSE: 0.0113) [BEST]
2026-09-12 16:09:01,670 - INFO - Epoch [  15/2000] LR: 0.006260 | Train Loss: 0.001693 (Data: 0.00168, PDE*kpd: 0.00008, Mono: 0.00002) | Val MSE: 0.000049 (RMSE: 0.0070) [BEST]
2026-09-12 16:09:01,979 - INFO - Epoch [  20/2000] LR: 0.006257 | Train Loss: 0.001174 (Data: 0.00117, PDE*kpd: 0.00005, Mono: 0.00002) | Val MSE: 0.000055 (RMSE: 0.0074) 
2026-09-12 16:09:02,155 - INFO - Epoch [  23/2000] LR: 0.006256 | Train Loss: 0.000965 (Data: 0.00096, PDE*kpd: 0.00003, Mono: 0.00002) | Val MSE: 0.000034 (RMSE: 0.0058) [BEST]
2026-09-12 16:09:02,583 - INFO - Epoch [  30/2000] LR: 0.006252 | Train Loss: 0.000936 (Data: 0.00093, PDE*kpd: 0.00002, Mono: 0.00001) | Val MSE: 0.000170 (RMSE: 0.0130) 
2026-09-12 16:09:03,266 - INFO - Epoch [  37/2000] LR: 0.006252 | Train Loss: 0.000647 (Data: 0.00064, PDE*kpd: 0.00002, Mono: 0.00001) | Val MSE: 0.000022 (RMSE: 0.0047) [BEST]
2026-09-12 16:09:03,439 - INFO - Epoch [  40/2000] LR: 0.006252 | Train Loss: 0.000545 (Data: 0.00054, PDE*kpd: 0.00002, Mono: 0.00001) | Val MSE: 0.000030 (RMSE: 0.0054) 
2026-09-12 16:09:04,102 - INFO - Epoch [  50/2000] LR: 0.006251 | Train Loss: 0.000367 (Data: 0.00037, PDE*kpd: 0.00001, Mono: 0.00001) | Val MSE: 0.000214 (RMSE: 0.0146) 
2026-09-12 16:09:04,506 - INFO - Epoch [  58/2000] LR: 0.006249 | Train Loss: 0.000543 (Data: 0.00054, PDE*kpd: 0.00001, Mono: 0.00001) | Val MSE: 0.000020 (RMSE: 0.0045) [BEST]
2026-09-12 16:09:04,595 - INFO - Epoch [  60/2000] LR: 0.006249 | Train Loss: 0.000666 (Data: 0.00067, PDE*kpd: 0.00001, Mono: 0.00001) | Val MSE: 0.000304 (RMSE: 0.0174) 
2026-09-12 16:09:04,748 - INFO - Epoch [  63/2000] LR: 0.006248 | Train Loss: 0.000439 (Data: 0.00044, PDE*kpd: 0.00001, Mono: 0.00001) | Val MSE: 0.000020 (RMSE: 0.0045) [BEST]
2026-09-12 16:09:05,115 - INFO - Epoch [  70/2000] LR: 0.006246 | Train Loss: 0.000347 (Data: 0.00035, PDE*kpd: 0.00001, Mono: 0.00001) | Val MSE: 0.000230 (RMSE: 0.0152) 
2026-09-12 16:09:05,619 - INFO - Epoch [  80/2000] LR: 0.006242 | Train Loss: 0.000302 (Data: 0.00030, PDE*kpd: 0.00001, Mono: 0.00001) | Val MSE: 0.000073 (RMSE: 0.0086) 
2026-09-12 16:09:06,107 - INFO - Epoch [  90/2000] LR: 0.006238 | Train Loss: 0.000273 (Data: 0.00027, PDE*kpd: 0.00000, Mono: 0.00001) | Val MSE: 0.000089 (RMSE: 0.0095) 
2026-09-12 16:09:06,627 - INFO - Epoch [ 100/2000] LR: 0.006233 | Train Loss: 0.000291 (Data: 0.00029, PDE*kpd: 0.00000, Mono: 0.00001) | Val MSE: 0.000440 (RMSE: 0.0210) 
2026-09-12 16:09:06,823 - INFO - Epoch [ 104/2000] LR: 0.006230 | Train Loss: 0.000238 (Data: 0.00024, PDE*kpd: 0.00000, Mono: 0.00001) | Val MSE: 0.000019 (RMSE: 0.0044) [BEST]
2026-09-12 16:09:07,130 - INFO - Epoch [ 110/2000] LR: 0.006227 | Train Loss: 0.000260 (Data: 0.00026, PDE*kpd: 0.00000, Mono: 0.00001) | Val MSE: 0.000062 (RMSE: 0.0079) 
2026-09-12 16:09:07,703 - INFO - Epoch [ 120/2000] LR: 0.006220 | Train Loss: 0.000293 (Data: 0.00029, PDE*kpd: 0.00000, Mono: 0.00001) | Val MSE: 0.000377 (RMSE: 0.0194) 
2026-09-12 16:09:08,219 - INFO - Epoch [ 130/2000] LR: 0.006212 | Train Loss: 0.000201 (Data: 0.00020, PDE*kpd: 0.00000, Mono: 0.00001) | Val MSE: 0.000223 (RMSE: 0.0149) 
2026-09-12 16:09:08,698 - INFO - Epoch [ 140/2000] LR: 0.006204 | Train Loss: 0.000215 (Data: 0.00021, PDE*kpd: 0.00000, Mono: 0.00001) | Val MSE: 0.000056 (RMSE: 0.0075) 
2026-09-12 16:09:09,182 - INFO - Epoch [ 150/2000] LR: 0.006195 | Train Loss: 0.000232 (Data: 0.00023, PDE*kpd: 0.00000, Mono: 0.00001) | Val MSE: 0.000055 (RMSE: 0.0074) 
2026-09-12 16:09:09,686 - INFO - Epoch [ 160/2000] LR: 0.006185 | Train Loss: 0.000185 (Data: 0.00018, PDE*kpd: 0.00000, Mono: 0.00001) | Val MSE: 0.000163 (RMSE: 0.0128) 
2026-09-12 16:09:10,230 - INFO - Epoch [ 170/2000] LR: 0.006175 | Train Loss: 0.000190 (Data: 0.00019, PDE*kpd: 0.00000, Mono: 0.00001) | Val MSE: 0.000396 (RMSE: 0.0199) 
2026-09-12 16:09:10,791 - INFO - Epoch [ 180/2000] LR: 0.006163 | Train Loss: 0.000187 (Data: 0.00019, PDE*kpd: 0.00000, Mono: 0.00000) | Val MSE: 0.000113 (RMSE: 0.0106) 
2026-09-12 16:09:11,012 - INFO - [*] Early stopping triggered at epoch 184. Best epoch was 104 with Val MSE: 0.000019
2026-09-12 16:09:11,012 - INFO - Training completed in 10.49s. Loading best checkpoint from epoch 104 for final test evaluation...
2026-09-12 16:09:11,041 - INFO - ==================================================
2026-09-12 16:09:11,041 - INFO - Test Results for [XJTU] - [RW] (Best Epoch 104):
2026-09-12 16:09:11,041 - INFO -   Test RMSE: 0.013106
2026-09-12 16:09:11,041 - INFO -   Test MAE:  0.008251
2026-09-12 16:09:11,041 - INFO -   Test MAPE: 0.911370
2026-09-12 16:09:11,041 - INFO -   Test MSE:  0.000172
2026-09-12 16:09:11,041 - INFO - ==================================================
