2026-09-12 16:21:21,627 - INFO - ==================================================
2026-09-12 16:21:21,627 - INFO - Starting FusionMLP Training for [HUST] - [default]
2026-09-12 16:21:21,627 - INFO - Device: cuda | Epochs: 2000 | LR: 0.000223 | Mono Weight: 0.9933 | Knee Feature: True
2026-09-12 16:21:21,627 - INFO - ==================================================
2026-09-12 16:21:22,695 - INFO - Data Splits: Train=53, Val=12, Test=12
2026-09-12 16:21:25,352 - INFO - Epoch [   1/2000] LR: 0.005071 | Train Loss: 0.126691 (Data: 0.12666, Mono: 0.00003) | Val MSE: 0.001819 (RMSE: 0.0426) [BEST]
2026-09-12 16:21:26,131 - INFO - Epoch [   2/2000] LR: 0.004903 | Train Loss: 0.040112 (Data: 0.04009, Mono: 0.00002) | Val MSE: 0.000865 (RMSE: 0.0294) [BEST]
2026-09-12 16:21:32,257 - INFO - Epoch [  10/2000] LR: 0.003566 | Train Loss: 0.004033 (Data: 0.00403, Mono: 0.00001) | Val MSE: 0.001031 (RMSE: 0.0321) 
2026-09-12 16:21:37,564 - INFO - Epoch [  17/2000] LR: 0.002396 | Train Loss: 0.002087 (Data: 0.00208, Mono: 0.00000) | Val MSE: 0.000744 (RMSE: 0.0273) [BEST]
2026-09-12 16:21:38,318 - INFO - Epoch [  18/2000] LR: 0.002229 | Train Loss: 0.001915 (Data: 0.00191, Mono: 0.00000) | Val MSE: 0.000725 (RMSE: 0.0269) [BEST]
2026-09-12 16:21:39,075 - INFO - Epoch [  19/2000] LR: 0.002062 | Train Loss: 0.001786 (Data: 0.00178, Mono: 0.00000) | Val MSE: 0.000704 (RMSE: 0.0265) [BEST]
2026-09-12 16:21:39,844 - INFO - Epoch [  20/2000] LR: 0.001895 | Train Loss: 0.001737 (Data: 0.00173, Mono: 0.00000) | Val MSE: 0.000996 (RMSE: 0.0316) 
2026-09-12 16:21:41,416 - INFO - Epoch [  22/2000] LR: 0.001561 | Train Loss: 0.001483 (Data: 0.00148, Mono: 0.00000) | Val MSE: 0.000620 (RMSE: 0.0249) [BEST]
2026-09-12 16:21:43,709 - INFO - Epoch [  25/2000] LR: 0.001059 | Train Loss: 0.001285 (Data: 0.00128, Mono: 0.00000) | Val MSE: 0.000587 (RMSE: 0.0242) [BEST]
2026-09-12 16:21:44,476 - INFO - Epoch [  26/2000] LR: 0.000892 | Train Loss: 0.001246 (Data: 0.00124, Mono: 0.00000) | Val MSE: 0.000562 (RMSE: 0.0237) [BEST]
2026-09-12 16:21:46,767 - INFO - Epoch [  29/2000] LR: 0.000390 | Train Loss: 0.001140 (Data: 0.00114, Mono: 0.00000) | Val MSE: 0.000544 (RMSE: 0.0233) [BEST]
2026-09-12 16:21:47,536 - INFO - Epoch [  30/2000] LR: 0.000223 | Train Loss: 0.001118 (Data: 0.00112, Mono: 0.00000) | Val MSE: 0.000506 (RMSE: 0.0225) [BEST]
2026-09-12 16:21:50,592 - INFO - Epoch [  34/2000] LR: 0.000223 | Train Loss: 0.001088 (Data: 0.00109, Mono: 0.00000) | Val MSE: 0.000486 (RMSE: 0.0220) [BEST]
2026-09-12 16:21:53,644 - INFO - Epoch [  38/2000] LR: 0.000223 | Train Loss: 0.001032 (Data: 0.00103, Mono: 0.00000) | Val MSE: 0.000463 (RMSE: 0.0215) [BEST]
2026-09-12 16:21:55,191 - INFO - Epoch [  40/2000] LR: 0.000223 | Train Loss: 0.001018 (Data: 0.00102, Mono: 0.00000) | Val MSE: 0.000475 (RMSE: 0.0218) 
2026-09-12 16:21:56,757 - INFO - Epoch [  42/2000] LR: 0.000223 | Train Loss: 0.000993 (Data: 0.00099, Mono: 0.00000) | Val MSE: 0.000446 (RMSE: 0.0211) [BEST]
2026-09-12 16:21:57,513 - INFO - Epoch [  43/2000] LR: 0.000223 | Train Loss: 0.000982 (Data: 0.00098, Mono: 0.00000) | Val MSE: 0.000441 (RMSE: 0.0210) [BEST]
2026-09-12 16:21:59,018 - INFO - Epoch [  45/2000] LR: 0.000223 | Train Loss: 0.000949 (Data: 0.00095, Mono: 0.00000) | Val MSE: 0.000433 (RMSE: 0.0208) [BEST]
2026-09-12 16:22:00,515 - INFO - Epoch [  47/2000] LR: 0.000223 | Train Loss: 0.000946 (Data: 0.00094, Mono: 0.00000) | Val MSE: 0.000414 (RMSE: 0.0203) [BEST]
2026-09-12 16:22:02,069 - INFO - Epoch [  49/2000] LR: 0.000223 | Train Loss: 0.000908 (Data: 0.00091, Mono: 0.00000) | Val MSE: 0.000398 (RMSE: 0.0200) [BEST]
2026-09-12 16:22:02,820 - INFO - Epoch [  50/2000] LR: 0.000223 | Train Loss: 0.000899 (Data: 0.00090, Mono: 0.00000) | Val MSE: 0.000449 (RMSE: 0.0212) 
2026-09-12 16:22:04,327 - INFO - Epoch [  52/2000] LR: 0.000223 | Train Loss: 0.000879 (Data: 0.00088, Mono: 0.00000) | Val MSE: 0.000398 (RMSE: 0.0199) [BEST]
2026-09-12 16:22:05,084 - INFO - Epoch [  53/2000] LR: 0.000223 | Train Loss: 0.000863 (Data: 0.00086, Mono: 0.00000) | Val MSE: 0.000378 (RMSE: 0.0194) [BEST]
2026-09-12 16:22:08,103 - INFO - Epoch [  57/2000] LR: 0.000223 | Train Loss: 0.000825 (Data: 0.00082, Mono: 0.00000) | Val MSE: 0.000374 (RMSE: 0.0193) [BEST]
2026-09-12 16:22:08,861 - INFO - Epoch [  58/2000] LR: 0.000223 | Train Loss: 0.000815 (Data: 0.00081, Mono: 0.00000) | Val MSE: 0.000348 (RMSE: 0.0186) [BEST]
2026-09-12 16:22:10,363 - INFO - Epoch [  60/2000] LR: 0.000223 | Train Loss: 0.000779 (Data: 0.00078, Mono: 0.00000) | Val MSE: 0.000335 (RMSE: 0.0183) [BEST]
2026-09-12 16:22:11,128 - INFO - Epoch [  61/2000] LR: 0.000223 | Train Loss: 0.000768 (Data: 0.00077, Mono: 0.00000) | Val MSE: 0.000320 (RMSE: 0.0179) [BEST]
2026-09-12 16:22:13,404 - INFO - Epoch [  64/2000] LR: 0.000223 | Train Loss: 0.000742 (Data: 0.00074, Mono: 0.00000) | Val MSE: 0.000319 (RMSE: 0.0178) [BEST]
2026-09-12 16:22:14,154 - INFO - Epoch [  65/2000] LR: 0.000223 | Train Loss: 0.000725 (Data: 0.00072, Mono: 0.00000) | Val MSE: 0.000298 (RMSE: 0.0173) [BEST]
2026-09-12 16:22:17,945 - INFO - Epoch [  70/2000] LR: 0.000223 | Train Loss: 0.000671 (Data: 0.00067, Mono: 0.00000) | Val MSE: 0.000290 (RMSE: 0.0170) [BEST]
2026-09-12 16:22:18,701 - INFO - Epoch [  71/2000] LR: 0.000223 | Train Loss: 0.000666 (Data: 0.00066, Mono: 0.00000) | Val MSE: 0.000261 (RMSE: 0.0161) [BEST]
2026-09-12 16:22:20,981 - INFO - Epoch [  74/2000] LR: 0.000223 | Train Loss: 0.000627 (Data: 0.00062, Mono: 0.00000) | Val MSE: 0.000246 (RMSE: 0.0157) [BEST]
2026-09-12 16:22:22,502 - INFO - Epoch [  76/2000] LR: 0.000223 | Train Loss: 0.000620 (Data: 0.00062, Mono: 0.00000) | Val MSE: 0.000233 (RMSE: 0.0153) [BEST]
2026-09-12 16:22:23,263 - INFO - Epoch [  77/2000] LR: 0.000223 | Train Loss: 0.000614 (Data: 0.00061, Mono: 0.00000) | Val MSE: 0.000215 (RMSE: 0.0147) [BEST]
2026-09-12 16:22:24,765 - INFO - Epoch [  79/2000] LR: 0.000223 | Train Loss: 0.000594 (Data: 0.00059, Mono: 0.00000) | Val MSE: 0.000206 (RMSE: 0.0143) [BEST]
2026-09-12 16:22:25,530 - INFO - Epoch [  80/2000] LR: 0.000223 | Train Loss: 0.000591 (Data: 0.00059, Mono: 0.00000) | Val MSE: 0.000244 (RMSE: 0.0156) 
2026-09-12 16:22:27,081 - INFO - Epoch [  82/2000] LR: 0.000223 | Train Loss: 0.000562 (Data: 0.00056, Mono: 0.00000) | Val MSE: 0.000198 (RMSE: 0.0141) [BEST]
2026-09-12 16:22:28,643 - INFO - Epoch [  84/2000] LR: 0.000223 | Train Loss: 0.000546 (Data: 0.00054, Mono: 0.00000) | Val MSE: 0.000193 (RMSE: 0.0139) [BEST]
2026-09-12 16:22:30,182 - INFO - Epoch [  86/2000] LR: 0.000223 | Train Loss: 0.000553 (Data: 0.00055, Mono: 0.00000) | Val MSE: 0.000175 (RMSE: 0.0132) [BEST]
2026-09-12 16:22:33,303 - INFO - Epoch [  90/2000] LR: 0.000223 | Train Loss: 0.000499 (Data: 0.00050, Mono: 0.00000) | Val MSE: 0.000170 (RMSE: 0.0130) [BEST]
2026-09-12 16:22:35,647 - INFO - Epoch [  93/2000] LR: 0.000223 | Train Loss: 0.000508 (Data: 0.00051, Mono: 0.00000) | Val MSE: 0.000141 (RMSE: 0.0119) [BEST]
2026-09-12 16:22:40,280 - INFO - Epoch [  99/2000] LR: 0.000223 | Train Loss: 0.000461 (Data: 0.00046, Mono: 0.00000) | Val MSE: 0.000139 (RMSE: 0.0118) [BEST]
2026-09-12 16:22:41,046 - INFO - Epoch [ 100/2000] LR: 0.000223 | Train Loss: 0.000457 (Data: 0.00046, Mono: 0.00000) | Val MSE: 0.000226 (RMSE: 0.0150) 
2026-09-12 16:22:43,397 - INFO - Epoch [ 103/2000] LR: 0.000223 | Train Loss: 0.000452 (Data: 0.00045, Mono: 0.00000) | Val MSE: 0.000131 (RMSE: 0.0114) [BEST]
2026-09-12 16:22:44,953 - INFO - Epoch [ 105/2000] LR: 0.000223 | Train Loss: 0.000432 (Data: 0.00043, Mono: 0.00000) | Val MSE: 0.000123 (RMSE: 0.0111) [BEST]
2026-09-12 16:22:45,743 - INFO - Epoch [ 106/2000] LR: 0.000223 | Train Loss: 0.000428 (Data: 0.00043, Mono: 0.00000) | Val MSE: 0.000114 (RMSE: 0.0107) [BEST]
2026-09-12 16:22:49,092 - INFO - Epoch [ 110/2000] LR: 0.000223 | Train Loss: 0.000462 (Data: 0.00046, Mono: 0.00000) | Val MSE: 0.000133 (RMSE: 0.0115) 
2026-09-12 16:22:51,598 - INFO - Epoch [ 113/2000] LR: 0.000222 | Train Loss: 0.000416 (Data: 0.00041, Mono: 0.00000) | Val MSE: 0.000105 (RMSE: 0.0103) [BEST]
2026-09-12 16:22:56,595 - INFO - Epoch [ 119/2000] LR: 0.000222 | Train Loss: 0.000398 (Data: 0.00040, Mono: 0.00000) | Val MSE: 0.000101 (RMSE: 0.0101) [BEST]
2026-09-12 16:22:57,444 - INFO - Epoch [ 120/2000] LR: 0.000222 | Train Loss: 0.000400 (Data: 0.00040, Mono: 0.00000) | Val MSE: 0.000108 (RMSE: 0.0104) 
2026-09-12 16:23:04,106 - INFO - Epoch [ 128/2000] LR: 0.000222 | Train Loss: 0.000384 (Data: 0.00038, Mono: 0.00000) | Val MSE: 0.000098 (RMSE: 0.0099) [BEST]
2026-09-12 16:23:04,936 - INFO - Epoch [ 129/2000] LR: 0.000222 | Train Loss: 0.000386 (Data: 0.00038, Mono: 0.00000) | Val MSE: 0.000098 (RMSE: 0.0099) [BEST]
2026-09-12 16:23:05,781 - INFO - Epoch [ 130/2000] LR: 0.000222 | Train Loss: 0.000369 (Data: 0.00037, Mono: 0.00000) | Val MSE: 0.000166 (RMSE: 0.0129) 
2026-09-12 16:23:06,590 - INFO - Epoch [ 131/2000] LR: 0.000222 | Train Loss: 0.000366 (Data: 0.00036, Mono: 0.00000) | Val MSE: 0.000094 (RMSE: 0.0097) [BEST]
2026-09-12 16:23:08,312 - INFO - Epoch [ 133/2000] LR: 0.000222 | Train Loss: 0.000375 (Data: 0.00037, Mono: 0.00000) | Val MSE: 0.000090 (RMSE: 0.0095) [BEST]
2026-09-12 16:23:13,346 - INFO - Epoch [ 139/2000] LR: 0.000222 | Train Loss: 0.000356 (Data: 0.00035, Mono: 0.00000) | Val MSE: 0.000085 (RMSE: 0.0092) [BEST]
2026-09-12 16:23:14,186 - INFO - Epoch [ 140/2000] LR: 0.000222 | Train Loss: 0.000355 (Data: 0.00035, Mono: 0.00000) | Val MSE: 0.000103 (RMSE: 0.0101) 
2026-09-12 16:23:22,601 - INFO - Epoch [ 150/2000] LR: 0.000221 | Train Loss: 0.000343 (Data: 0.00034, Mono: 0.00000) | Val MSE: 0.000119 (RMSE: 0.0109) 
2026-09-12 16:23:30,389 - INFO - Epoch [ 160/2000] LR: 0.000221 | Train Loss: 0.000329 (Data: 0.00033, Mono: 0.00000) | Val MSE: 0.000096 (RMSE: 0.0098) 
2026-09-12 16:23:31,918 - INFO - Epoch [ 162/2000] LR: 0.000221 | Train Loss: 0.000338 (Data: 0.00034, Mono: 0.00000) | Val MSE: 0.000081 (RMSE: 0.0090) [BEST]
2026-09-12 16:23:38,046 - INFO - Epoch [ 170/2000] LR: 0.000221 | Train Loss: 0.000331 (Data: 0.00033, Mono: 0.00000) | Val MSE: 0.000101 (RMSE: 0.0100) 
2026-09-12 16:23:45,687 - INFO - Epoch [ 180/2000] LR: 0.000220 | Train Loss: 0.000323 (Data: 0.00032, Mono: 0.00000) | Val MSE: 0.000096 (RMSE: 0.0098) 
2026-09-12 16:23:48,737 - INFO - Epoch [ 184/2000] LR: 0.000220 | Train Loss: 0.000307 (Data: 0.00031, Mono: 0.00000) | Val MSE: 0.000079 (RMSE: 0.0089) [BEST]
2026-09-12 16:23:53,341 - INFO - Epoch [ 190/2000] LR: 0.000220 | Train Loss: 0.000307 (Data: 0.00031, Mono: 0.00000) | Val MSE: 0.000091 (RMSE: 0.0096) 
2026-09-12 16:24:01,024 - INFO - Epoch [ 200/2000] LR: 0.000220 | Train Loss: 0.000317 (Data: 0.00032, Mono: 0.00000) | Val MSE: 0.000124 (RMSE: 0.0112) 
2026-09-12 16:24:05,720 - INFO - Epoch [ 206/2000] LR: 0.000219 | Train Loss: 0.000295 (Data: 0.00029, Mono: 0.00000) | Val MSE: 0.000079 (RMSE: 0.0089) [BEST]
2026-09-12 16:24:08,880 - INFO - Epoch [ 210/2000] LR: 0.000219 | Train Loss: 0.000291 (Data: 0.00029, Mono: 0.00000) | Val MSE: 0.000117 (RMSE: 0.0108) 
2026-09-12 16:24:16,703 - INFO - Epoch [ 220/2000] LR: 0.000219 | Train Loss: 0.000290 (Data: 0.00029, Mono: 0.00000) | Val MSE: 0.000078 (RMSE: 0.0088) [BEST]
2026-09-12 16:24:26,070 - INFO - Epoch [ 230/2000] LR: 0.000218 | Train Loss: 0.000287 (Data: 0.00029, Mono: 0.00000) | Val MSE: 0.000082 (RMSE: 0.0090) 
2026-09-12 16:24:35,277 - INFO - Epoch [ 240/2000] LR: 0.000218 | Train Loss: 0.000274 (Data: 0.00027, Mono: 0.00000) | Val MSE: 0.000088 (RMSE: 0.0094) 
2026-09-12 16:24:44,722 - INFO - Epoch [ 250/2000] LR: 0.000217 | Train Loss: 0.000270 (Data: 0.00027, Mono: 0.00000) | Val MSE: 0.000142 (RMSE: 0.0119) 
2026-09-12 16:24:47,325 - INFO - Epoch [ 253/2000] LR: 0.000217 | Train Loss: 0.000273 (Data: 0.00027, Mono: 0.00000) | Val MSE: 0.000076 (RMSE: 0.0087) [BEST]
2026-09-12 16:24:53,512 - INFO - Epoch [ 260/2000] LR: 0.000216 | Train Loss: 0.000263 (Data: 0.00026, Mono: 0.00000) | Val MSE: 0.000160 (RMSE: 0.0127) 
2026-09-12 16:25:03,048 - INFO - Epoch [ 270/2000] LR: 0.000216 | Train Loss: 0.000278 (Data: 0.00028, Mono: 0.00000) | Val MSE: 0.000104 (RMSE: 0.0102) 
2026-09-12 16:25:13,446 - INFO - Epoch [ 280/2000] LR: 0.000215 | Train Loss: 0.000272 (Data: 0.00027, Mono: 0.00000) | Val MSE: 0.000083 (RMSE: 0.0091) 
2026-09-12 16:25:22,519 - INFO - Epoch [ 290/2000] LR: 0.000215 | Train Loss: 0.000262 (Data: 0.00026, Mono: 0.00000) | Val MSE: 0.000089 (RMSE: 0.0094) 
2026-09-12 16:25:31,535 - INFO - Epoch [ 300/2000] LR: 0.000214 | Train Loss: 0.000253 (Data: 0.00025, Mono: 0.00000) | Val MSE: 0.000088 (RMSE: 0.0094) 
2026-09-12 16:25:40,517 - INFO - Epoch [ 310/2000] LR: 0.000213 | Train Loss: 0.000255 (Data: 0.00025, Mono: 0.00000) | Val MSE: 0.000116 (RMSE: 0.0107) 
2026-09-12 16:25:49,931 - INFO - Epoch [ 320/2000] LR: 0.000213 | Train Loss: 0.000267 (Data: 0.00027, Mono: 0.00000) | Val MSE: 0.000189 (RMSE: 0.0138) 
2026-09-12 16:25:52,714 - INFO - Epoch [ 323/2000] LR: 0.000212 | Train Loss: 0.000252 (Data: 0.00025, Mono: 0.00000) | Val MSE: 0.000076 (RMSE: 0.0087) [BEST]
2026-09-12 16:26:00,269 - INFO - Epoch [ 330/2000] LR: 0.000212 | Train Loss: 0.000254 (Data: 0.00025, Mono: 0.00000) | Val MSE: 0.000078 (RMSE: 0.0088) 
2026-09-12 16:26:01,442 - INFO - Epoch [ 331/2000] LR: 0.000212 | Train Loss: 0.000255 (Data: 0.00025, Mono: 0.00000) | Val MSE: 0.000076 (RMSE: 0.0087) [BEST]
2026-09-12 16:26:09,399 - INFO - Epoch [ 340/2000] LR: 0.000211 | Train Loss: 0.000252 (Data: 0.00025, Mono: 0.00000) | Val MSE: 0.000081 (RMSE: 0.0090) 
2026-09-12 16:26:18,415 - INFO - Epoch [ 350/2000] LR: 0.000210 | Train Loss: 0.000259 (Data: 0.00026, Mono: 0.00000) | Val MSE: 0.000124 (RMSE: 0.0111) 
2026-09-12 16:26:27,652 - INFO - Epoch [ 360/2000] LR: 0.000209 | Train Loss: 0.000252 (Data: 0.00025, Mono: 0.00000) | Val MSE: 0.000107 (RMSE: 0.0104) 
2026-09-12 16:26:36,803 - INFO - Epoch [ 370/2000] LR: 0.000209 | Train Loss: 0.000240 (Data: 0.00024, Mono: 0.00000) | Val MSE: 0.000162 (RMSE: 0.0127) 
2026-09-12 16:26:45,801 - INFO - Epoch [ 380/2000] LR: 0.000208 | Train Loss: 0.000243 (Data: 0.00024, Mono: 0.00000) | Val MSE: 0.000135 (RMSE: 0.0116) 
2026-09-12 16:26:54,929 - INFO - Epoch [ 390/2000] LR: 0.000207 | Train Loss: 0.000250 (Data: 0.00025, Mono: 0.00000) | Val MSE: 0.000105 (RMSE: 0.0102) 
2026-09-12 16:27:03,886 - INFO - Epoch [ 400/2000] LR: 0.000206 | Train Loss: 0.000248 (Data: 0.00025, Mono: 0.00000) | Val MSE: 0.000096 (RMSE: 0.0098) 
2026-09-12 16:27:12,827 - INFO - Epoch [ 410/2000] LR: 0.000205 | Train Loss: 0.000248 (Data: 0.00025, Mono: 0.00000) | Val MSE: 0.000103 (RMSE: 0.0101) 
2026-09-12 16:27:13,702 - INFO - [*] Early stopping triggered at epoch 411. Best epoch was 331 with Val MSE: 0.000076
2026-09-12 16:27:13,702 - INFO - Training completed in 349.47s. Loading best checkpoint from epoch 331 for final test evaluation...
2026-09-12 16:27:13,961 - INFO - ==================================================
2026-09-12 16:27:13,962 - INFO - Test Results for [HUST] - [default] (Best Epoch 331):
2026-09-12 16:27:13,962 - INFO -   Test RMSE: 0.012897
2026-09-12 16:27:13,962 - INFO -   Test MAE:  0.009529
2026-09-12 16:27:13,962 - INFO -   Test MAPE: 0.969437
2026-09-12 16:27:13,962 - INFO -   Test MSE:  0.000166
2026-09-12 16:27:13,963 - INFO - ==================================================
