2026-09-12 16:09:11,046 - INFO - ==================================================
2026-09-12 16:09:11,046 - INFO - Starting DeepOPINN Training for [XJTU] - [Sim_satellite]
2026-09-12 16:09:11,046 - INFO - Device: cuda | Epochs: 2000 | LR: 0.006252 | Alpha (PDE): 0.11809 | Beta (Mono): 0.01596
2026-09-12 16:09:11,046 - INFO - ==================================================
2026-09-12 16:09:11,145 - INFO - Data Splits: Train=5, Val=1, Test=2
2026-09-12 16:09:11,281 - INFO - Epoch [   1/2000] LR: 0.006268 | Train Loss: 0.372532 (Data: 0.36643, PDE*kpd: 0.05170, Mono: 0.00004) | Val MSE: 0.064300 (RMSE: 0.2536) [BEST]
2026-09-12 16:09:11,355 - INFO - Epoch [   2/2000] LR: 0.006267 | Train Loss: 0.103841 (Data: 0.10378, PDE*kpd: 0.00050, Mono: 0.00003) | Val MSE: 0.044136 (RMSE: 0.2101) [BEST]
2026-09-12 16:09:11,436 - INFO - Epoch [   3/2000] LR: 0.006267 | Train Loss: 0.038540 (Data: 0.03849, PDE*kpd: 0.00041, Mono: 0.00003) | Val MSE: 0.006701 (RMSE: 0.0819) [BEST]
2026-09-12 16:09:11,510 - INFO - Epoch [   4/2000] LR: 0.006266 | Train Loss: 0.010667 (Data: 0.01063, PDE*kpd: 0.00027, Mono: 0.00002) | Val MSE: 0.005925 (RMSE: 0.0770) [BEST]
2026-09-12 16:09:11,590 - INFO - Epoch [   5/2000] LR: 0.006266 | Train Loss: 0.006884 (Data: 0.00687, PDE*kpd: 0.00015, Mono: 0.00002) | Val MSE: 0.000427 (RMSE: 0.0207) [BEST]
2026-09-12 16:09:11,811 - INFO - Epoch [   8/2000] LR: 0.006264 | Train Loss: 0.003858 (Data: 0.00385, PDE*kpd: 0.00005, Mono: 0.00001) | Val MSE: 0.000399 (RMSE: 0.0200) [BEST]
2026-09-12 16:09:11,912 - INFO - Epoch [  10/2000] LR: 0.006263 | Train Loss: 0.003000 (Data: 0.00300, PDE*kpd: 0.00003, Mono: 0.00001) | Val MSE: 0.000747 (RMSE: 0.0273) 
2026-09-12 16:09:11,972 - INFO - Epoch [  11/2000] LR: 0.006262 | Train Loss: 0.002811 (Data: 0.00281, PDE*kpd: 0.00002, Mono: 0.00001) | Val MSE: 0.000347 (RMSE: 0.0186) [BEST]
2026-09-12 16:09:12,031 - INFO - Epoch [  12/2000] LR: 0.006262 | Train Loss: 0.002402 (Data: 0.00240, PDE*kpd: 0.00002, Mono: 0.00001) | Val MSE: 0.000275 (RMSE: 0.0166) [BEST]
2026-09-12 16:09:12,133 - INFO - Epoch [  14/2000] LR: 0.006261 | Train Loss: 0.002145 (Data: 0.00214, PDE*kpd: 0.00001, Mono: 0.00001) | Val MSE: 0.000271 (RMSE: 0.0165) [BEST]
2026-09-12 16:09:12,190 - INFO - Epoch [  15/2000] LR: 0.006260 | Train Loss: 0.002050 (Data: 0.00205, PDE*kpd: 0.00001, Mono: 0.00001) | Val MSE: 0.000217 (RMSE: 0.0147) [BEST]
2026-09-12 16:09:12,358 - INFO - Epoch [  18/2000] LR: 0.006259 | Train Loss: 0.001817 (Data: 0.00182, PDE*kpd: 0.00001, Mono: 0.00001) | Val MSE: 0.000213 (RMSE: 0.0146) [BEST]
2026-09-12 16:09:12,478 - INFO - Epoch [  20/2000] LR: 0.006257 | Train Loss: 0.001589 (Data: 0.00159, PDE*kpd: 0.00000, Mono: 0.00001) | Val MSE: 0.000205 (RMSE: 0.0143) [BEST]
2026-09-12 16:09:12,532 - INFO - Epoch [  21/2000] LR: 0.006257 | Train Loss: 0.001565 (Data: 0.00156, PDE*kpd: 0.00000, Mono: 0.00001) | Val MSE: 0.000204 (RMSE: 0.0143) [BEST]
2026-09-12 16:09:12,681 - INFO - Epoch [  24/2000] LR: 0.006255 | Train Loss: 0.001378 (Data: 0.00138, PDE*kpd: 0.00000, Mono: 0.00001) | Val MSE: 0.000198 (RMSE: 0.0141) [BEST]
2026-09-12 16:09:12,790 - INFO - Epoch [  26/2000] LR: 0.006254 | Train Loss: 0.001253 (Data: 0.00125, PDE*kpd: 0.00000, Mono: 0.00001) | Val MSE: 0.000190 (RMSE: 0.0138) [BEST]
2026-09-12 16:09:13,017 - INFO - Epoch [  30/2000] LR: 0.006252 | Train Loss: 0.001114 (Data: 0.00111, PDE*kpd: 0.00000, Mono: 0.00001) | Val MSE: 0.000291 (RMSE: 0.0171) 
2026-09-12 16:09:13,071 - INFO - Epoch [  31/2000] LR: 0.006252 | Train Loss: 0.001201 (Data: 0.00120, PDE*kpd: 0.00000, Mono: 0.00001) | Val MSE: 0.000179 (RMSE: 0.0134) [BEST]
2026-09-12 16:09:13,290 - INFO - Epoch [  35/2000] LR: 0.006252 | Train Loss: 0.000992 (Data: 0.00099, PDE*kpd: 0.00000, Mono: 0.00001) | Val MSE: 0.000174 (RMSE: 0.0132) [BEST]
2026-09-12 16:09:13,409 - INFO - Epoch [  37/2000] LR: 0.006252 | Train Loss: 0.000915 (Data: 0.00091, PDE*kpd: 0.00000, Mono: 0.00001) | Val MSE: 0.000173 (RMSE: 0.0131) [BEST]
2026-09-12 16:09:13,583 - INFO - Epoch [  40/2000] LR: 0.006252 | Train Loss: 0.000847 (Data: 0.00085, PDE*kpd: 0.00000, Mono: 0.00001) | Val MSE: 0.000132 (RMSE: 0.0115) [BEST]
2026-09-12 16:09:14,139 - INFO - Epoch [  49/2000] LR: 0.006251 | Train Loss: 0.000837 (Data: 0.00084, PDE*kpd: 0.00000, Mono: 0.00001) | Val MSE: 0.000119 (RMSE: 0.0109) [BEST]
2026-09-12 16:09:14,198 - INFO - Epoch [  50/2000] LR: 0.006251 | Train Loss: 0.000715 (Data: 0.00072, PDE*kpd: 0.00000, Mono: 0.00001) | Val MSE: 0.000164 (RMSE: 0.0128) 
2026-09-12 16:09:14,507 - INFO - Epoch [  55/2000] LR: 0.006250 | Train Loss: 0.000574 (Data: 0.00057, PDE*kpd: 0.00000, Mono: 0.00001) | Val MSE: 0.000113 (RMSE: 0.0106) [BEST]
2026-09-12 16:09:14,612 - INFO - Epoch [  57/2000] LR: 0.006249 | Train Loss: 0.000572 (Data: 0.00057, PDE*kpd: 0.00000, Mono: 0.00001) | Val MSE: 0.000103 (RMSE: 0.0101) [BEST]
2026-09-12 16:09:14,802 - INFO - Epoch [  60/2000] LR: 0.006249 | Train Loss: 0.000463 (Data: 0.00046, PDE*kpd: 0.00000, Mono: 0.00000) | Val MSE: 0.000104 (RMSE: 0.0102) 
2026-09-12 16:09:14,952 - INFO - Epoch [  63/2000] LR: 0.006248 | Train Loss: 0.000439 (Data: 0.00044, PDE*kpd: 0.00000, Mono: 0.00000) | Val MSE: 0.000096 (RMSE: 0.0098) [BEST]
2026-09-12 16:09:15,183 - INFO - Epoch [  67/2000] LR: 0.006247 | Train Loss: 0.000380 (Data: 0.00038, PDE*kpd: 0.00000, Mono: 0.00000) | Val MSE: 0.000094 (RMSE: 0.0097) [BEST]
2026-09-12 16:09:15,299 - INFO - Epoch [  69/2000] LR: 0.006246 | Train Loss: 0.000447 (Data: 0.00045, PDE*kpd: 0.00000, Mono: 0.00000) | Val MSE: 0.000086 (RMSE: 0.0093) [BEST]
2026-09-12 16:09:15,357 - INFO - Epoch [  70/2000] LR: 0.006246 | Train Loss: 0.000363 (Data: 0.00036, PDE*kpd: 0.00000, Mono: 0.00000) | Val MSE: 0.000122 (RMSE: 0.0110) 
2026-09-12 16:09:15,592 - INFO - Epoch [  74/2000] LR: 0.006244 | Train Loss: 0.000429 (Data: 0.00043, PDE*kpd: 0.00000, Mono: 0.00000) | Val MSE: 0.000084 (RMSE: 0.0092) [BEST]
2026-09-12 16:09:15,713 - INFO - Epoch [  75/2000] LR: 0.006244 | Train Loss: 0.000357 (Data: 0.00036, PDE*kpd: 0.00000, Mono: 0.00000) | Val MSE: 0.000079 (RMSE: 0.0089) [BEST]
2026-09-12 16:09:15,958 - INFO - Epoch [  79/2000] LR: 0.006243 | Train Loss: 0.000326 (Data: 0.00033, PDE*kpd: 0.00000, Mono: 0.00000) | Val MSE: 0.000077 (RMSE: 0.0088) [BEST]
2026-09-12 16:09:16,014 - INFO - Epoch [  80/2000] LR: 0.006242 | Train Loss: 0.000311 (Data: 0.00031, PDE*kpd: 0.00000, Mono: 0.00000) | Val MSE: 0.000095 (RMSE: 0.0098) 
2026-09-12 16:09:16,117 - INFO - Epoch [  82/2000] LR: 0.006241 | Train Loss: 0.000304 (Data: 0.00030, PDE*kpd: 0.00000, Mono: 0.00000) | Val MSE: 0.000069 (RMSE: 0.0083) [BEST]
2026-09-12 16:09:16,526 - INFO - Epoch [  90/2000] LR: 0.006238 | Train Loss: 0.000306 (Data: 0.00031, PDE*kpd: 0.00000, Mono: 0.00000) | Val MSE: 0.000080 (RMSE: 0.0090) 
2026-09-12 16:09:16,873 - INFO - Epoch [  97/2000] LR: 0.006234 | Train Loss: 0.000296 (Data: 0.00030, PDE*kpd: 0.00000, Mono: 0.00000) | Val MSE: 0.000067 (RMSE: 0.0082) [BEST]
2026-09-12 16:09:17,018 - INFO - Epoch [ 100/2000] LR: 0.006233 | Train Loss: 0.000293 (Data: 0.00029, PDE*kpd: 0.00000, Mono: 0.00000) | Val MSE: 0.000143 (RMSE: 0.0119) 
2026-09-12 16:09:17,502 - INFO - Epoch [ 110/2000] LR: 0.006227 | Train Loss: 0.000283 (Data: 0.00028, PDE*kpd: 0.00000, Mono: 0.00000) | Val MSE: 0.000144 (RMSE: 0.0120) 
2026-09-12 16:09:17,809 - INFO - Epoch [ 116/2000] LR: 0.006223 | Train Loss: 0.000242 (Data: 0.00024, PDE*kpd: 0.00000, Mono: 0.00000) | Val MSE: 0.000065 (RMSE: 0.0080) [BEST]
2026-09-12 16:09:17,976 - INFO - Epoch [ 119/2000] LR: 0.006221 | Train Loss: 0.000223 (Data: 0.00022, PDE*kpd: 0.00000, Mono: 0.00000) | Val MSE: 0.000063 (RMSE: 0.0079) [BEST]
2026-09-12 16:09:18,036 - INFO - Epoch [ 120/2000] LR: 0.006220 | Train Loss: 0.000284 (Data: 0.00028, PDE*kpd: 0.00000, Mono: 0.00000) | Val MSE: 0.000111 (RMSE: 0.0105) 
2026-09-12 16:09:18,610 - INFO - Epoch [ 130/2000] LR: 0.006212 | Train Loss: 0.000304 (Data: 0.00030, PDE*kpd: 0.00000, Mono: 0.00000) | Val MSE: 0.000229 (RMSE: 0.0151) 
2026-09-12 16:09:19,161 - INFO - Epoch [ 140/2000] LR: 0.006204 | Train Loss: 0.000231 (Data: 0.00023, PDE*kpd: 0.00000, Mono: 0.00000) | Val MSE: 0.000072 (RMSE: 0.0085) 
2026-09-12 16:09:19,713 - INFO - Epoch [ 150/2000] LR: 0.006195 | Train Loss: 0.000187 (Data: 0.00019, PDE*kpd: 0.00000, Mono: 0.00000) | Val MSE: 0.000077 (RMSE: 0.0087) 
2026-09-12 16:09:20,231 - INFO - Epoch [ 160/2000] LR: 0.006185 | Train Loss: 0.000274 (Data: 0.00027, PDE*kpd: 0.00000, Mono: 0.00000) | Val MSE: 0.000225 (RMSE: 0.0150) 
2026-09-12 16:09:20,821 - INFO - Epoch [ 170/2000] LR: 0.006175 | Train Loss: 0.000151 (Data: 0.00015, PDE*kpd: 0.00000, Mono: 0.00000) | Val MSE: 0.000097 (RMSE: 0.0098) 
2026-09-12 16:09:21,320 - INFO - Epoch [ 180/2000] LR: 0.006163 | Train Loss: 0.000131 (Data: 0.00013, PDE*kpd: 0.00000, Mono: 0.00000) | Val MSE: 0.000122 (RMSE: 0.0111) 
2026-09-12 16:09:21,862 - INFO - Epoch [ 190/2000] LR: 0.006151 | Train Loss: 0.000134 (Data: 0.00013, PDE*kpd: 0.00000, Mono: 0.00000) | Val MSE: 0.000264 (RMSE: 0.0162) 
2026-09-12 16:09:22,313 - INFO - Epoch [ 199/2000] LR: 0.006139 | Train Loss: 0.000137 (Data: 0.00014, PDE*kpd: 0.00000, Mono: 0.00000) | Val MSE: 0.000061 (RMSE: 0.0078) [BEST]
2026-09-12 16:09:22,364 - INFO - Epoch [ 200/2000] LR: 0.006138 | Train Loss: 0.000149 (Data: 0.00015, PDE*kpd: 0.00000, Mono: 0.00000) | Val MSE: 0.000140 (RMSE: 0.0118) 
2026-09-12 16:09:22,604 - INFO - Epoch [ 204/2000] LR: 0.006133 | Train Loss: 0.000118 (Data: 0.00012, PDE*kpd: 0.00000, Mono: 0.00000) | Val MSE: 0.000055 (RMSE: 0.0074) [BEST]
2026-09-12 16:09:22,905 - INFO - Epoch [ 210/2000] LR: 0.006124 | Train Loss: 0.000118 (Data: 0.00012, PDE*kpd: 0.00000, Mono: 0.00000) | Val MSE: 0.000148 (RMSE: 0.0122) 
2026-09-12 16:09:23,410 - INFO - Epoch [ 220/2000] LR: 0.006110 | Train Loss: 0.000119 (Data: 0.00012, PDE*kpd: 0.00000, Mono: 0.00000) | Val MSE: 0.000096 (RMSE: 0.0098) 
2026-09-12 16:09:23,915 - INFO - Epoch [ 230/2000] LR: 0.006094 | Train Loss: 0.000163 (Data: 0.00016, PDE*kpd: 0.00000, Mono: 0.00000) | Val MSE: 0.000109 (RMSE: 0.0104) 
2026-09-12 16:09:24,420 - INFO - Epoch [ 240/2000] LR: 0.006078 | Train Loss: 0.000105 (Data: 0.00010, PDE*kpd: 0.00000, Mono: 0.00000) | Val MSE: 0.000123 (RMSE: 0.0111) 
2026-09-12 16:09:24,933 - INFO - Epoch [ 250/2000] LR: 0.006062 | Train Loss: 0.000097 (Data: 0.00010, PDE*kpd: 0.00000, Mono: 0.00000) | Val MSE: 0.000165 (RMSE: 0.0128) 
2026-09-12 16:09:25,389 - INFO - Epoch [ 260/2000] LR: 0.006044 | Train Loss: 0.000138 (Data: 0.00014, PDE*kpd: 0.00000, Mono: 0.00000) | Val MSE: 0.000117 (RMSE: 0.0108) 
2026-09-12 16:09:25,905 - INFO - Epoch [ 270/2000] LR: 0.006026 | Train Loss: 0.000099 (Data: 0.00010, PDE*kpd: 0.00000, Mono: 0.00000) | Val MSE: 0.000212 (RMSE: 0.0145) 
2026-09-12 16:09:26,416 - INFO - Epoch [ 280/2000] LR: 0.006007 | Train Loss: 0.000107 (Data: 0.00011, PDE*kpd: 0.00000, Mono: 0.00000) | Val MSE: 0.000231 (RMSE: 0.0152) 
2026-09-12 16:09:26,676 - INFO - [*] Early stopping triggered at epoch 284. Best epoch was 204 with Val MSE: 0.000055
2026-09-12 16:09:26,677 - INFO - Training completed in 15.53s. Loading best checkpoint from epoch 204 for final test evaluation...
2026-09-12 16:09:26,707 - INFO - ==================================================
2026-09-12 16:09:26,707 - INFO - Test Results for [XJTU] - [Sim_satellite] (Best Epoch 204):
2026-09-12 16:09:26,707 - INFO -   Test RMSE: 0.016646
2026-09-12 16:09:26,707 - INFO -   Test MAE:  0.013154
2026-09-12 16:09:26,707 - INFO -   Test MAPE: 1.396565
2026-09-12 16:09:26,707 - INFO -   Test MSE:  0.000277
2026-09-12 16:09:26,707 - INFO - ==================================================
